Archive member included to satisfy reference by file (symbol)

d:/mounriver/mounriver_studio2/resources/app/resources/win32/components/wch/toolchain/risc-v embedded gcc/bin/../lib/gcc/riscv-none-embed/8.2.0/../../../../riscv-none-embed/lib/rv32imacxw/ilp32\libm.a(lib_a-w_atan2.o)
                              ./Hardware/Src/MPU6050.o (atan2)
d:/mounriver/mounriver_studio2/resources/app/resources/win32/components/wch/toolchain/risc-v embedded gcc/bin/../lib/gcc/riscv-none-embed/8.2.0/../../../../riscv-none-embed/lib/rv32imacxw/ilp32\libm.a(lib_a-e_atan2.o)
                              d:/mounriver/mounriver_studio2/resources/app/resources/win32/components/wch/toolchain/risc-v embedded gcc/bin/../lib/gcc/riscv-none-embed/8.2.0/../../../../riscv-none-embed/lib/rv32imacxw/ilp32\libm.a(lib_a-w_atan2.o) (__ieee754_atan2)
d:/mounriver/mounriver_studio2/resources/app/resources/win32/components/wch/toolchain/risc-v embedded gcc/bin/../lib/gcc/riscv-none-embed/8.2.0/../../../../riscv-none-embed/lib/rv32imacxw/ilp32\libm.a(lib_a-s_atan.o)
                              d:/mounriver/mounriver_studio2/resources/app/resources/win32/components/wch/toolchain/risc-v embedded gcc/bin/../lib/gcc/riscv-none-embed/8.2.0/../../../../riscv-none-embed/lib/rv32imacxw/ilp32\libm.a(lib_a-e_atan2.o) (atan)
d:/mounriver/mounriver_studio2/resources/app/resources/win32/components/wch/toolchain/risc-v embedded gcc/bin/../lib/gcc/riscv-none-embed/8.2.0/../../../../riscv-none-embed/lib/rv32imacxw/ilp32\libm.a(lib_a-s_fabs.o)
                              d:/mounriver/mounriver_studio2/resources/app/resources/win32/components/wch/toolchain/risc-v embedded gcc/bin/../lib/gcc/riscv-none-embed/8.2.0/../../../../riscv-none-embed/lib/rv32imacxw/ilp32\libm.a(lib_a-e_atan2.o) (fabs)
d:/mounriver/mounriver_studio2/resources/app/resources/win32/components/wch/toolchain/risc-v embedded gcc/bin/../lib/gcc/riscv-none-embed/8.2.0/../../../../riscv-none-embed/lib/rv32imacxw/ilp32\libprintfloat.a(printfloat.o)
                              ./User/main.o (printf)
d:/mounriver/mounriver_studio2/resources/app/resources/win32/components/wch/toolchain/risc-v embedded gcc/bin/../lib/gcc/riscv-none-embed/8.2.0/rv32imacxw/ilp32\libgcc.a(_udivdi3.o)
                              d:/mounriver/mounriver_studio2/resources/app/resources/win32/components/wch/toolchain/risc-v embedded gcc/bin/../lib/gcc/riscv-none-embed/8.2.0/../../../../riscv-none-embed/lib/rv32imacxw/ilp32\libprintfloat.a(printfloat.o) (__udivdi3)
d:/mounriver/mounriver_studio2/resources/app/resources/win32/components/wch/toolchain/risc-v embedded gcc/bin/../lib/gcc/riscv-none-embed/8.2.0/rv32imacxw/ilp32\libgcc.a(_umoddi3.o)
                              d:/mounriver/mounriver_studio2/resources/app/resources/win32/components/wch/toolchain/risc-v embedded gcc/bin/../lib/gcc/riscv-none-embed/8.2.0/../../../../riscv-none-embed/lib/rv32imacxw/ilp32\libprintfloat.a(printfloat.o) (__umoddi3)
d:/mounriver/mounriver_studio2/resources/app/resources/win32/components/wch/toolchain/risc-v embedded gcc/bin/../lib/gcc/riscv-none-embed/8.2.0/rv32imacxw/ilp32\libgcc.a(adddf3.o)
                              d:/mounriver/mounriver_studio2/resources/app/resources/win32/components/wch/toolchain/risc-v embedded gcc/bin/../lib/gcc/riscv-none-embed/8.2.0/../../../../riscv-none-embed/lib/rv32imacxw/ilp32\libm.a(lib_a-e_atan2.o) (__adddf3)
d:/mounriver/mounriver_studio2/resources/app/resources/win32/components/wch/toolchain/risc-v embedded gcc/bin/../lib/gcc/riscv-none-embed/8.2.0/rv32imacxw/ilp32\libgcc.a(divdf3.o)
                              ./Hardware/Src/MPU6050.o (__divdf3)
d:/mounriver/mounriver_studio2/resources/app/resources/win32/components/wch/toolchain/risc-v embedded gcc/bin/../lib/gcc/riscv-none-embed/8.2.0/rv32imacxw/ilp32\libgcc.a(gedf2.o)
                              d:/mounriver/mounriver_studio2/resources/app/resources/win32/components/wch/toolchain/risc-v embedded gcc/bin/../lib/gcc/riscv-none-embed/8.2.0/../../../../riscv-none-embed/lib/rv32imacxw/ilp32\libm.a(lib_a-s_atan.o) (__gtdf2)
d:/mounriver/mounriver_studio2/resources/app/resources/win32/components/wch/toolchain/risc-v embedded gcc/bin/../lib/gcc/riscv-none-embed/8.2.0/rv32imacxw/ilp32\libgcc.a(ledf2.o)
                              d:/mounriver/mounriver_studio2/resources/app/resources/win32/components/wch/toolchain/risc-v embedded gcc/bin/../lib/gcc/riscv-none-embed/8.2.0/../../../../riscv-none-embed/lib/rv32imacxw/ilp32\libprintfloat.a(printfloat.o) (__ltdf2)
d:/mounriver/mounriver_studio2/resources/app/resources/win32/components/wch/toolchain/risc-v embedded gcc/bin/../lib/gcc/riscv-none-embed/8.2.0/rv32imacxw/ilp32\libgcc.a(muldf3.o)
                              ./Hardware/Src/MPU6050.o (__muldf3)
d:/mounriver/mounriver_studio2/resources/app/resources/win32/components/wch/toolchain/risc-v embedded gcc/bin/../lib/gcc/riscv-none-embed/8.2.0/rv32imacxw/ilp32\libgcc.a(subdf3.o)
[...]
Memory Configuration

Name             Origin             Length             Attributes
FLASH            0x0000000000000000 0x0000000000048000 xr
RAM              0x0000000020000000 0x0000000000008000 xrw
*default*        0x0000000000000000 0xffffffffffffffff

Linker script and memory map

LOAD ./User/ch32v30x_it.o
LOAD ./User/main.o
LOAD ./User/system_ch32v30x.o
LOAD ./Startup/startup_ch32v30x_D8C.o
LOAD ./Peripheral/src/ch32v30x_adc.o
LOAD ./Peripheral/src/ch32v30x_bkp.o
LOAD ./Peripheral/src/ch32v30x_can.o
LOAD ./Peripheral/src/ch32v30x_crc.o
LOAD ./Peripheral/src/ch32v30x_dac.o
LOAD ./Peripheral/src/ch32v30x_dbgmcu.o
LOAD ./Peripheral/src/ch32v30x_dma.o
LOAD ./Peripheral/src/ch32v30x_dvp.o
LOAD ./Peripheral/src/ch32v30x_eth.o
LOAD ./Peripheral/src/ch32v30x_exti.o
LOAD ./Peripheral/src/ch32v30x_flash.o
LOAD ./Peripheral/src/ch32v30x_fsmc.o
LOAD ./Peripheral/src/ch32v30x_gpio.o
LOAD ./Peripheral/src/ch32v30x_i2c.o
LOAD ./Peripheral/src/ch32v30x_iwdg.o
LOAD ./Peripheral/src/ch32v30x_misc.o
LOAD ./Peripheral/src/ch32v30x_opa.o
LOAD ./Peripheral/src/ch32v30x_pwr.o
LOAD ./Peripheral/src/ch32v30x_rcc.o
LOAD ./Peripheral/src/ch32v30x_rng.o
LOAD ./Peripheral/src/ch32v30x_rtc.o
LOAD ./Peripheral/src/ch32v30x_sdio.o
LOAD ./Peripheral/src/ch32v30x_spi.o
LOAD ./Peripheral/src/ch32v30x_tim.o
LOAD ./Peripheral/src/ch32v30x_usart.o
LOAD ./Peripheral/src/ch32v30x_wwdg.o
LOAD ./Hardware/Src/MPU6050.o
LOAD ./Hardware/Src/PWM.o
LOAD ./Hardware/Src/Varibles.o
LOAD ./Debug/debug.o
LOAD ./Core/core_riscv.o
LOAD d:/mounriver/mounriver_studio2/resources/app/resources/win32/components/wch/toolchain/risc-v embedded gcc/bin/../lib/gcc/riscv-none-embed/8.2.0/../../../../riscv-none-embed/lib/rv32imacxw/ilp32\libm.a
LOAD d:/mounriver/mounriver_studio2/resources/app/resources/win32/components/wch/toolchain/risc-v embedded gcc/bin/../lib/gcc/riscv-none-embed/8.2.0/../../../../riscv-none-embed/lib/rv32imacxw/ilp32\libprintfloat.a
LOAD d:/mounriver/mounriver_studio2/resources/app/resources/win32/components/wch/toolchain/risc-v embedded gcc/bin/../lib/gcc/riscv-none-embed/8.2.0/rv32imacxw/ilp32\libgcc.a
LOAD d:/mounriver/mounriver_studio2/resources/app/resources/win32/components/wch/toolchain/risc-v embedded gcc/bin/../lib/gcc/riscv-none-embed/8.2.0/../../../../riscv-none-embed/lib/rv32imacxw/ilp32\libg_nano.a
LOAD d:/mounriver/mounriver_studio2/resources/app/resources/win32/components/wch/toolchain/risc-v embedded gcc/bin/../lib/gcc/riscv-none-embed/8.2.0/../../../../riscv-none-embed/lib/rv32imacxw/ilp32\libc_nano.a
LOAD d:/mounriver/mounriver_studio2/resources/app/resources/win32/components/wch/toolchain/risc-v embedded gcc/bin/../lib/gcc/riscv-none-embed/8.2.0/rv32imacxw/ilp32\libgcc.a
START GROUP
LOAD d:/mounriver/mounriver_studio2/resources/app/resources/win32/components/wch/toolchain/risc-v embedded gcc/bin/../lib/gcc/riscv-none-embed/8.2.0/rv32imacxw/ilp32\libgcc.a
LOAD d:/mounriver/mounriver_studio2/resources/app/resources/win32/components/wch/toolchain/risc-v embedded gcc/bin/../lib/gcc/riscv-none-embed/8.2.0/../../../../riscv-none-embed/lib/rv32imacxw/ilp32\libc_nano.a
LOAD d:/mounriver/mounriver_studio2/resources/app/resources/win32/components/wch/toolchain/risc-v embedded gcc/bin/../lib/gcc/riscv-none-embed/8.2.0/../../../../riscv-none-embed/lib/rv32imacxw/ilp32\libnosys.a
END GROUP
START GROUP
LOAD d:/mounriver/mounriver_studio2/resources/app/resources/win32/components/wch/toolchain/risc-v embedded gcc/bin/../lib/gcc/riscv-none-embed/8.2.0/rv32imacxw/ilp32\libgcc.a
LOAD d:/mounriver/mounriver_studio2/resources/app/resources/win32/components/wch/toolchain/risc-v embedded gcc/bin/../lib/gcc/riscv-none-embed/8.2.0/../../../../riscv-none-embed/lib/rv32imacxw/ilp32\libc_nano.a
LOAD d:/mounriver/mounriver_studio2/resources/app/resources/win32/components/wch/toolchain/risc-v embedded gcc/bin/../lib/gcc/riscv-none-embed/8.2.0/../../../../riscv-none-embed/lib/rv32imacxw/ilp32\libnosys.a
END GROUP
                0x0000000000000800                __stack_size = 0x800
                [!provide]                        PROVIDE (_stack_size = __stack_size)

.init           0x0000000000000000        0x4
                0x0000000000000000                _sinit = .
                0x0000000000000000                . = ALIGN (0x4)
 *(SORT_NONE(.init))
 .init          0x0000000000000000        0x4 ./Startup/startup_ch32v30x_D8C.o
                0x0000000000000000                _start
                0x0000000000000004                . = ALIGN (0x4)
                0x0000000000000004                _einit = .

.vector         0x0000000000000004      0x1bc
 *(.vector)
 .vector        0x0000000000000004      0x1a0 ./Startup/startup_ch32v30x_D8C.o
                0x00000000000001c0                . = ALIGN (0x40)
 *fill*         0x00000000000001a4       0x1c 

.text           0x00000000000001c0     0x4ed0
                0x00000000000001c0                . = ALIGN (0x4)
 *(.text)
 .text          0x00000000000001c0       0x60 d:/mounriver/mounriver_studio2/resources/app/resources/win32/components/wch/toolchain/risc-v embedded gcc/bin/../lib/gcc/riscv-none-embed/8.2.0/rv32imacxw/ilp32\libgcc.a(save-restore.o)
                0x00000000000001c0                __riscv_save_12
                0x00000000000001c8                __riscv_save_9
                0x00000000000001c8                __riscv_save_11
                0x00000000000001c8                __riscv_save_10
                0x00000000000001c8                __riscv_save_8
                0x00000000000001d6                __riscv_save_4
                0x00000000000001d6                __riscv_save_6
                0x00000000000001d6                __riscv_save_5
                0x00000000000001d6                __riscv_save_7
                0x00000000000001f0                __riscv_save_3
                0x00000000000001f0                __riscv_save_2
                0x00000000000001f0                __riscv_save_1
                0x00000000000001f0                __riscv_save_0
                0x00000000000001fc                __riscv_restore_12
                0x0000000000000200                __riscv_restore_11
                0x0000000000000200                __riscv_restore_9
                0x0000000000000200                __riscv_restore_10
                0x0000000000000200                __riscv_restore_8
                0x000000000000020a                __riscv_restore_5
                0x000000000000020a                __riscv_restore_7
                0x000000000000020a                __riscv_restore_6
                0x000000000000020a                __riscv_restore_4
                0x0000000000000214                __riscv_restore_3
                0x0000000000000214                __riscv_restore_0
                0x0000000000000214                __riscv_restore_2
                0x0000000000000214                __riscv_restore_1
 *(.text.*)
 .text.NMI_Handler
                0x0000000000000220        0x2 ./User/ch32v30x_it.o
                0x0000000000000220                NMI_Handler
 .text.HardFault_Handler
                0x0000000000000222       0x10 ./User/ch32v30x_it.o
                0x0000000000000222                HardFault_Handler
 .text.startup.main
                0x0000000000000232       0x7a ./User/main.o
                0x0000000000000232                main
 .text.SystemInit
                0x00000000000002ac       0xb2 ./User/system_ch32v30x.o
                0x00000000000002ac                SystemInit
 .text.SystemCoreClockUpdate
                0x000000000000035e      0x12a ./User/system_ch32v30x.o
                0x000000000000035e                SystemCoreClockUpdate
 .text.vector_handler
                0x0000000000000488        0x2 ./Startup/startup_ch32v30x_D8C.o
                0x0000000000000488                EXTI2_IRQHandler
                0x0000000000000488                TIM8_TRG_COM_IRQHandler
                0x0000000000000488                TIM8_CC_IRQHandler
                0x0000000000000488                UART8_IRQHandler
                0x0000000000000488                TIM1_CC_IRQHandler
                0x0000000000000488                TIM6_IRQHandler
                0x0000000000000488                SysTick_Handler
                0x0000000000000488                PVD_IRQHandler
                0x0000000000000488                SDIO_IRQHandler
                0x0000000000000488                TIM9_BRK_IRQHandler
                0x0000000000000488                DMA2_Channel8_IRQHandler
                0x0000000000000488                CAN2_RX1_IRQHandler
                0x0000000000000488                EXTI3_IRQHandler
                0x0000000000000488                USBHS_IRQHandler
                0x0000000000000488                DMA2_Channel9_IRQHandler
                0x0000000000000488                TIM10_CC_IRQHandler
                0x0000000000000488                USBFS_IRQHandler
                0x0000000000000488                EXTI0_IRQHandler
                0x0000000000000488                I2C2_EV_IRQHandler
                0x0000000000000488                TIM10_TRG_COM_IRQHandler
                0x0000000000000488                CAN2_SCE_IRQHandler
                0x0000000000000488                ADC1_2_IRQHandler
                0x0000000000000488                Break_Point_Handler
                0x0000000000000488                SPI1_IRQHandler
                0x0000000000000488                TAMPER_IRQHandler
                0x0000000000000488                CAN2_RX0_IRQHandler
                0x0000000000000488                TIM8_UP_IRQHandler
                0x0000000000000488                Ecall_M_Mode_Handler
                0x0000000000000488                DMA2_Channel2_IRQHandler
                0x0000000000000488                DMA1_Channel4_IRQHandler
                0x0000000000000488                TIM9_UP_IRQHandler
                0x0000000000000488                USART3_IRQHandler
                0x0000000000000488                RTC_IRQHandler
                0x0000000000000488                DMA1_Channel7_IRQHandler
                0x0000000000000488                CAN1_RX1_IRQHandler
                0x0000000000000488                DVP_IRQHandler
                0x0000000000000488                UART5_IRQHandler
                0x0000000000000488                TIM4_IRQHandler
                0x0000000000000488                DMA2_Channel1_IRQHandler
                0x0000000000000488                I2C1_EV_IRQHandler
                0x0000000000000488                DMA1_Channel6_IRQHandler
                0x0000000000000488                UART4_IRQHandler
                0x0000000000000488                DMA2_Channel4_IRQHandler
                0x0000000000000488                TIM3_IRQHandler
                0x0000000000000488                RCC_IRQHandler
                0x0000000000000488                TIM1_TRG_COM_IRQHandler
                0x0000000000000488                DMA1_Channel1_IRQHandler
                0x0000000000000488                DMA2_Channel7_IRQHandler
                0x0000000000000488                EXTI15_10_IRQHandler
                0x0000000000000488                TIM7_IRQHandler
                0x0000000000000488                CAN2_TX_IRQHandler
                0x0000000000000488                TIM5_IRQHandler
                0x0000000000000488                EXTI9_5_IRQHandler
                0x0000000000000488                ETH_WKUP_IRQHandler
                0x0000000000000488                SPI2_IRQHandler
                0x0000000000000488                TIM10_BRK_IRQHandler
                0x0000000000000488                TIM9_CC_IRQHandler
                0x0000000000000488                DMA2_Channel5_IRQHandler
                0x0000000000000488                DMA1_Channel5_IRQHandler
                0x0000000000000488                EXTI4_IRQHandler
                0x0000000000000488                USB_LP_CAN1_RX0_IRQHandler
                0x0000000000000488                RNG_IRQHandler
                0x0000000000000488                USB_HP_CAN1_TX_IRQHandler
                0x0000000000000488                DMA1_Channel3_IRQHandler
                0x0000000000000488                ETH_IRQHandler
                0x0000000000000488                TIM1_UP_IRQHandler
                0x0000000000000488                WWDG_IRQHandler
                0x0000000000000488                USBHSWakeup_IRQHandler
                0x0000000000000488                DMA2_Channel11_IRQHandler
                0x0000000000000488                Ecall_U_Mode_Handler
                0x0000000000000488                DMA2_Channel6_IRQHandler
                0x0000000000000488                TIM2_IRQHandler
                0x0000000000000488                SW_Handler
                0x0000000000000488                TIM1_BRK_IRQHandler
                0x0000000000000488                DMA2_Channel10_IRQHandler
                0x0000000000000488                EXTI1_IRQHandler
                0x0000000000000488                RTCAlarm_IRQHandler
                0x0000000000000488                TIM10_UP_IRQHandler
                0x0000000000000488                TIM9_TRG_COM_IRQHandler
                0x0000000000000488                UART7_IRQHandler
                0x0000000000000488                USART2_IRQHandler
                0x0000000000000488                UART6_IRQHandler
                0x0000000000000488                I2C2_ER_IRQHandler
                0x0000000000000488                DMA1_Channel2_IRQHandler
                0x0000000000000488                TIM8_BRK_IRQHandler
                0x0000000000000488                CAN1_SCE_IRQHandler
                0x0000000000000488                FLASH_IRQHandler
                0x0000000000000488                USART1_IRQHandler
                0x0000000000000488                SPI3_IRQHandler
                0x0000000000000488                I2C1_ER_IRQHandler
                0x0000000000000488                USBWakeUp_IRQHandler
                0x0000000000000488                DMA2_Channel3_IRQHandler
 .text.handle_reset
                0x000000000000048a       0x8a ./Startup/startup_ch32v30x_D8C.o
                0x000000000000048a                handle_reset
 .text.GPIO_Init
                0x0000000000000514       0xc0 ./Peripheral/src/ch32v30x_gpio.o
                0x0000000000000514                GPIO_Init
 .text.GPIO_ReadInputDataBit
                0x00000000000005d4        0xa ./Peripheral/src/ch32v30x_gpio.o
                0x00000000000005d4                GPIO_ReadInputDataBit
 .text.GPIO_SetBits
                0x00000000000005de        0x4 ./Peripheral/src/ch32v30x_gpio.o
                0x00000000000005de                GPIO_SetBits
 .text.GPIO_ResetBits
                0x00000000000005e2        0x4 ./Peripheral/src/ch32v30x_gpio.o
                0x00000000000005e2                GPIO_ResetBits
 .text.GPIO_WriteBit
                0x00000000000005e6        0xa ./Peripheral/src/ch32v30x_gpio.o
                0x00000000000005e6                GPIO_WriteBit
 .text.NVIC_PriorityGroupConfig
                0x00000000000005f0        0x6 ./Peripheral/src/ch32v30x_misc.o
                0x00000000000005f0                NVIC_PriorityGroupConfig
 .text.RCC_GetClocksFreq
                0x00000000000005f6      0x176 ./Peripheral/src/ch32v30x_rcc.o
                0x00000000000005f6                RCC_GetClocksFreq
 .text.RCC_APB2PeriphClockCmd
                0x000000000000076c       0x1e ./Peripheral/src/ch32v30x_rcc.o
                0x000000000000076c                RCC_APB2PeriphClockCmd
 .text.RCC_APB1PeriphClockCmd
                0x000000000000078a       0x1e ./Peripheral/src/ch32v30x_rcc.o
                0x000000000000078a                RCC_APB1PeriphClockCmd
 .text.TIM_TimeBaseInit
                0x00000000000007a8       0xee ./Peripheral/src/ch32v30x_tim.o
                0x00000000000007a8                TIM_TimeBaseInit
 .text.TIM_OC1Init
                0x0000000000000896       0x82 ./Peripheral/src/ch32v30x_tim.o
                0x0000000000000896                TIM_OC1Init
 .text.TIM_OC2Init
                0x0000000000000918       0xae ./Peripheral/src/ch32v30x_tim.o
                0x0000000000000918                TIM_OC2Init
 .text.TIM_OC3Init
                0x00000000000009c6       0xac ./Peripheral/src/ch32v30x_tim.o
                0x00000000000009c6                TIM_OC3Init
 .text.TIM_OC4Init
                0x0000000000000a72       0x88 ./Peripheral/src/ch32v30x_tim.o
                0x0000000000000a72                TIM_OC4Init
 .text.TIM_OCStructInit
                0x0000000000000afa       0x22 ./Peripheral/src/ch32v30x_tim.o
                0x0000000000000afa                TIM_OCStructInit
 .text.TIM_Cmd  0x0000000000000b1c       0x18 ./Peripheral/src/ch32v30x_tim.o
                0x0000000000000b1c                TIM_Cmd
 .text.TIM_ARRPreloadConfig
                0x0000000000000b34       0x1a ./Peripheral/src/ch32v30x_tim.o
                0x0000000000000b34                TIM_ARRPreloadConfig
 .text.TIM_OC1PreloadConfig
                0x0000000000000b4e        0xe ./Peripheral/src/ch32v30x_tim.o
                0x0000000000000b4e                TIM_OC1PreloadConfig
 .text.TIM_OC2PreloadConfig
                0x0000000000000b5c       0x16 ./Peripheral/src/ch32v30x_tim.o
                0x0000000000000b5c                TIM_OC2PreloadConfig
 .text.TIM_OC3PreloadConfig
                0x0000000000000b72        0xe ./Peripheral/src/ch32v30x_tim.o
                0x0000000000000b72                TIM_OC3PreloadConfig
 .text.TIM_OC4PreloadConfig
                0x0000000000000b80       0x16 ./Peripheral/src/ch32v30x_tim.o
                0x0000000000000b80                TIM_OC4PreloadConfig
 .text.TIM_CCxCmd
                0x0000000000000b96       0x20 ./Peripheral/src/ch32v30x_tim.o
                0x0000000000000b96                TIM_CCxCmd
 .text.TIM_SetCompare1
                0x0000000000000bb6        0x4 ./Peripheral/src/ch32v30x_tim.o
                0x0000000000000bb6                TIM_SetCompare1
 .text.TIM_SetCompare2
                0x0000000000000bba        0x4 ./Peripheral/src/ch32v30x_tim.o
                0x0000000000000bba                TIM_SetCompare2
 .text.TIM_SetCompare3
                0x0000000000000bbe        0x4 ./Peripheral/src/ch32v30x_tim.o
                0x0000000000000bbe                TIM_SetCompare3
 .text.TIM_SetCompare4
                0x0000000000000bc2        0x6 ./Peripheral/src/ch32v30x_tim.o
                0x0000000000000bc2                TIM_SetCompare4
 .text.USART_Init
                0x0000000000000bc8       0x9c ./Peripheral/src/ch32v30x_usart.o
                0x0000000000000bc8                USART_Init
 .text.USART_Cmd
                0x0000000000000c64       0x16 ./Peripheral/src/ch32v30x_usart.o
                0x0000000000000c64                USART_Cmd
 .text.USART_SendData
                0x0000000000000c7a        0x8 ./Peripheral/src/ch32v30x_usart.o
                0x0000000000000c7a                USART_SendData
 .text.USART_GetFlagStatus
                0x0000000000000c82        0xa ./Peripheral/src/ch32v30x_usart.o
                0x0000000000000c82                USART_GetFlagStatus
 .text.MyI2C_W_SCL
                0x0000000000000c8c       0x1e ./Hardware/Src/MPU6050.o
                0x0000000000000c8c                MyI2C_W_SCL
 .text.MyI2C_W_SDA
                0x0000000000000caa       0x20 ./Hardware/Src/MPU6050.o
                0x0000000000000caa                MyI2C_W_SDA
 .text.MyI2C_R_SDA
                0x0000000000000cca       0x22 ./Hardware/Src/MPU6050.o
                0x0000000000000cca                MyI2C_R_SDA
 .text.MyI2C_Init
                0x0000000000000cec       0x3c ./Hardware/Src/MPU6050.o
                0x0000000000000cec                MyI2C_Init
 .text.MyI2C_Start
                0x0000000000000d28       0x18 ./Hardware/Src/MPU6050.o
                0x0000000000000d28                MyI2C_Start
 .text.MyI2C_Stop
                0x0000000000000d40       0x14 ./Hardware/Src/MPU6050.o
                0x0000000000000d40                MyI2C_Stop
 .text.MyI2C_SendByte
                0x0000000000000d54       0x2a ./Hardware/Src/MPU6050.o
                0x0000000000000d54                MyI2C_SendByte
 .text.MyI2C_ReceiveByte
                0x0000000000000d7e       0x38 ./Hardware/Src/MPU6050.o
                0x0000000000000d7e                MyI2C_ReceiveByte
 .text.MyI2C_SendAck
                0x0000000000000db6       0x12 ./Hardware/Src/MPU6050.o
                0x0000000000000db6                MyI2C_SendAck
 .text.MyI2C_ReceiveAck
                0x0000000000000dc8       0x1a ./Hardware/Src/MPU6050.o
                0x0000000000000dc8                MyI2C_ReceiveAck
 .text.MPU6050_WriteReg
                0x0000000000000de2       0x2a ./Hardware/Src/MPU6050.o
                0x0000000000000de2                MPU6050_WriteReg
 .text.MPU6050_ReadReg
                0x0000000000000e0c       0x30 ./Hardware/Src/MPU6050.o
                0x0000000000000e0c                MPU6050_ReadReg
 .text.MPU6050_Init
                0x0000000000000e3c       0x32 ./Hardware/Src/MPU6050.o
                0x0000000000000e3c                MPU6050_Init
 .text.MPU6050_GetData
                0x0000000000000e6e       0x9c ./Hardware/Src/MPU6050.o
                0x0000000000000e6e                MPU6050_GetData
 .text.MPU6050_GetRoll
                0x0000000000000f0a       0xe6 ./Hardware/Src/MPU6050.o
                0x0000000000000f0a                MPU6050_GetRoll
 .text.PWM_Init
                0x0000000000000ff0       0xfe ./Hardware/Src/PWM.o
                0x0000000000000ff0                PWM_Init
 .text.PWM_EnableChannel
                0x00000000000010ee      0x168 ./Hardware/Src/PWM.o
                0x00000000000010ee                PWM_EnableChannel
 .text.Delay_Init
                0x0000000000001256       0x2a ./Debug/debug.o
                0x0000000000001256                Delay_Init
 .text.Delay_Us
                0x0000000000001280       0x36 ./Debug/debug.o
                0x0000000000001280                Delay_Us
 .text.USART_Printf_Init
                0x00000000000012b6       0x5a ./Debug/debug.o
                0x00000000000012b6                USART_Printf_Init
 .text._write   0x0000000000001310       0x3e ./Debug/debug.o
                0x0000000000001310                _write
 .text.atan2    0x000000000000134e        0x2 d:/mounriver/mounriver_studio2/resources/app/resources/win32/components/wch/toolchain/risc-v embedded gcc/bin/../lib/gcc/riscv-none-embed/8.2.0/../../../../riscv-none-embed/lib/rv32imacxw/ilp32\libm.a(lib_a-w_atan2.o)
                0x000000000000134e                atan2
 .text.__ieee754_atan2
                0x0000000000001350      0x1de d:/mounriver/mounriver_studio2/resources/app/resources/win32/components/wch/toolchain/risc-v embedded gcc/bin/../lib/gcc/riscv-none-embed/8.2.0/../../../../riscv-none-embed/lib/rv32imacxw/ilp32\libm.a(lib_a-e_atan2.o)
                0x0000000000001350                __ieee754_atan2
 .text.atan     0x000000000000152e      0x33a d:/mounriver/mounriver_studio2/resources/app/resources/win32/components/wch/toolchain/risc-v embedded gcc/bin/../lib/gcc/riscv-none-embed/8.2.0/../../../../riscv-none-embed/lib/rv32imacxw/ilp32\libm.a(lib_a-s_atan.o)
                0x000000000000152e                atan
 .text.fabs     0x0000000000001868        0x6 d:/mounriver/mounriver_studio2/resources/app/resources/win32/components/wch/toolchain/risc-v embedded gcc/bin/../lib/gcc/riscv-none-embed/8.2.0/../../../../riscv-none-embed/lib/rv32imacxw/ilp32\libm.a(lib_a-s_fabs.o)
                0x0000000000001868                fabs
 .text.printchar
                0x000000000000186e       0x4a d:/mounriver/mounriver_studio2/resources/app/resources/win32/components/wch/toolchain/risc-v embedded gcc/bin/../lib/gcc/riscv-none-embed/8.2.0/../../../../riscv-none-embed/lib/rv32imacxw/ilp32\libprintfloat.a(printfloat.o)
                0x000000000000186e                printchar
 .text.prints   0x00000000000018b8       0xd8 d:/mounriver/mounriver_studio2/resources/app/resources/win32/components/wch/toolchain/risc-v embedded gcc/bin/../lib/gcc/riscv-none-embed/8.2.0/../../../../riscv-none-embed/lib/rv32imacxw/ilp32\libprintfloat.a(printfloat.o)
                0x00000000000018b8                prints
 .text.printInt
                0x0000000000001990       0xe6 d:/mounriver/mounriver_studio2/resources/app/resources/win32/components/wch/toolchain/risc-v embedded gcc/bin/../lib/gcc/riscv-none-embed/8.2.0/../../../../riscv-none-embed/lib/rv32imacxw/ilp32\libprintfloat.a(printfloat.o)
                0x0000000000001990                printInt
 .text.printLongLongInt
                0x0000000000001a76      0x11a d:/mounriver/mounriver_studio2/resources/app/resources/win32/components/wch/toolchain/risc-v embedded gcc/bin/../lib/gcc/riscv-none-embed/8.2.0/../../../../riscv-none-embed/lib/rv32imacxw/ilp32\libprintfloat.a(printfloat.o)
                0x0000000000001a76                printLongLongInt
 .text.printDouble
                0x0000000000001b90       0xfc d:/mounriver/mounriver_studio2/resources/app/resources/win32/components/wch/toolchain/risc-v embedded gcc/bin/../lib/gcc/riscv-none-embed/8.2.0/../../../../riscv-none-embed/lib/rv32imacxw/ilp32\libprintfloat.a(printfloat.o)
                0x0000000000001b90                printDouble
 .text.print    0x0000000000001c8c      0x358 d:/mounriver/mounriver_studio2/resources/app/resources/win32/components/wch/toolchain/risc-v embedded gcc/bin/../lib/gcc/riscv-none-embed/8.2.0/../../../../riscv-none-embed/lib/rv32imacxw/ilp32\libprintfloat.a(printfloat.o)
                0x0000000000001c8c                print
 .text.printf   0x0000000000001fe4       0x24 d:/mounriver/mounriver_studio2/resources/app/resources/win32/components/wch/toolchain/risc-v embedded gcc/bin/../lib/gcc/riscv-none-embed/8.2.0/../../../../riscv-none-embed/lib/rv32imacxw/ilp32\libprintfloat.a(printfloat.o)
                0x0000000000001fe4                printf
 .text.__udivdi3
                0x0000000000002008      0x392 d:/mounriver/mounriver_studio2/resources/app/resources/win32/components/wch/toolchain/risc-v embedded gcc/bin/../lib/gcc/riscv-none-embed/8.2.0/rv32imacxw/ilp32\libgcc.a(_udivdi3.o)
                0x0000000000002008                __udivdi3
 .text.__umoddi3
                0x000000000000239a      0x38a d:/mounriver/mounriver_studio2/resources/app/resources/win32/components/wch/toolchain/risc-v embedded gcc/bin/../lib/gcc/riscv-none-embed/8.2.0/rv32imacxw/ilp32\libgcc.a(_umoddi3.o)
                0x000000000000239a                __umoddi3
 .text.__adddf3
                0x0000000000002724      0x730 d:/mounriver/mounriver_studio2/resources/app/resources/win32/components/wch/toolchain/risc-v embedded gcc/bin/../lib/gcc/riscv-none-embed/8.2.0/rv32imacxw/ilp32\libgcc.a(adddf3.o)
                0x0000000000002724                __adddf3
 .text.__divdf3
                0x0000000000002e54      0x5b4 d:/mounriver/mounriver_studio2/resources/app/resources/win32/components/wch/toolchain/risc-v embedded gcc/bin/../lib/gcc/riscv-none-embed/8.2.0/rv32imacxw/ilp32\libgcc.a(divdf3.o)
                0x0000000000002e54                __divdf3
 .text.__gedf2  0x0000000000003408       0xae d:/mounriver/mounriver_studio2/resources/app/resources/win32/components/wch/toolchain/risc-v embedded gcc/bin/../lib/gcc/riscv-none-embed/8.2.0/rv32imacxw/ilp32\libgcc.a(gedf2.o)
                0x0000000000003408                __gedf2
                0x0000000000003408                __gtdf2
 .text.__ledf2  0x00000000000034b6       0xb6 d:/mounriver/mounriver_studio2/resources/app/resources/win32/components/wch/toolchain/risc-v embedded gcc/bin/../lib/gcc/riscv-none-embed/8.2.0/rv32imacxw/ilp32\libgcc.a(ledf2.o)
                0x00000000000034b6                __ledf2
                0x00000000000034b6                __ltdf2
 .text.__muldf3
                0x000000000000356c      0x4b8 d:/mounriver/mounriver_studio2/resources/app/resources/win32/components/wch/toolchain/risc-v embedded gcc/bin/../lib/gcc/riscv-none-embed/8.2.0/rv32imacxw/ilp32\libgcc.a(muldf3.o)
                0x000000000000356c                __muldf3
 .text.__subdf3
                0x0000000000003a24      0x73e d:/mounriver/mounriver_studio2/resources/app/resources/win32/components/wch/toolchain/risc-v embedded gcc/bin/../lib/gcc/riscv-none-embed/8.2.0/rv32imacxw/ilp32\libgcc.a(subdf3.o)
                0x0000000000003a24                __subdf3
 .text.__floatsidf
                0x0000000000004162       0x72 d:/mounriver/mounriver_studio2/resources/app/resources/win32/components/wch/toolchain/risc-v embedded gcc/bin/../lib/gcc/riscv-none-embed/8.2.0/rv32imacxw/ilp32\libgcc.a(floatsidf.o)
                0x0000000000004162                __floatsidf
 .text.__fixdfdi
                0x00000000000041d4       0xbc d:/mounriver/mounriver_studio2/resources/app/resources/win32/components/wch/toolchain/risc-v embedded gcc/bin/../lib/gcc/riscv-none-embed/8.2.0/rv32imacxw/ilp32\libgcc.a(fixdfdi.o)
                0x00000000000041d4                __fixdfdi
 .text.__floatdidf
                0x0000000000004290      0x1b6 d:/mounriver/mounriver_studio2/resources/app/resources/win32/components/wch/toolchain/risc-v embedded gcc/bin/../lib/gcc/riscv-none-embed/8.2.0/rv32imacxw/ilp32\libgcc.a(floatdidf.o)
                0x0000000000004290                __floatdidf
 .text.__addsf3
                0x0000000000004446      0x36a d:/mounriver/mounriver_studio2/resources/app/resources/win32/components/wch/toolchain/risc-v embedded gcc/bin/../lib/gcc/riscv-none-embed/8.2.0/rv32imacxw/ilp32\libgcc.a(addsf3.o)
                0x0000000000004446                __addsf3
 .text.__mulsf3
                0x00000000000047b0      0x290 d:/mounriver/mounriver_studio2/resources/app/resources/win32/components/wch/toolchain/risc-v embedded gcc/bin/../lib/gcc/riscv-none-embed/8.2.0/rv32imacxw/ilp32\libgcc.a(mulsf3.o)
                0x00000000000047b0                __mulsf3
 .text.__floatsisf
                0x0000000000004a40       0xc6 d:/mounriver/mounriver_studio2/resources/app/resources/win32/components/wch/toolchain/risc-v embedded gcc/bin/../lib/gcc/riscv-none-embed/8.2.0/rv32imacxw/ilp32\libgcc.a(floatsisf.o)
                0x0000000000004a40                __floatsisf
 .text.__extendsfdf2
                0x0000000000004b06       0xac d:/mounriver/mounriver_studio2/resources/app/resources/win32/components/wch/toolchain/risc-v embedded gcc/bin/../lib/gcc/riscv-none-embed/8.2.0/rv32imacxw/ilp32\libgcc.a(extendsfdf2.o)
                0x0000000000004b06                __extendsfdf2
 .text.__truncdfsf2
                0x0000000000004bb2      0x16a d:/mounriver/mounriver_studio2/resources/app/resources/win32/components/wch/toolchain/risc-v embedded gcc/bin/../lib/gcc/riscv-none-embed/8.2.0/rv32imacxw/ilp32\libgcc.a(truncdfsf2.o)
                0x0000000000004bb2                __truncdfsf2
 .text.__clzsi2
                0x0000000000004d1c       0x6e d:/mounriver/mounriver_studio2/resources/app/resources/win32/components/wch/toolchain/risc-v embedded gcc/bin/../lib/gcc/riscv-none-embed/8.2.0/rv32imacxw/ilp32\libgcc.a(_clzsi2.o)
                0x0000000000004d1c                __clzsi2
 *(.rodata)
 *(.rodata*)
 *fill*         0x0000000000004d8a        0x2 
 .rodata.main.str1.4
                0x0000000000004d8c        0x5 ./User/main.o
 *fill*         0x0000000000004d91        0x3 
 .rodata.MPU6050_GetRoll.cst4
                0x0000000000004d94       0x14 ./Hardware/Src/MPU6050.o
 *fill*         0x0000000000004da8        0x0 
 .rodata.MPU6050_GetRoll.cst8
                0x0000000000004da8       0x10 ./Hardware/Src/MPU6050.o
 .rodata.__ieee754_atan2.cst8
                0x0000000000004db8       0x50 d:/mounriver/mounriver_studio2/resources/app/resources/win32/components/wch/toolchain/risc-v embedded gcc/bin/../lib/gcc/riscv-none-embed/8.2.0/../../../../riscv-none-embed/lib/rv32imacxw/ilp32\libm.a(lib_a-e_atan2.o)
 .rodata.atan.cst8
                0x0000000000004e08       0x80 d:/mounriver/mounriver_studio2/resources/app/resources/win32/components/wch/toolchain/risc-v embedded gcc/bin/../lib/gcc/riscv-none-embed/8.2.0/../../../../riscv-none-embed/lib/rv32imacxw/ilp32\libm.a(lib_a-s_atan.o)
                                         0x90 (size before relaxing)
 .rodata.atanhi
                0x0000000000004e88       0x20 d:/mounriver/mounriver_studio2/resources/app/resources/win32/components/wch/toolchain/risc-v embedded gcc/bin/../lib/gcc/riscv-none-embed/8.2.0/../../../../riscv-none-embed/lib/rv32imacxw/ilp32\libm.a(lib_a-s_atan.o)
 .rodata.atanlo
                0x0000000000004ea8       0x20 d:/mounriver/mounriver_studio2/resources/app/resources/win32/components/wch/toolchain/risc-v embedded gcc/bin/../lib/gcc/riscv-none-embed/8.2.0/../../../../riscv-none-embed/lib/rv32imacxw/ilp32\libm.a(lib_a-s_atan.o)
 .rodata.print.str1.4
                0x0000000000004ec8        0x8 d:/mounriver/mounriver_studio2/resources/app/resources/win32/components/wch/toolchain/risc-v embedded gcc/bin/../lib/gcc/riscv-none-embed/8.2.0/../../../../riscv-none-embed/lib/rv32imacxw/ilp32\libprintfloat.a(printfloat.o)
                                          0x7 (size before relaxing)
 .rodata.__divdf3
                0x0000000000004ed0       0x40 d:/mounriver/mounriver_studio2/resources/app/resources/win32/components/wch/toolchain/risc-v embedded gcc/bin/../lib/gcc/riscv-none-embed/8.2.0/rv32imacxw/ilp32\libgcc.a(divdf3.o)
 .rodata.__muldf3
                0x0000000000004f10       0x40 d:/mounriver/mounriver_studio2/resources/app/resources/win32/components/wch/toolchain/risc-v embedded gcc/bin/../lib/gcc/riscv-none-embed/8.2.0/rv32imacxw/ilp32\libgcc.a(muldf3.o)
 .rodata.__mulsf3
                0x0000000000004f50       0x40 d:/mounriver/mounriver_studio2/resources/app/resources/win32/components/wch/toolchain/risc-v embedded gcc/bin/../lib/gcc/riscv-none-embed/8.2.0/rv32imacxw/ilp32\libgcc.a(mulsf3.o)
 .rodata.__clz_tab
                0x0000000000004f90      0x100 d:/mounriver/mounriver_studio2/resources/app/resources/win32/components/wch/toolchain/risc-v embedded gcc/bin/../lib/gcc/riscv-none-embed/8.2.0/rv32imacxw/ilp32\libgcc.a(_clz.o)
                0x0000000000004f90                __clz_tab
 *(.gnu.linkonce.t.*)
                0x0000000000005090                . = ALIGN (0x4)

.rela.dyn       0x0000000000005090        0x0
 .rela.text.startup.main
                0x0000000000005090        0x0 ./User/ch32v30x_it.o
 .rela.init     0x0000000000005090        0x0 ./User/ch32v30x_it.o
 .rela.vector   0x0000000000005090        0x0 ./User/ch32v30x_it.o
 .rela.text.handle_reset
                0x0000000000005090        0x0 ./User/ch32v30x_it.o
 .rela.text.prints
                0x0000000000005090        0x0 ./User/ch32v30x_it.o
 .rela.text.printInt
                0x0000000000005090        0x0 ./User/ch32v30x_it.o
 .rela.text.printLongLongInt
                0x0000000000005090        0x0 ./User/ch32v30x_it.o
 .rela.text.printDouble
                0x0000000000005090        0x0 ./User/ch32v30x_it.o
 .rela.text.print
                0x0000000000005090        0x0 ./User/ch32v30x_it.o
 .rela.text.printf
                0x0000000000005090        0x0 ./User/ch32v30x_it.o

.fini           0x0000000000005090        0x0
 *(SORT_NONE(.fini))
                0x0000000000005090                . = ALIGN (0x4)
                [!provide]                        PROVIDE (_etext = .)
                [!provide]                        PROVIDE (_eitcm = .)

.preinit_array  0x0000000000005090        0x0
                [!provide]                        PROVIDE (__preinit_array_start = .)
 *(.preinit_array)
                [!provide]                        PROVIDE (__preinit_array_end = .)

.init_array     0x0000000000005090        0x0
                [!provide]                        PROVIDE (__init_array_start = .)
 *(SORT_BY_INIT_PRIORITY(.init_array.*) SORT_BY_INIT_PRIORITY(.ctors.*))
 *(.init_array EXCLUDE_FILE(*crtend?.o *crtend.o *crtbegin?.o *crtbegin.o) .ctors)
                [!provide]                        PROVIDE (__init_array_end = .)

.fini_array     0x0000000000005090        0x0
                [!provide]                        PROVIDE (__fini_array_start = .)
 *(SORT_BY_INIT_PRIORITY(.fini_array.*) SORT_BY_INIT_PRIORITY(.dtors.*))
 *(.fini_array EXCLUDE_FILE(*crtend?.o *crtend.o *crtbegin?.o *crtbegin.o) .dtors)
                [!provide]                        PROVIDE (__fini_array_end = .)

.ctors
 *crtbegin.o(.ctors)
 *crtbegin?.o(.ctors)
 *(EXCLUDE_FILE(*crtend?.o *crtend.o) .ctors)
 *(SORT_BY_NAME(.ctors.*))
 *(.ctors)

.dtors
 *crtbegin.o(.dtors)
 *crtbegin?.o(.dtors)
 *(EXCLUDE_FILE(*crtend?.o *crtend.o) .dtors)
 *(SORT_BY_NAME(.dtors.*))
 *(.dtors)

.dalign         0x0000000020000000        0x0 load address 0x0000000000005090
                0x0000000020000000                . = ALIGN (0x4)
                0x0000000020000000                PROVIDE (_data_vma = .)

.dlalign        0x0000000000005090        0x0
                0x0000000000005090                . = ALIGN (0x4)
                0x0000000000005090                PROVIDE (_data_lma = .)

.data           0x0000000020000000       0x30 load address 0x0000000000005090
 *(.gnu.linkonce.r.*)
 *(.data .data.*)
 .data.AHBPrescTable
                0x0000000020000000       0x10 ./User/system_ch32v30x.o
                0x0000000020000000                AHBPrescTable
 .data.APBAHBPrescTable
                0x0000000020000010       0x10 ./Peripheral/src/ch32v30x_rcc.o
 *(.gnu.linkonce.d.*)
                0x0000000020000020                . = ALIGN (0x8)
                0x0000000020000820                PROVIDE (__global_pointer$ = (. + 0x800))
 *(.sdata .sdata.*)
 .sdata.GPIO_State1
                0x0000000020000020        0x1 ./User/main.o
                0x0000000020000020                GPIO_State1
 .sdata.GPIO_State2
                0x0000000020000021        0x1 ./User/main.o
                0x0000000020000021                GPIO_State2
 *fill*         0x0000000020000022        0x2 
 .sdata.SystemCoreClock
                0x0000000020000024        0x4 ./User/system_ch32v30x.o
                0x0000000020000024                SystemCoreClock
 .sdata.ADCPrescTable
                0x0000000020000028        0x4 ./Peripheral/src/ch32v30x_rcc.o
 *(.sdata2.*)
 *(.gnu.linkonce.s.*)
                0x0000000020000030                . = ALIGN (0x8)
 *fill*         0x000000002000002c        0x4 
 *(.srodata.cst16)
 *(.srodata.cst8)
 *(.srodata.cst4)
 *(.srodata.cst2)
 *(.srodata .srodata.*)
                0x0000000020000030                . = ALIGN (0x4)
                0x0000000020000030                PROVIDE (_edata = .)

.bss            0x0000000020000030       0x38 load address 0x00000000000050c0
                0x0000000020000030                . = ALIGN (0x4)
                0x0000000020000030                PROVIDE (_sbss = .)
 *(.sbss*)
 .sbss.NVIC_Priority_Group
                0x0000000020000030        0x4 ./Peripheral/src/ch32v30x_misc.o
                0x0000000020000030                NVIC_Priority_Group
 .sbss.p_ms     0x0000000020000034        0x2 ./Debug/debug.o
 .sbss.p_us     0x0000000020000036        0x1 ./Debug/debug.o
 *(.gnu.linkonce.sb.*)
 *(.bss*)
 *fill*         0x0000000020000037        0x1 
 .bss.AngleAcc  0x0000000020000038        0xc ./Hardware/Src/Varibles.o
                0x0000000020000038                AngleAcc
 .bss.AngleFilter
                0x0000000020000044        0xc ./Hardware/Src/Varibles.o
                0x0000000020000044                AngleFilter
 .bss.AngleGyro
                0x0000000020000050        0xc ./Hardware/Src/Varibles.o
                0x0000000020000050                AngleGyro
 .bss.MPU6050_Data
                0x000000002000005c        0xc ./Hardware/Src/Varibles.o
                0x000000002000005c                MPU6050_Data
 *(.gnu.linkonce.b.*)
 *(COMMON*)
                0x0000000020000068                . = ALIGN (0x4)
                0x0000000020000068                PROVIDE (_ebss = .)
                0x0000000020000068                PROVIDE (_end = _ebss)
                [!provide]                        PROVIDE (end = .)

.stack          0x0000000020007800      0x800
                0x0000000020007800                PROVIDE (_heap_end = .)
                0x0000000020007800                . = ALIGN (0x4)
                [!provide]                        PROVIDE (_susrstack = .)
                0x0000000020008000                . = (. + __stack_size)
 *fill*         0x0000000020007800      0x800 
                0x0000000020008000                PROVIDE (_eusrstack = .)
OUTPUT(Project.elf elf32-littleriscv)

.debug_info     0x0000000000000000     0xe15f
 .debug_info    0x0000000000000000      0xbc0 ./User/ch32v30x_it.o
 .debug_info    0x0000000000000bc0      0xe16 ./User/main.o
 .debug_info    0x00000000000019d6      0xb4d ./User/system_ch32v30x.o
 .debug_info    0x0000000000002523       0x22 ./Startup/startup_ch32v30x_D8C.o
 .debug_info    0x0000000000002545     0x12aa ./Peripheral/src/ch32v30x_gpio.o
 .debug_info    0x00000000000037ef      0xf5b ./Peripheral/src/ch32v30x_misc.o
 .debug_info    0x000000000000474a     0x158a ./Peripheral/src/ch32v30x_rcc.o
 .debug_info    0x0000000000005cd4     0x2a54 ./Peripheral/src/ch32v30x_tim.o
 .debug_info    0x0000000000008728     0x13cd ./Peripheral/src/ch32v30x_usart.o
 .debug_info    0x0000000000009af5     0x152a ./Hardware/Src/MPU6050.o
 .debug_info    0x000000000000b01f     0x1638 ./Hardware/Src/PWM.o
 .debug_info    0x000000000000c657      0xbbe ./Hardware/Src/Varibles.o
 .debug_info    0x000000000000d215      0xf4a ./Debug/debug.o

.debug_abbrev   0x0000000000000000     0x21d9
 .debug_abbrev  0x0000000000000000      0x22c ./User/ch32v30x_it.o
 .debug_abbrev  0x000000000000022c      0x28d ./User/main.o
 .debug_abbrev  0x00000000000004b9      0x28b ./User/system_ch32v30x.o
 .debug_abbrev  0x0000000000000744       0x12 ./Startup/startup_ch32v30x_D8C.o
 .debug_abbrev  0x0000000000000756      0x31a ./Peripheral/src/ch32v30x_gpio.o
 .debug_abbrev  0x0000000000000a70      0x2da ./Peripheral/src/ch32v30x_misc.o
 .debug_abbrev  0x0000000000000d4a      0x351 ./Peripheral/src/ch32v30x_rcc.o
 .debug_abbrev  0x000000000000109b      0x3ff ./Peripheral/src/ch32v30x_tim.o
 .debug_abbrev  0x000000000000149a      0x312 ./Peripheral/src/ch32v30x_usart.o
 .debug_abbrev  0x00000000000017ac      0x307 ./Hardware/Src/MPU6050.o
 .debug_abbrev  0x0000000000001ab3      0x271 ./Hardware/Src/PWM.o
 .debug_abbrev  0x0000000000001d24      0x1c0 ./Hardware/Src/Varibles.o
 .debug_abbrev  0x0000000000001ee4      0x2f5 ./Debug/debug.o

.debug_aranges  0x0000000000000000      0x810
 .debug_aranges
                0x0000000000000000       0x28 ./User/ch32v30x_it.o
 .debug_aranges
                0x0000000000000028       0x20 ./User/main.o
 .debug_aranges
                0x0000000000000048       0x28 ./User/system_ch32v30x.o
 .debug_aranges
                0x0000000000000070       0x30 ./Startup/startup_ch32v30x_D8C.o
 .debug_aranges
                0x00000000000000a0       0xb0 ./Peripheral/src/ch32v30x_gpio.o
 .debug_aranges
                0x0000000000000150       0x28 ./Peripheral/src/ch32v30x_misc.o
 .debug_aranges
                0x0000000000000178      0x1a8 ./Peripheral/src/ch32v30x_rcc.o
 .debug_aranges
                0x0000000000000320      0x2d0 ./Peripheral/src/ch32v30x_tim.o
 .debug_aranges
                0x00000000000005f0       0xf0 ./Peripheral/src/ch32v30x_usart.o
 .debug_aranges
                0x00000000000006e0       0x98 ./Hardware/Src/MPU6050.o
 .debug_aranges
                0x0000000000000778       0x30 ./Hardware/Src/PWM.o
 .debug_aranges
                0x00000000000007a8       0x18 ./Hardware/Src/Varibles.o
 .debug_aranges
                0x00000000000007c0       0x50 ./Debug/debug.o

.debug_ranges   0x0000000000000000      0x758
 .debug_ranges  0x0000000000000000       0x18 ./User/ch32v30x_it.o
 .debug_ranges  0x0000000000000018       0x10 ./User/main.o
 .debug_ranges  0x0000000000000028       0x18 ./User/system_ch32v30x.o
 .debug_ranges  0x0000000000000040       0x28 ./Startup/startup_ch32v30x_D8C.o
 .debug_ranges  0x0000000000000068       0xa0 ./Peripheral/src/ch32v30x_gpio.o
 .debug_ranges  0x0000000000000108       0x30 ./Peripheral/src/ch32v30x_misc.o
 .debug_ranges  0x0000000000000138      0x198 ./Peripheral/src/ch32v30x_rcc.o
 .debug_ranges  0x00000000000002d0      0x2c0 ./Peripheral/src/ch32v30x_tim.o
 .debug_ranges  0x0000000000000590       0xe0 ./Peripheral/src/ch32v30x_usart.o
 .debug_ranges  0x0000000000000670       0x88 ./Hardware/Src/MPU6050.o
 .debug_ranges  0x00000000000006f8       0x20 ./Hardware/Src/PWM.o
 .debug_ranges  0x0000000000000718       0x40 ./Debug/debug.o

.debug_line     0x0000000000000000     0xa1af
 .debug_line    0x0000000000000000      0x2fe ./User/ch32v30x_it.o
 .debug_line    0x00000000000002fe      0x477 ./User/main.o
 .debug_line    0x0000000000000775      0x814 ./User/system_ch32v30x.o
 .debug_line    0x0000000000000f89      0x122 ./Startup/startup_ch32v30x_D8C.o
 .debug_line    0x00000000000010ab     0x129a ./Peripheral/src/ch32v30x_gpio.o
 .debug_line    0x0000000000002345      0x418 ./Peripheral/src/ch32v30x_misc.o
 .debug_line    0x000000000000275d     0x19cc ./Peripheral/src/ch32v30x_rcc.o
 .debug_line    0x0000000000004129     0x31b2 ./Peripheral/src/ch32v30x_tim.o
 .debug_line    0x00000000000072db      0xf5d ./Peripheral/src/ch32v30x_usart.o
 .debug_line    0x0000000000008238      0xbc1 ./Hardware/Src/MPU6050.o
 .debug_line    0x0000000000008df9      0x999 ./Hardware/Src/PWM.o
 .debug_line    0x0000000000009792      0x29b ./Hardware/Src/Varibles.o
 .debug_line    0x0000000000009a2d      0x782 ./Debug/debug.o

.debug_str      0x0000000000000000     0x2b6e
 .debug_str     0x0000000000000000      0x60c ./User/ch32v30x_it.o
                                        0x67a (size before relaxing)
 .debug_str     0x000000000000060c      0x272 ./User/main.o
                                        0x816 (size before relaxing)
 .debug_str     0x000000000000087e       0xf1 ./User/system_ch32v30x.o
                                        0x6ad (size before relaxing)
 .debug_str     0x000000000000096f       0x2e ./Startup/startup_ch32v30x_D8C.o
                                         0x4f (size before relaxing)
 .debug_str     0x000000000000099d      0x3ba ./Peripheral/src/ch32v30x_gpio.o
                                        0x9a5 (size before relaxing)
 .debug_str     0x0000000000000d57      0x63c ./Peripheral/src/ch32v30x_misc.o
                                        0xcae (size before relaxing)
 .debug_str     0x0000000000001393      0x5db ./Peripheral/src/ch32v30x_rcc.o
                                        0xcd4 (size before relaxing)
 .debug_str     0x000000000000196e      0xbb8 ./Peripheral/src/ch32v30x_tim.o
                                       0x1283 (size before relaxing)
 .debug_str     0x0000000000002526      0x3f5 ./Peripheral/src/ch32v30x_usart.o
                                        0xaef (size before relaxing)
 .debug_str     0x000000000000291b      0x11b ./Hardware/Src/MPU6050.o
                                        0x9f5 (size before relaxing)
 .debug_str     0x0000000000002a36       0x8c ./Hardware/Src/PWM.o
                                        0xc88 (size before relaxing)
 .debug_str     0x0000000000002ac2       0x1b ./Hardware/Src/Varibles.o
                                        0x682 (size before relaxing)
 .debug_str     0x0000000000002add       0x91 ./Debug/debug.o
                                        0x916 (size before relaxing)

.comment        0x0000000000000000       0x33
 .comment       0x0000000000000000       0x33 ./User/ch32v30x_it.o
                                         0x34 (size before relaxing)
 .comment       0x0000000000000033       0x34 ./User/main.o
 .comment       0x0000000000000033       0x34 ./User/system_ch32v30x.o
 .comment       0x0000000000000033       0x34 ./Peripheral/src/ch32v30x_gpio.o
 .comment       0x0000000000000033       0x34 ./Peripheral/src/ch32v30x_misc.o
 .comment       0x0000000000000033       0x34 ./Peripheral/src/ch32v30x_rcc.o
 .comment       0x0000000000000033       0x34 ./Peripheral/src/ch32v30x_tim.o
 .comment       0x0000000000000033       0x34 ./Peripheral/src/ch32v30x_usart.o
 .comment       0x0000000000000033       0x34 ./Hardware/Src/MPU6050.o
 .comment       0x0000000000000033       0x34 ./Hardware/Src/PWM.o
 .comment       0x0000000000000033       0x34 ./Hardware/Src/Varibles.o
 .comment       0x0000000000000033       0x34 ./Debug/debug.o
 .comment       0x0000000000000033       0x34 d:/mounriver/mounriver_studio2/resources/app/resources/win32/components/wch/toolchain/risc-v embedded gcc/bin/../lib/gcc/riscv-none-embed/8.2.0/../../../../riscv-none-embed/lib/rv32imacxw/ilp32\libprintfloat.a(printfloat.o)

.debug_frame    0x0000000000000000     0x14e4
 .debug_frame   0x0000000000000000       0x30 ./User/ch32v30x_it.o
 .debug_frame   0x0000000000000030       0x2c ./User/main.o
 .debug_frame   0x000000000000005c       0x30 ./User/system_ch32v30x.o
 .debug_frame   0x000000000000008c      0x174 ./Peripheral/src/ch32v30x_gpio.o
 .debug_frame   0x0000000000000200       0x30 ./Peripheral/src/ch32v30x_misc.o
 .debug_frame   0x0000000000000230      0x344 ./Peripheral/src/ch32v30x_rcc.o
 .debug_frame   0x0000000000000574      0x614 ./Peripheral/src/ch32v30x_tim.o
 .debug_frame   0x0000000000000b88      0x1e4 ./Peripheral/src/ch32v30x_usart.o
 .debug_frame   0x0000000000000d6c      0x21c ./Hardware/Src/MPU6050.o
 .debug_frame   0x0000000000000f88       0x88 ./Hardware/Src/PWM.o
 .debug_frame   0x0000000000001010       0xb8 ./Debug/debug.o
 .debug_frame   0x00000000000010c8       0x20 d:/mounriver/mounriver_studio2/resources/app/resources/win32/components/wch/toolchain/risc-v embedded gcc/bin/../lib/gcc/riscv-none-embed/8.2.0/../../../../riscv-none-embed/lib/rv32imacxw/ilp32\libm.a(lib_a-w_atan2.o)
 .debug_frame   0x00000000000010e8       0x48 d:/mounriver/mounriver_studio2/resources/app/resources/win32/components/wch/toolchain/risc-v embedded gcc/bin/../lib/gcc/riscv-none-embed/8.2.0/../../../../riscv-none-embed/lib/rv32imacxw/ilp32\libm.a(lib_a-e_atan2.o)
 .debug_frame   0x0000000000001130       0x50 d:/mounriver/mounriver_studio2/resources/app/resources/win32/components/wch/toolchain/risc-v embedded gcc/bin/../lib/gcc/riscv-none-embed/8.2.0/../../../../riscv-none-embed/lib/rv32imacxw/ilp32\libm.a(lib_a-s_atan.o)
 .debug_frame   0x0000000000001180       0x20 d:/mounriver/mounriver_studio2/resources/app/resources/win32/components/wch/toolchain/risc-v embedded gcc/bin/../lib/gcc/riscv-none-embed/8.2.0/../../../../riscv-none-embed/lib/rv32imacxw/ilp32\libm.a(lib_a-s_fabs.o)
 .debug_frame   0x00000000000011a0       0x44 d:/mounriver/mounriver_studio2/resources/app/resources/win32/components/wch/toolchain/risc-v embedded gcc/bin/../lib/gcc/riscv-none-embed/8.2.0/rv32imacxw/ilp32\libgcc.a(adddf3.o)
 .debug_frame   0x00000000000011e4       0x50 d:/mounriver/mounriver_studio2/resources/app/resources/win32/components/wch/toolchain/risc-v embedded gcc/bin/../lib/gcc/riscv-none-embed/8.2.0/rv32imacxw/ilp32\libgcc.a(divdf3.o)
 .debug_frame   0x0000000000001234       0x20 d:/mounriver/mounriver_studio2/resources/app/resources/win32/components/wch/toolchain/risc-v embedded gcc/bin/../lib/gcc/riscv-none-embed/8.2.0/rv32imacxw/ilp32\libgcc.a(gedf2.o)
 .debug_frame   0x0000000000001254       0x20 d:/mounriver/mounriver_studio2/resources/app/resources/win32/components/wch/toolchain/risc-v embedded gcc/bin/../lib/gcc/riscv-none-embed/8.2.0/rv32imacxw/ilp32\libgcc.a(ledf2.o)
 .debug_frame   0x0000000000001274       0x54 d:/mounriver/mounriver_studio2/resources/app/resources/win32/components/wch/toolchain/risc-v embedded gcc/bin/../lib/gcc/riscv-none-embed/8.2.0/rv32imacxw/ilp32\libgcc.a(muldf3.o)
 .debug_frame   0x00000000000012c8       0x44 d:/mounriver/mounriver_studio2/resources/app/resources/win32/components/wch/toolchain/risc-v embedded gcc/bin/../lib/gcc/riscv-none-embed/8.2.0/rv32imacxw/ilp32\libgcc.a(subdf3.o)
 .debug_frame   0x000000000000130c       0x38 d:/mounriver/mounriver_studio2/resources/app/resources/win32/components/wch/toolchain/risc-v embedded gcc/bin/../lib/gcc/riscv-none-embed/8.2.0/rv32imacxw/ilp32\libgcc.a(floatsidf.o)
 .debug_frame   0x0000000000001344       0x20 d:/mounriver/mounriver_studio2/resources/app/resources/win32/components/wch/toolchain/risc-v embedded gcc/bin/../lib/gcc/riscv-none-embed/8.2.0/rv32imacxw/ilp32\libgcc.a(fixdfdi.o)
 .debug_frame   0x0000000000001364       0x40 d:/mounriver/mounriver_studio2/resources/app/resources/win32/components/wch/toolchain/risc-v embedded gcc/bin/../lib/gcc/riscv-none-embed/8.2.0/rv32imacxw/ilp32\libgcc.a(floatdidf.o)
 .debug_frame   0x00000000000013a4       0x40 d:/mounriver/mounriver_studio2/resources/app/resources/win32/components/wch/toolchain/risc-v embedded gcc/bin/../lib/gcc/riscv-none-embed/8.2.0/rv32imacxw/ilp32\libgcc.a(addsf3.o)
 .debug_frame   0x00000000000013e4       0x50 d:/mounriver/mounriver_studio2/resources/app/resources/win32/components/wch/toolchain/risc-v embedded gcc/bin/../lib/gcc/riscv-none-embed/8.2.0/rv32imacxw/ilp32\libgcc.a(mulsf3.o)
 .debug_frame   0x0000000000001434       0x38 d:/mounriver/mounriver_studio2/resources/app/resources/win32/components/wch/toolchain/risc-v embedded gcc/bin/../lib/gcc/riscv-none-embed/8.2.0/rv32imacxw/ilp32\libgcc.a(floatsisf.o)
 .debug_frame   0x000000000000146c       0x38 d:/mounriver/mounriver_studio2/resources/app/resources/win32/components/wch/toolchain/risc-v embedded gcc/bin/../lib/gcc/riscv-none-embed/8.2.0/rv32imacxw/ilp32\libgcc.a(extendsfdf2.o)
 .debug_frame   0x00000000000014a4       0x20 d:/mounriver/mounriver_studio2/resources/app/resources/win32/components/wch/toolchain/risc-v embedded gcc/bin/../lib/gcc/riscv-none-embed/8.2.0/rv32imacxw/ilp32\libgcc.a(truncdfsf2.o)
 .debug_frame   0x00000000000014c4       0x20 d:/mounriver/mounriver_studio2/resources/app/resources/win32/components/wch/toolchain/risc-v embedded gcc/bin/../lib/gcc/riscv-none-embed/8.2.0/rv32imacxw/ilp32\libgcc.a(_clzsi2.o)

.debug_loc      0x0000000000000000     0x398c
 .debug_loc     0x0000000000000000      0x163 ./User/system_ch32v30x.o
 .debug_loc     0x0000000000000163      0x72b ./Peripheral/src/ch32v30x_gpio.o
 .debug_loc     0x000000000000088e       0x61 ./Peripheral/src/ch32v30x_misc.o
 .debug_loc     0x00000000000008ef      0xadb ./Peripheral/src/ch32v30x_rcc.o
 .debug_loc     0x00000000000013ca     0x18b7 ./Peripheral/src/ch32v30x_tim.o
 .debug_loc     0x0000000000002c81      0x7ed ./Peripheral/src/ch32v30x_usart.o
 .debug_loc     0x000000000000346e      0x2d8 ./Hardware/Src/MPU6050.o
 .debug_loc     0x0000000000003746       0xcf ./Hardware/Src/PWM.o
 .debug_loc     0x0000000000003815      0x177 ./Debug/debug.o
