Archive member included to satisfy reference by file (symbol)

d:/mounriver/mounriver_studio2/resources/app/resources/win32/components/wch/toolchain/risc-v embedded gcc/bin/../lib/gcc/riscv-none-embed/8.2.0/../../../../riscv-none-embed/lib/rv32imacxw/ilp32\libm.a(lib_a-w_atan2.o)
                              ./Hardware/Src/MPU6050.o (atan2)
d:/mounriver/mounriver_studio2/resources/app/resources/win32/components/wch/toolchain/risc-v embedded gcc/bin/../lib/gcc/riscv-none-embed/8.2.0/../../../../riscv-none-embed/lib/rv32imacxw/ilp32\libm.a(lib_a-e_atan2.o)
                              d:/mounriver/mounriver_studio2/resources/app/resources/win32/components/wch/toolchain/risc-v embedded gcc/bin/../lib/gcc/riscv-none-embed/8.2.0/../../../../riscv-none-embed/lib/rv32imacxw/ilp32\libm.a(lib_a-w_atan2.o) (__ieee754_atan2)
d:/mounriver/mounriver_studio2/resources/app/resources/win32/components/wch/toolchain/risc-v embedded gcc/bin/../lib/gcc/riscv-none-embed/8.2.0/../../../../riscv-none-embed/lib/rv32imacxw/ilp32\libm.a(lib_a-s_atan.o)
                              d:/mounriver/mounriver_studio2/resources/app/resources/win32/components/wch/toolchain/risc-v embedded gcc/bin/../lib/gcc/riscv-none-embed/8.2.0/../../../../riscv-none-embed/lib/rv32imacxw/ilp32\libm.a(lib_a-e_atan2.o) (atan)
d:/mounriver/mounriver_studio2/resources/app/resources/win32/components/wch/toolchain/risc-v embedded gcc/bin/../lib/gcc/riscv-none-embed/8.2.0/../../../../riscv-none-embed/lib/rv32imacxw/ilp32\libm.a(lib_a-s_fabs.o)
                              d:/mounriver/mounriver_studio2/resources/app/resources/win32/components/wch/toolchain/risc-v embedded gcc/bin/../lib/gcc/riscv-none-embed/8.2.0/../../../../riscv-none-embed/lib/rv32imacxw/ilp32\libm.a(lib_a-e_atan2.o) (fabs)
d:/mounriver/mounriver_studio2/resources/app/resources/win32/components/wch/toolchain/risc-v embedded gcc/bin/../lib/gcc/riscv-none-embed/8.2.0/../../../../riscv-none-embed/lib/rv32imacxw/ilp32\libprintfloat.a(printfloat.o)
                              ./User/main.o (printf)
d:/mounriver/mounriver_studio2/resources/app/resources/win32/components/wch/toolchain/risc-v embedded gcc/bin/../lib/gcc/riscv-none-embed/8.2.0/rv32imacxw/ilp32\libgcc.a(_udivdi3.o)
                              d:/mounriver/mounriver_studio2/resources/app/resources/win32/components/wch/toolchain/risc-v embedded gcc/bin/../lib/gcc/riscv-none-embed/8.2.0/../../../../riscv-none-embed/lib/rv32imacxw/ilp32\libprintfloat.a(printfloat.o) (__udivdi3)
d:/mounriver/mounriver_studio2/resources/app/resources/win32/components/wch/toolchain/risc-v embedded gcc/bin/../lib/gcc/riscv-none-embed/8.2.0/rv32imacxw/ilp32\libgcc.a(_umoddi3.o)
                              d:/mounriver/mounriver_studio2/resources/app/resources/win32/components/wch/toolchain/risc-v embedded gcc/bin/../lib/gcc/riscv-none-embed/8.2.0/../../../../riscv-none-embed/lib/rv32imacxw/ilp32\libprintfloat.a(printfloat.o) (__umoddi3)
d:/mounriver/mounriver_studio2/resources/app/resources/win32/components/wch/toolchain/risc-v embedded gcc/bin/../lib/gcc/riscv-none-embed/8.2.0/rv32imacxw/ilp32\libgcc.a(adddf3.o)
                              ./User/main.o (__adddf3)
d:/mounriver/mounriver_studio2/resources/app/resources/win32/components/wch/toolchain/risc-v embedded gcc/bin/../lib/gcc/riscv-none-embed/8.2.0/rv32imacxw/ilp32\libgcc.a(divdf3.o)
                              ./User/main.o (__divdf3)
d:/mounriver/mounriver_studio2/resources/app/resources/win32/components/wch/toolchain/risc-v embedded gcc/bin/../lib/gcc/riscv-none-embed/8.2.0/rv32imacxw/ilp32\libgcc.a(gedf2.o)
                              d:/mounriver/mounriver_studio2/resources/app/resources/win32/components/wch/toolchain/risc-v embedded gcc/bin/../lib/gcc/riscv-none-embed/8.2.0/../../../../riscv-none-embed/lib/rv32imacxw/ilp32\libm.a(lib_a-s_atan.o) (__gtdf2)
d:/mounriver/mounriver_studio2/resources/app/resources/win32/components/wch/toolchain/risc-v embedded gcc/bin/../lib/gcc/riscv-none-embed/8.2.0/rv32imacxw/ilp32\libgcc.a(ledf2.o)
                              d:/mounriver/mounriver_studio2/resources/app/resources/win32/components/wch/toolchain/risc-v embedded gcc/bin/../lib/gcc/riscv-none-embed/8.2.0/../../../../riscv-none-embed/lib/rv32imacxw/ilp32\libprintfloat.a(printfloat.o) (__ltdf2)
d:/mounriver/mounriver_studio2/resources/app/resources/win32/components/wch/toolchain/risc-v embedded gcc/bin/../lib/gcc/riscv-none-embed/8.2.0/rv32imacxw/ilp32\libgcc.a(muldf3.o)
                              ./User/main.o (__muldf3)
d:/mounriver/mounriver_studio2/resources/app/resources/win32/components/wch/toolchain/risc-v embedded gcc/bin/../lib/gcc/riscv-none-embed/8.2.0/rv32imacxw/ilp32\libgcc.a(subdf3.o)
                              ./User/main.o (__subdf3)
d:/mounriver/mounriver_studio2/resources/app/resources/win32/components/wch/toolchain/risc-v embedded gcc/bin/../lib/gcc/riscv-none-embed/8.2.0/rv32imacxw/ilp32\libgcc.a(fixdfsi.o)
[...]
Memory Configuration

Name             Origin             Length             Attributes
FLASH            0x0000000000000000 0x0000000000048000 xr
RAM              0x0000000020000000 0x0000000000008000 xrw
*default*        0x0000000000000000 0xffffffffffffffff

Linker script and memory map

LOAD ./User/ch32v30x_it.o
LOAD ./User/main.o
LOAD ./User/system_ch32v30x.o
LOAD ./Startup/startup_ch32v30x_D8C.o
LOAD ./Peripheral/src/ch32v30x_adc.o
LOAD ./Peripheral/src/ch32v30x_bkp.o
LOAD ./Peripheral/src/ch32v30x_can.o
LOAD ./Peripheral/src/ch32v30x_crc.o
LOAD ./Peripheral/src/ch32v30x_dac.o
LOAD ./Peripheral/src/ch32v30x_dbgmcu.o
LOAD ./Peripheral/src/ch32v30x_dma.o
LOAD ./Peripheral/src/ch32v30x_dvp.o
LOAD ./Peripheral/src/ch32v30x_eth.o
LOAD ./Peripheral/src/ch32v30x_exti.o
LOAD ./Peripheral/src/ch32v30x_flash.o
LOAD ./Peripheral/src/ch32v30x_fsmc.o
LOAD ./Peripheral/src/ch32v30x_gpio.o
LOAD ./Peripheral/src/ch32v30x_i2c.o
LOAD ./Peripheral/src/ch32v30x_iwdg.o
LOAD ./Peripheral/src/ch32v30x_misc.o
LOAD ./Peripheral/src/ch32v30x_opa.o
LOAD ./Peripheral/src/ch32v30x_pwr.o
LOAD ./Peripheral/src/ch32v30x_rcc.o
LOAD ./Peripheral/src/ch32v30x_rng.o
LOAD ./Peripheral/src/ch32v30x_rtc.o
LOAD ./Peripheral/src/ch32v30x_sdio.o
LOAD ./Peripheral/src/ch32v30x_spi.o
LOAD ./Peripheral/src/ch32v30x_tim.o
LOAD ./Peripheral/src/ch32v30x_usart.o
LOAD ./Peripheral/src/ch32v30x_wwdg.o
LOAD ./Hardware/Src/Encoder.o
LOAD ./Hardware/Src/MPU6050.o
LOAD ./Hardware/Src/PID.o
LOAD ./Hardware/Src/PWM.o
LOAD ./Hardware/Src/Timer.o
LOAD ./Hardware/Src/Varibles.o
LOAD ./Debug/debug.o
LOAD ./Core/core_riscv.o
LOAD d:/mounriver/mounriver_studio2/resources/app/resources/win32/components/wch/toolchain/risc-v embedded gcc/bin/../lib/gcc/riscv-none-embed/8.2.0/../../../../riscv-none-embed/lib/rv32imacxw/ilp32\libm.a
LOAD d:/mounriver/mounriver_studio2/resources/app/resources/win32/components/wch/toolchain/risc-v embedded gcc/bin/../lib/gcc/riscv-none-embed/8.2.0/../../../../riscv-none-embed/lib/rv32imacxw/ilp32\libprintfloat.a
LOAD d:/mounriver/mounriver_studio2/resources/app/resources/win32/components/wch/toolchain/risc-v embedded gcc/bin/../lib/gcc/riscv-none-embed/8.2.0/rv32imacxw/ilp32\libgcc.a
LOAD d:/mounriver/mounriver_studio2/resources/app/resources/win32/components/wch/toolchain/risc-v embedded gcc/bin/../lib/gcc/riscv-none-embed/8.2.0/../../../../riscv-none-embed/lib/rv32imacxw/ilp32\libg_nano.a
LOAD d:/mounriver/mounriver_studio2/resources/app/resources/win32/components/wch/toolchain/risc-v embedded gcc/bin/../lib/gcc/riscv-none-embed/8.2.0/../../../../riscv-none-embed/lib/rv32imacxw/ilp32\libc_nano.a
LOAD d:/mounriver/mounriver_studio2/resources/app/resources/win32/components/wch/toolchain/risc-v embedded gcc/bin/../lib/gcc/riscv-none-embed/8.2.0/rv32imacxw/ilp32\libgcc.a
START GROUP
LOAD d:/mounriver/mounriver_studio2/resources/app/resources/win32/components/wch/toolchain/risc-v embedded gcc/bin/../lib/gcc/riscv-none-embed/8.2.0/rv32imacxw/ilp32\libgcc.a
LOAD d:/mounriver/mounriver_studio2/resources/app/resources/win32/components/wch/toolchain/risc-v embedded gcc/bin/../lib/gcc/riscv-none-embed/8.2.0/../../../../riscv-none-embed/lib/rv32imacxw/ilp32\libc_nano.a
LOAD d:/mounriver/mounriver_studio2/resources/app/resources/win32/components/wch/toolchain/risc-v embedded gcc/bin/../lib/gcc/riscv-none-embed/8.2.0/../../../../riscv-none-embed/lib/rv32imacxw/ilp32\libnosys.a
END GROUP
START GROUP
LOAD d:/mounriver/mounriver_studio2/resources/app/resources/win32/components/wch/toolchain/risc-v embedded gcc/bin/../lib/gcc/riscv-none-embed/8.2.0/rv32imacxw/ilp32\libgcc.a
LOAD d:/mounriver/mounriver_studio2/resources/app/resources/win32/components/wch/toolchain/risc-v embedded gcc/bin/../lib/gcc/riscv-none-embed/8.2.0/../../../../riscv-none-embed/lib/rv32imacxw/ilp32\libc_nano.a
LOAD d:/mounriver/mounriver_studio2/resources/app/resources/win32/components/wch/toolchain/risc-v embedded gcc/bin/../lib/gcc/riscv-none-embed/8.2.0/../../../../riscv-none-embed/lib/rv32imacxw/ilp32\libnosys.a
END GROUP
                0x0000000000000800                __stack_size = 0x800
                [!provide]                        PROVIDE (_stack_size = __stack_size)

.init           0x0000000000000000        0x4
                0x0000000000000000                _sinit = .
                0x0000000000000000                . = ALIGN (0x4)
 *(SORT_NONE(.init))
 .init          0x0000000000000000        0x4 ./Startup/startup_ch32v30x_D8C.o
                0x0000000000000000                _start
                0x0000000000000004                . = ALIGN (0x4)
                0x0000000000000004                _einit = .

.vector         0x0000000000000004      0x1bc
 *(.vector)
 .vector        0x0000000000000004      0x1a0 ./Startup/startup_ch32v30x_D8C.o
                0x00000000000001c0                . = ALIGN (0x40)
 *fill*         0x00000000000001a4       0x1c 

.text           0x00000000000001c0     0x5768
                0x00000000000001c0                . = ALIGN (0x4)
 *(.text)
 .text          0x00000000000001c0       0x60 d:/mounriver/mounriver_studio2/resources/app/resources/win32/components/wch/toolchain/risc-v embedded gcc/bin/../lib/gcc/riscv-none-embed/8.2.0/rv32imacxw/ilp32\libgcc.a(save-restore.o)
                0x00000000000001c0                __riscv_save_12
                0x00000000000001c8                __riscv_save_9
                0x00000000000001c8                __riscv_save_11
                0x00000000000001c8                __riscv_save_10
                0x00000000000001c8                __riscv_save_8
                0x00000000000001d6                __riscv_save_4
                0x00000000000001d6                __riscv_save_6
                0x00000000000001d6                __riscv_save_5
                0x00000000000001d6                __riscv_save_7
                0x00000000000001f0                __riscv_save_3
                0x00000000000001f0                __riscv_save_2
                0x00000000000001f0                __riscv_save_1
                0x00000000000001f0                __riscv_save_0
                0x00000000000001fc                __riscv_restore_12
                0x0000000000000200                __riscv_restore_11
                0x0000000000000200                __riscv_restore_9
                0x0000000000000200                __riscv_restore_10
                0x0000000000000200                __riscv_restore_8
                0x000000000000020a                __riscv_restore_5
                0x000000000000020a                __riscv_restore_7
                0x000000000000020a                __riscv_restore_6
                0x000000000000020a                __riscv_restore_4
                0x0000000000000214                __riscv_restore_3
                0x0000000000000214                __riscv_restore_0
                0x0000000000000214                __riscv_restore_2
                0x0000000000000214                __riscv_restore_1
 *(.text.*)
 .text.NMI_Handler
                0x0000000000000220        0x2 ./User/ch32v30x_it.o
                0x0000000000000220                NMI_Handler
 .text.HardFault_Handler
                0x0000000000000222       0x10 ./User/ch32v30x_it.o
                0x0000000000000222                HardFault_Handler
 .text.startup.main
                0x0000000000000232       0x3e ./User/main.o
                0x0000000000000232                main
 .text.TIM3_IRQHandler
                0x0000000000000270      0x1e2 ./User/main.o
                0x0000000000000270                TIM3_IRQHandler
 .text.SystemInit
                0x0000000000000452       0xb2 ./User/system_ch32v30x.o
                0x0000000000000452                SystemInit
 .text.SystemCoreClockUpdate
                0x0000000000000504      0x12e ./User/system_ch32v30x.o
                0x0000000000000504                SystemCoreClockUpdate
 .text.vector_handler
                0x0000000000000632        0x2 ./Startup/startup_ch32v30x_D8C.o
                0x0000000000000632                EXTI2_IRQHandler
                0x0000000000000632                TIM8_TRG_COM_IRQHandler
                0x0000000000000632                TIM8_CC_IRQHandler
                0x0000000000000632                UART8_IRQHandler
                0x0000000000000632                TIM1_CC_IRQHandler
                0x0000000000000632                TIM6_IRQHandler
                0x0000000000000632                SysTick_Handler
                0x0000000000000632                PVD_IRQHandler
                0x0000000000000632                SDIO_IRQHandler
                0x0000000000000632                TIM9_BRK_IRQHandler
                0x0000000000000632                DMA2_Channel8_IRQHandler
                0x0000000000000632                CAN2_RX1_IRQHandler
                0x0000000000000632                EXTI3_IRQHandler
                0x0000000000000632                USBHS_IRQHandler
                0x0000000000000632                DMA2_Channel9_IRQHandler
                0x0000000000000632                TIM10_CC_IRQHandler
                0x0000000000000632                USBFS_IRQHandler
                0x0000000000000632                EXTI0_IRQHandler
                0x0000000000000632                I2C2_EV_IRQHandler
                0x0000000000000632                TIM10_TRG_COM_IRQHandler
                0x0000000000000632                CAN2_SCE_IRQHandler
                0x0000000000000632                ADC1_2_IRQHandler
                0x0000000000000632                Break_Point_Handler
                0x0000000000000632                SPI1_IRQHandler
                0x0000000000000632                TAMPER_IRQHandler
                0x0000000000000632                CAN2_RX0_IRQHandler
                0x0000000000000632                TIM8_UP_IRQHandler
                0x0000000000000632                Ecall_M_Mode_Handler
                0x0000000000000632                DMA2_Channel2_IRQHandler
                0x0000000000000632                DMA1_Channel4_IRQHandler
                0x0000000000000632                TIM9_UP_IRQHandler
                0x0000000000000632                USART3_IRQHandler
                0x0000000000000632                RTC_IRQHandler
                0x0000000000000632                DMA1_Channel7_IRQHandler
                0x0000000000000632                CAN1_RX1_IRQHandler
                0x0000000000000632                DVP_IRQHandler
                0x0000000000000632                UART5_IRQHandler
                0x0000000000000632                TIM4_IRQHandler
                0x0000000000000632                DMA2_Channel1_IRQHandler
                0x0000000000000632                I2C1_EV_IRQHandler
                0x0000000000000632                DMA1_Channel6_IRQHandler
                0x0000000000000632                UART4_IRQHandler
                0x0000000000000632                DMA2_Channel4_IRQHandler
                0x0000000000000632                RCC_IRQHandler
                0x0000000000000632                TIM1_TRG_COM_IRQHandler
                0x0000000000000632                DMA1_Channel1_IRQHandler
                0x0000000000000632                DMA2_Channel7_IRQHandler
                0x0000000000000632                EXTI15_10_IRQHandler
                0x0000000000000632                TIM7_IRQHandler
                0x0000000000000632                CAN2_TX_IRQHandler
                0x0000000000000632                TIM5_IRQHandler
                0x0000000000000632                EXTI9_5_IRQHandler
                0x0000000000000632                ETH_WKUP_IRQHandler
                0x0000000000000632                SPI2_IRQHandler
                0x0000000000000632                TIM10_BRK_IRQHandler
                0x0000000000000632                TIM9_CC_IRQHandler
                0x0000000000000632                DMA2_Channel5_IRQHandler
                0x0000000000000632                DMA1_Channel5_IRQHandler
                0x0000000000000632                EXTI4_IRQHandler
                0x0000000000000632                USB_LP_CAN1_RX0_IRQHandler
                0x0000000000000632                RNG_IRQHandler
                0x0000000000000632                USB_HP_CAN1_TX_IRQHandler
                0x0000000000000632                DMA1_Channel3_IRQHandler
                0x0000000000000632                ETH_IRQHandler
                0x0000000000000632                TIM1_UP_IRQHandler
                0x0000000000000632                WWDG_IRQHandler
                0x0000000000000632                USBHSWakeup_IRQHandler
                0x0000000000000632                DMA2_Channel11_IRQHandler
                0x0000000000000632                Ecall_U_Mode_Handler
                0x0000000000000632                DMA2_Channel6_IRQHandler
                0x0000000000000632                TIM2_IRQHandler
                0x0000000000000632                SW_Handler
                0x0000000000000632                TIM1_BRK_IRQHandler
                0x0000000000000632                DMA2_Channel10_IRQHandler
                0x0000000000000632                EXTI1_IRQHandler
                0x0000000000000632                RTCAlarm_IRQHandler
                0x0000000000000632                TIM10_UP_IRQHandler
                0x0000000000000632                TIM9_TRG_COM_IRQHandler
                0x0000000000000632                UART7_IRQHandler
                0x0000000000000632                USART2_IRQHandler
                0x0000000000000632                UART6_IRQHandler
                0x0000000000000632                I2C2_ER_IRQHandler
                0x0000000000000632                DMA1_Channel2_IRQHandler
                0x0000000000000632                TIM8_BRK_IRQHandler
                0x0000000000000632                CAN1_SCE_IRQHandler
                0x0000000000000632                FLASH_IRQHandler
                0x0000000000000632                USART1_IRQHandler
                0x0000000000000632                SPI3_IRQHandler
                0x0000000000000632                I2C1_ER_IRQHandler
                0x0000000000000632                USBWakeUp_IRQHandler
                0x0000000000000632                DMA2_Channel3_IRQHandler
 .text.handle_reset
                0x0000000000000634       0x8a ./Startup/startup_ch32v30x_D8C.o
                0x0000000000000634                handle_reset
 .text.GPIO_Init
                0x00000000000006be       0xc0 ./Peripheral/src/ch32v30x_gpio.o
                0x00000000000006be                GPIO_Init
 .text.GPIO_ReadInputDataBit
                0x000000000000077e        0xa ./Peripheral/src/ch32v30x_gpio.o
                0x000000000000077e                GPIO_ReadInputDataBit
 .text.GPIO_SetBits
                0x0000000000000788        0x4 ./Peripheral/src/ch32v30x_gpio.o
                0x0000000000000788                GPIO_SetBits
 .text.GPIO_ResetBits
                0x000000000000078c        0x4 ./Peripheral/src/ch32v30x_gpio.o
                0x000000000000078c                GPIO_ResetBits
 .text.GPIO_WriteBit
                0x0000000000000790        0xa ./Peripheral/src/ch32v30x_gpio.o
                0x0000000000000790                GPIO_WriteBit
 .text.NVIC_PriorityGroupConfig
                0x000000000000079a        0x6 ./Peripheral/src/ch32v30x_misc.o
                0x000000000000079a                NVIC_PriorityGroupConfig
 .text.RCC_GetClocksFreq
                0x00000000000007a0      0x176 ./Peripheral/src/ch32v30x_rcc.o
                0x00000000000007a0                RCC_GetClocksFreq
 .text.RCC_APB2PeriphClockCmd
                0x0000000000000916       0x1e ./Peripheral/src/ch32v30x_rcc.o
                0x0000000000000916                RCC_APB2PeriphClockCmd
 .text.RCC_APB1PeriphClockCmd
                0x0000000000000934       0x1e ./Peripheral/src/ch32v30x_rcc.o
                0x0000000000000934                RCC_APB1PeriphClockCmd
 .text.TIM_TimeBaseInit
                0x0000000000000952       0xee ./Peripheral/src/ch32v30x_tim.o
                0x0000000000000952                TIM_TimeBaseInit
 .text.TIM_OC1Init
                0x0000000000000a40       0x82 ./Peripheral/src/ch32v30x_tim.o
                0x0000000000000a40                TIM_OC1Init
 .text.TIM_OC2Init
                0x0000000000000ac2       0xae ./Peripheral/src/ch32v30x_tim.o
                0x0000000000000ac2                TIM_OC2Init
 .text.TIM_OC3Init
                0x0000000000000b70       0xac ./Peripheral/src/ch32v30x_tim.o
                0x0000000000000b70                TIM_OC3Init
 .text.TIM_OC4Init
                0x0000000000000c1c       0x88 ./Peripheral/src/ch32v30x_tim.o
                0x0000000000000c1c                TIM_OC4Init
 .text.TIM_OCStructInit
                0x0000000000000ca4       0x22 ./Peripheral/src/ch32v30x_tim.o
                0x0000000000000ca4                TIM_OCStructInit
 .text.TIM_Cmd  0x0000000000000cc6       0x18 ./Peripheral/src/ch32v30x_tim.o
                0x0000000000000cc6                TIM_Cmd
 .text.TIM_ARRPreloadConfig
                0x0000000000000cde       0x1a ./Peripheral/src/ch32v30x_tim.o
                0x0000000000000cde                TIM_ARRPreloadConfig
 .text.TIM_OC1PreloadConfig
                0x0000000000000cf8        0xe ./Peripheral/src/ch32v30x_tim.o
                0x0000000000000cf8                TIM_OC1PreloadConfig
 .text.TIM_OC2PreloadConfig
                0x0000000000000d06       0x16 ./Peripheral/src/ch32v30x_tim.o
                0x0000000000000d06                TIM_OC2PreloadConfig
 .text.TIM_OC3PreloadConfig
                0x0000000000000d1c        0xe ./Peripheral/src/ch32v30x_tim.o
                0x0000000000000d1c                TIM_OC3PreloadConfig
 .text.TIM_OC4PreloadConfig
                0x0000000000000d2a       0x16 ./Peripheral/src/ch32v30x_tim.o
                0x0000000000000d2a                TIM_OC4PreloadConfig
 .text.TIM_CCxCmd
                0x0000000000000d40       0x20 ./Peripheral/src/ch32v30x_tim.o
                0x0000000000000d40                TIM_CCxCmd
 .text.TIM_SetCounter
                0x0000000000000d60        0x4 ./Peripheral/src/ch32v30x_tim.o
                0x0000000000000d60                TIM_SetCounter
 .text.TIM_SetCompare1
                0x0000000000000d64        0x4 ./Peripheral/src/ch32v30x_tim.o
                0x0000000000000d64                TIM_SetCompare1
 .text.TIM_SetCompare2
                0x0000000000000d68        0x4 ./Peripheral/src/ch32v30x_tim.o
                0x0000000000000d68                TIM_SetCompare2
 .text.TIM_SetCompare3
                0x0000000000000d6c        0x4 ./Peripheral/src/ch32v30x_tim.o
                0x0000000000000d6c                TIM_SetCompare3
 .text.TIM_SetCompare4
                0x0000000000000d70        0x6 ./Peripheral/src/ch32v30x_tim.o
                0x0000000000000d70                TIM_SetCompare4
 .text.TIM_GetCounter
                0x0000000000000d76        0x4 ./Peripheral/src/ch32v30x_tim.o
                0x0000000000000d76                TIM_GetCounter
 .text.TIM_GetITStatus
                0x0000000000000d7a       0x18 ./Peripheral/src/ch32v30x_tim.o
                0x0000000000000d7a                TIM_GetITStatus
 .text.TIM_ClearITPendingBit
                0x0000000000000d92        0xc ./Peripheral/src/ch32v30x_tim.o
                0x0000000000000d92                TIM_ClearITPendingBit
 .text.USART_Init
                0x0000000000000d9e       0x9c ./Peripheral/src/ch32v30x_usart.o
                0x0000000000000d9e                USART_Init
 .text.USART_Cmd
                0x0000000000000e3a       0x16 ./Peripheral/src/ch32v30x_usart.o
                0x0000000000000e3a                USART_Cmd
 .text.USART_SendData
                0x0000000000000e50        0x8 ./Peripheral/src/ch32v30x_usart.o
                0x0000000000000e50                USART_SendData
 .text.USART_GetFlagStatus
                0x0000000000000e58        0xa ./Peripheral/src/ch32v30x_usart.o
                0x0000000000000e58                USART_GetFlagStatus
 .text.Encoder_Get
                0x0000000000000e62       0x40 ./Hardware/Src/Encoder.o
                0x0000000000000e62                Encoder_Get
 .text.MyI2C_W_SCL
                0x0000000000000ea2       0x20 ./Hardware/Src/MPU6050.o
                0x0000000000000ea2                MyI2C_W_SCL
 .text.MyI2C_W_SDA
                0x0000000000000ec2       0x22 ./Hardware/Src/MPU6050.o
                0x0000000000000ec2                MyI2C_W_SDA
 .text.MyI2C_R_SDA
                0x0000000000000ee4       0x24 ./Hardware/Src/MPU6050.o
                0x0000000000000ee4                MyI2C_R_SDA
 .text.MyI2C_Init
                0x0000000000000f08       0x3e ./Hardware/Src/MPU6050.o
                0x0000000000000f08                MyI2C_Init
 .text.MyI2C_Start
                0x0000000000000f46       0x18 ./Hardware/Src/MPU6050.o
                0x0000000000000f46                MyI2C_Start
 .text.MyI2C_Stop
                0x0000000000000f5e       0x14 ./Hardware/Src/MPU6050.o
                0x0000000000000f5e                MyI2C_Stop
 .text.MyI2C_SendByte
                0x0000000000000f72       0x2a ./Hardware/Src/MPU6050.o
                0x0000000000000f72                MyI2C_SendByte
 .text.MyI2C_ReceiveByte
                0x0000000000000f9c       0x38 ./Hardware/Src/MPU6050.o
                0x0000000000000f9c                MyI2C_ReceiveByte
 .text.MyI2C_SendAck
                0x0000000000000fd4       0x12 ./Hardware/Src/MPU6050.o
                0x0000000000000fd4                MyI2C_SendAck
 .text.MyI2C_ReceiveAck
                0x0000000000000fe6       0x1a ./Hardware/Src/MPU6050.o
                0x0000000000000fe6                MyI2C_ReceiveAck
 .text.MPU6050_WriteReg
                0x0000000000001000       0x2a ./Hardware/Src/MPU6050.o
                0x0000000000001000                MPU6050_WriteReg
 .text.MPU6050_ReadReg
                0x000000000000102a       0x30 ./Hardware/Src/MPU6050.o
                0x000000000000102a                MPU6050_ReadReg
 .text.MPU6050_Init
                0x000000000000105a       0x32 ./Hardware/Src/MPU6050.o
                0x000000000000105a                MPU6050_Init
 .text.MPU6050_GetData
                0x000000000000108c       0x9c ./Hardware/Src/MPU6050.o
                0x000000000000108c                MPU6050_GetData
 .text.MPU6050_GetRoll
                0x0000000000001128       0xe6 ./Hardware/Src/MPU6050.o
                0x0000000000001128                MPU6050_GetRoll
 .text.PID_Update
                0x000000000000120e       0x92 ./Hardware/Src/PID.o
                0x000000000000120e                PID_Update
 .text.PWM_Init
                0x00000000000012a0       0xfe ./Hardware/Src/PWM.o
                0x00000000000012a0                PWM_Init
 .text.PWM_EnableChannel
                0x000000000000139e      0x168 ./Hardware/Src/PWM.o
                0x000000000000139e                PWM_EnableChannel
 .text.Delay_Init
                0x0000000000001506       0x2a ./Debug/debug.o
                0x0000000000001506                Delay_Init
 .text.Delay_Us
                0x0000000000001530       0x36 ./Debug/debug.o
                0x0000000000001530                Delay_Us
 .text.USART_Printf_Init
                0x0000000000001566       0x5a ./Debug/debug.o
                0x0000000000001566                USART_Printf_Init
 .text._write   0x00000000000015c0       0x3e ./Debug/debug.o
                0x00000000000015c0                _write
 .text.atan2    0x00000000000015fe        0x2 d:/mounriver/mounriver_studio2/resources/app/resources/win32/components/wch/toolchain/risc-v embedded gcc/bin/../lib/gcc/riscv-none-embed/8.2.0/../../../../riscv-none-embed/lib/rv32imacxw/ilp32\libm.a(lib_a-w_atan2.o)
                0x00000000000015fe                atan2
 .text.__ieee754_atan2
                0x0000000000001600      0x1de d:/mounriver/mounriver_studio2/resources/app/resources/win32/components/wch/toolchain/risc-v embedded gcc/bin/../lib/gcc/riscv-none-embed/8.2.0/../../../../riscv-none-embed/lib/rv32imacxw/ilp32\libm.a(lib_a-e_atan2.o)
                0x0000000000001600                __ieee754_atan2
 .text.atan     0x00000000000017de      0x33a d:/mounriver/mounriver_studio2/resources/app/resources/win32/components/wch/toolchain/risc-v embedded gcc/bin/../lib/gcc/riscv-none-embed/8.2.0/../../../../riscv-none-embed/lib/rv32imacxw/ilp32\libm.a(lib_a-s_atan.o)
                0x00000000000017de                atan
 .text.fabs     0x0000000000001b18        0x6 d:/mounriver/mounriver_studio2/resources/app/resources/win32/components/wch/toolchain/risc-v embedded gcc/bin/../lib/gcc/riscv-none-embed/8.2.0/../../../../riscv-none-embed/lib/rv32imacxw/ilp32\libm.a(lib_a-s_fabs.o)
                0x0000000000001b18                fabs
 .text.printchar
                0x0000000000001b1e       0x4a d:/mounriver/mounriver_studio2/resources/app/resources/win32/components/wch/toolchain/risc-v embedded gcc/bin/../lib/gcc/riscv-none-embed/8.2.0/../../../../riscv-none-embed/lib/rv32imacxw/ilp32\libprintfloat.a(printfloat.o)
                0x0000000000001b1e                printchar
 .text.prints   0x0000000000001b68       0xd8 d:/mounriver/mounriver_studio2/resources/app/resources/win32/components/wch/toolchain/risc-v embedded gcc/bin/../lib/gcc/riscv-none-embed/8.2.0/../../../../riscv-none-embed/lib/rv32imacxw/ilp32\libprintfloat.a(printfloat.o)
                0x0000000000001b68                prints
 .text.printInt
                0x0000000000001c40       0xe6 d:/mounriver/mounriver_studio2/resources/app/resources/win32/components/wch/toolchain/risc-v embedded gcc/bin/../lib/gcc/riscv-none-embed/8.2.0/../../../../riscv-none-embed/lib/rv32imacxw/ilp32\libprintfloat.a(printfloat.o)
                0x0000000000001c40                printInt
 .text.printLongLongInt
                0x0000000000001d26      0x11e d:/mounriver/mounriver_studio2/resources/app/resources/win32/components/wch/toolchain/risc-v embedded gcc/bin/../lib/gcc/riscv-none-embed/8.2.0/../../../../riscv-none-embed/lib/rv32imacxw/ilp32\libprintfloat.a(printfloat.o)
                0x0000000000001d26                printLongLongInt
 .text.printDouble
                0x0000000000001e44       0xfc d:/mounriver/mounriver_studio2/resources/app/resources/win32/components/wch/toolchain/risc-v embedded gcc/bin/../lib/gcc/riscv-none-embed/8.2.0/../../../../riscv-none-embed/lib/rv32imacxw/ilp32\libprintfloat.a(printfloat.o)
                0x0000000000001e44                printDouble
 .text.print    0x0000000000001f40      0x358 d:/mounriver/mounriver_studio2/resources/app/resources/win32/components/wch/toolchain/risc-v embedded gcc/bin/../lib/gcc/riscv-none-embed/8.2.0/../../../../riscv-none-embed/lib/rv32imacxw/ilp32\libprintfloat.a(printfloat.o)
                0x0000000000001f40                print
 .text.printf   0x0000000000002298       0x24 d:/mounriver/mounriver_studio2/resources/app/resources/win32/components/wch/toolchain/risc-v embedded gcc/bin/../lib/gcc/riscv-none-embed/8.2.0/../../../../riscv-none-embed/lib/rv32imacxw/ilp32\libprintfloat.a(printfloat.o)
                0x0000000000002298                printf
 .text.__udivdi3
                0x00000000000022bc      0x392 d:/mounriver/mounriver_studio2/resources/app/resources/win32/components/wch/toolchain/risc-v embedded gcc/bin/../lib/gcc/riscv-none-embed/8.2.0/rv32imacxw/ilp32\libgcc.a(_udivdi3.o)
                0x00000000000022bc                __udivdi3
 .text.__umoddi3
                0x000000000000264e      0x38a d:/mounriver/mounriver_studio2/resources/app/resources/win32/components/wch/toolchain/risc-v embedded gcc/bin/../lib/gcc/riscv-none-embed/8.2.0/rv32imacxw/ilp32\libgcc.a(_umoddi3.o)
                0x000000000000264e                __umoddi3
 .text.__adddf3
                0x00000000000029d8      0x730 d:/mounriver/mounriver_studio2/resources/app/resources/win32/components/wch/toolchain/risc-v embedded gcc/bin/../lib/gcc/riscv-none-embed/8.2.0/rv32imacxw/ilp32\libgcc.a(adddf3.o)
                0x00000000000029d8                __adddf3
 .text.__divdf3
                0x0000000000003108      0x5b4 d:/mounriver/mounriver_studio2/resources/app/resources/win32/components/wch/toolchain/risc-v embedded gcc/bin/../lib/gcc/riscv-none-embed/8.2.0/rv32imacxw/ilp32\libgcc.a(divdf3.o)
                0x0000000000003108                __divdf3
 .text.__gedf2  0x00000000000036bc       0xae d:/mounriver/mounriver_studio2/resources/app/resources/win32/components/wch/toolchain/risc-v embedded gcc/bin/../lib/gcc/riscv-none-embed/8.2.0/rv32imacxw/ilp32\libgcc.a(gedf2.o)
                0x00000000000036bc                __gedf2
                0x00000000000036bc                __gtdf2
 .text.__ledf2  0x000000000000376a       0xb6 d:/mounriver/mounriver_studio2/resources/app/resources/win32/components/wch/toolchain/risc-v embedded gcc/bin/../lib/gcc/riscv-none-embed/8.2.0/rv32imacxw/ilp32\libgcc.a(ledf2.o)
                0x000000000000376a                __ledf2
                0x000000000000376a                __ltdf2
 .text.__muldf3
                0x0000000000003820      0x4b8 d:/mounriver/mounriver_studio2/resources/app/resources/win32/components/wch/toolchain/risc-v embedded gcc/bin/../lib/gcc/riscv-none-embed/8.2.0/rv32imacxw/ilp32\libgcc.a(muldf3.o)
                0x0000000000003820                __muldf3
 .text.__subdf3
                0x0000000000003cd8      0x73e d:/mounriver/mounriver_studio2/resources/app/resources/win32/components/wch/toolchain/risc-v embedded gcc/bin/../lib/gcc/riscv-none-embed/8.2.0/rv32imacxw/ilp32\libgcc.a(subdf3.o)
                0x0000000000003cd8                __subdf3
 .text.__fixdfsi
                0x0000000000004416       0x68 d:/mounriver/mounriver_studio2/resources/app/resources/win32/components/wch/toolchain/risc-v embedded gcc/bin/../lib/gcc/riscv-none-embed/8.2.0/rv32imacxw/ilp32\libgcc.a(fixdfsi.o)
                0x0000000000004416                __fixdfsi
 .text.__floatsidf
                0x000000000000447e       0x72 d:/mounriver/mounriver_studio2/resources/app/resources/win32/components/wch/toolchain/risc-v embedded gcc/bin/../lib/gcc/riscv-none-embed/8.2.0/rv32imacxw/ilp32\libgcc.a(floatsidf.o)
                0x000000000000447e                __floatsidf
 .text.__fixdfdi
                0x00000000000044f0       0xbc d:/mounriver/mounriver_studio2/resources/app/resources/win32/components/wch/toolchain/risc-v embedded gcc/bin/../lib/gcc/riscv-none-embed/8.2.0/rv32imacxw/ilp32\libgcc.a(fixdfdi.o)
                0x00000000000044f0                __fixdfdi
 .text.__floatdidf
                0x00000000000045ac      0x1b6 d:/mounriver/mounriver_studio2/resources/app/resources/win32/components/wch/toolchain/risc-v embedded gcc/bin/../lib/gcc/riscv-none-embed/8.2.0/rv32imacxw/ilp32\libgcc.a(floatdidf.o)
                0x00000000000045ac                __floatdidf
 .text.__addsf3
                0x0000000000004762      0x36a d:/mounriver/mounriver_studio2/resources/app/resources/win32/components/wch/toolchain/risc-v embedded gcc/bin/../lib/gcc/riscv-none-embed/8.2.0/rv32imacxw/ilp32\libgcc.a(addsf3.o)
                0x0000000000004762                __addsf3
 .text.__eqsf2  0x0000000000004acc       0x5c d:/mounriver/mounriver_studio2/resources/app/resources/win32/components/wch/toolchain/risc-v embedded gcc/bin/../lib/gcc/riscv-none-embed/8.2.0/rv32imacxw/ilp32\libgcc.a(eqsf2.o)
                0x0000000000004acc                __eqsf2
                0x0000000000004acc                __nesf2
 .text.__gesf2  0x0000000000004b28       0x86 d:/mounriver/mounriver_studio2/resources/app/resources/win32/components/wch/toolchain/risc-v embedded gcc/bin/../lib/gcc/riscv-none-embed/8.2.0/rv32imacxw/ilp32\libgcc.a(gesf2.o)
                0x0000000000004b28                __gesf2
                0x0000000000004b28                __gtsf2
 .text.__lesf2  0x0000000000004bae       0x8c d:/mounriver/mounriver_studio2/resources/app/resources/win32/components/wch/toolchain/risc-v embedded gcc/bin/../lib/gcc/riscv-none-embed/8.2.0/rv32imacxw/ilp32\libgcc.a(lesf2.o)
                0x0000000000004bae                __ltsf2
                0x0000000000004bae                __lesf2
 .text.__mulsf3
                0x0000000000004c3a      0x294 d:/mounriver/mounriver_studio2/resources/app/resources/win32/components/wch/toolchain/risc-v embedded gcc/bin/../lib/gcc/riscv-none-embed/8.2.0/rv32imacxw/ilp32\libgcc.a(mulsf3.o)
                0x0000000000004c3a                __mulsf3
 .text.__subsf3
                0x0000000000004ece      0x388 d:/mounriver/mounriver_studio2/resources/app/resources/win32/components/wch/toolchain/risc-v embedded gcc/bin/../lib/gcc/riscv-none-embed/8.2.0/rv32imacxw/ilp32\libgcc.a(subsf3.o)
                0x0000000000004ece                __subsf3
 .text.__fixsfsi
                0x0000000000005256       0x62 d:/mounriver/mounriver_studio2/resources/app/resources/win32/components/wch/toolchain/risc-v embedded gcc/bin/../lib/gcc/riscv-none-embed/8.2.0/rv32imacxw/ilp32\libgcc.a(fixsfsi.o)
                0x0000000000005256                __fixsfsi
 .text.__floatsisf
                0x00000000000052b8       0xc6 d:/mounriver/mounriver_studio2/resources/app/resources/win32/components/wch/toolchain/risc-v embedded gcc/bin/../lib/gcc/riscv-none-embed/8.2.0/rv32imacxw/ilp32\libgcc.a(floatsisf.o)
                0x00000000000052b8                __floatsisf
 .text.__extendsfdf2
                0x000000000000537e       0xac d:/mounriver/mounriver_studio2/resources/app/resources/win32/components/wch/toolchain/risc-v embedded gcc/bin/../lib/gcc/riscv-none-embed/8.2.0/rv32imacxw/ilp32\libgcc.a(extendsfdf2.o)
                0x000000000000537e                __extendsfdf2
 .text.__truncdfsf2
                0x000000000000542a      0x16a d:/mounriver/mounriver_studio2/resources/app/resources/win32/components/wch/toolchain/risc-v embedded gcc/bin/../lib/gcc/riscv-none-embed/8.2.0/rv32imacxw/ilp32\libgcc.a(truncdfsf2.o)
                0x000000000000542a                __truncdfsf2
 .text.__clzsi2
                0x0000000000005594       0x6e d:/mounriver/mounriver_studio2/resources/app/resources/win32/components/wch/toolchain/risc-v embedded gcc/bin/../lib/gcc/riscv-none-embed/8.2.0/rv32imacxw/ilp32\libgcc.a(_clzsi2.o)
                0x0000000000005594                __clzsi2
 *(.rodata)
 *(.rodata*)
 *fill*         0x0000000000005602        0x2 
 .rodata.TIM3_IRQHandler.cst4
                0x0000000000005604        0x4 ./User/main.o
 *fill*         0x0000000000005608        0x0 
 .rodata.TIM3_IRQHandler.cst8
                0x0000000000005608       0x18 ./User/main.o
 .rodata.main.str1.4
                0x0000000000005620        0x5 ./User/main.o
 *fill*         0x0000000000005625        0x3 
 .rodata.MPU6050_GetRoll.cst4
                0x0000000000005628       0x14 ./Hardware/Src/MPU6050.o
 *fill*         0x000000000000563c        0x4 
 .rodata.MPU6050_GetRoll.cst8
                0x0000000000005640       0x10 ./Hardware/Src/MPU6050.o
 .rodata.__ieee754_atan2.cst8
                0x0000000000005650       0x50 d:/mounriver/mounriver_studio2/resources/app/resources/win32/components/wch/toolchain/risc-v embedded gcc/bin/../lib/gcc/riscv-none-embed/8.2.0/../../../../riscv-none-embed/lib/rv32imacxw/ilp32\libm.a(lib_a-e_atan2.o)
 .rodata.atan.cst8
                0x00000000000056a0       0x80 d:/mounriver/mounriver_studio2/resources/app/resources/win32/components/wch/toolchain/risc-v embedded gcc/bin/../lib/gcc/riscv-none-embed/8.2.0/../../../../riscv-none-embed/lib/rv32imacxw/ilp32\libm.a(lib_a-s_atan.o)
                                         0x90 (size before relaxing)
 .rodata.atanhi
                0x0000000000005720       0x20 d:/mounriver/mounriver_studio2/resources/app/resources/win32/components/wch/toolchain/risc-v embedded gcc/bin/../lib/gcc/riscv-none-embed/8.2.0/../../../../riscv-none-embed/lib/rv32imacxw/ilp32\libm.a(lib_a-s_atan.o)
 .rodata.atanlo
                0x0000000000005740       0x20 d:/mounriver/mounriver_studio2/resources/app/resources/win32/components/wch/toolchain/risc-v embedded gcc/bin/../lib/gcc/riscv-none-embed/8.2.0/../../../../riscv-none-embed/lib/rv32imacxw/ilp32\libm.a(lib_a-s_atan.o)
 .rodata.print.str1.4
                0x0000000000005760        0x8 d:/mounriver/mounriver_studio2/resources/app/resources/win32/components/wch/toolchain/risc-v embedded gcc/bin/../lib/gcc/riscv-none-embed/8.2.0/../../../../riscv-none-embed/lib/rv32imacxw/ilp32\libprintfloat.a(printfloat.o)
                                          0x7 (size before relaxing)
 .rodata.__divdf3
                0x0000000000005768       0x40 d:/mounriver/mounriver_studio2/resources/app/resources/win32/components/wch/toolchain/risc-v embedded gcc/bin/../lib/gcc/riscv-none-embed/8.2.0/rv32imacxw/ilp32\libgcc.a(divdf3.o)
 .rodata.__muldf3
                0x00000000000057a8       0x40 d:/mounriver/mounriver_studio2/resources/app/resources/win32/components/wch/toolchain/risc-v embedded gcc/bin/../lib/gcc/riscv-none-embed/8.2.0/rv32imacxw/ilp32\libgcc.a(muldf3.o)
 .rodata.__mulsf3
                0x00000000000057e8       0x40 d:/mounriver/mounriver_studio2/resources/app/resources/win32/components/wch/toolchain/risc-v embedded gcc/bin/../lib/gcc/riscv-none-embed/8.2.0/rv32imacxw/ilp32\libgcc.a(mulsf3.o)
 .rodata.__clz_tab
                0x0000000000005828      0x100 d:/mounriver/mounriver_studio2/resources/app/resources/win32/components/wch/toolchain/risc-v embedded gcc/bin/../lib/gcc/riscv-none-embed/8.2.0/rv32imacxw/ilp32\libgcc.a(_clz.o)
                0x0000000000005828                __clz_tab
 *(.gnu.linkonce.t.*)
                0x0000000000005928                . = ALIGN (0x4)

.rela.dyn       0x0000000000005928        0x0
 .rela.text.startup.main
                0x0000000000005928        0x0 ./User/ch32v30x_it.o
 .rela.init     0x0000000000005928        0x0 ./User/ch32v30x_it.o
 .rela.vector   0x0000000000005928        0x0 ./User/ch32v30x_it.o
 .rela.text.handle_reset
                0x0000000000005928        0x0 ./User/ch32v30x_it.o
 .rela.text.prints
                0x0000000000005928        0x0 ./User/ch32v30x_it.o
 .rela.text.printInt
                0x0000000000005928        0x0 ./User/ch32v30x_it.o
 .rela.text.printLongLongInt
                0x0000000000005928        0x0 ./User/ch32v30x_it.o
 .rela.text.printDouble
                0x0000000000005928        0x0 ./User/ch32v30x_it.o
 .rela.text.print
                0x0000000000005928        0x0 ./User/ch32v30x_it.o
 .rela.text.printf
                0x0000000000005928        0x0 ./User/ch32v30x_it.o

.fini           0x0000000000005928        0x0
 *(SORT_NONE(.fini))
                0x0000000000005928                . = ALIGN (0x4)
                [!provide]                        PROVIDE (_etext = .)
                [!provide]                        PROVIDE (_eitcm = .)

.preinit_array  0x0000000000005928        0x0
                [!provide]                        PROVIDE (__preinit_array_start = .)
 *(.preinit_array)
                [!provide]                        PROVIDE (__preinit_array_end = .)

.init_array     0x0000000000005928        0x0
                [!provide]                        PROVIDE (__init_array_start = .)
 *(SORT_BY_INIT_PRIORITY(.init_array.*) SORT_BY_INIT_PRIORITY(.ctors.*))
 *(.init_array EXCLUDE_FILE(*crtend?.o *crtend.o *crtbegin?.o *crtbegin.o) .ctors)
                [!provide]                        PROVIDE (__init_array_end = .)

.fini_array     0x0000000000005928        0x0
                [!provide]                        PROVIDE (__fini_array_start = .)
 *(SORT_BY_INIT_PRIORITY(.fini_array.*) SORT_BY_INIT_PRIORITY(.dtors.*))
 *(.fini_array EXCLUDE_FILE(*crtend?.o *crtend.o *crtbegin?.o *crtbegin.o) .dtors)
                [!provide]                        PROVIDE (__fini_array_end = .)

.ctors
 *crtbegin.o(.ctors)
 *crtbegin?.o(.ctors)
 *(EXCLUDE_FILE(*crtend?.o *crtend.o) .ctors)
 *(SORT_BY_NAME(.ctors.*))
 *(.ctors)

.dtors
 *crtbegin.o(.dtors)
 *crtbegin?.o(.dtors)
 *(EXCLUDE_FILE(*crtend?.o *crtend.o) .dtors)
 *(SORT_BY_NAME(.dtors.*))
 *(.dtors)

.dalign         0x0000000020000000        0x0 load address 0x0000000000005928
                0x0000000020000000                . = ALIGN (0x4)
                0x0000000020000000                PROVIDE (_data_vma = .)

.dlalign        0x0000000000005928        0x0
                0x0000000000005928                . = ALIGN (0x4)
                0x0000000000005928                PROVIDE (_data_lma = .)

.data           0x0000000020000000       0xb0 load address 0x0000000000005928
 *(.gnu.linkonce.r.*)
 *(.data .data.*)
 .data.AHBPrescTable
                0x0000000020000000       0x10 ./User/system_ch32v30x.o
                0x0000000020000000                AHBPrescTable
 .data.APBAHBPrescTable
                0x0000000020000010       0x10 ./Peripheral/src/ch32v30x_rcc.o
 .data.AngleLoop
                0x0000000020000020       0x2c ./Hardware/Src/Varibles.o
                0x0000000020000020                AngleLoop
 .data.SpeedLoop
                0x000000002000004c       0x2c ./Hardware/Src/Varibles.o
                0x000000002000004c                SpeedLoop
 .data.TurnLoop
                0x0000000020000078       0x2c ./Hardware/Src/Varibles.o
                0x0000000020000078                TurnLoop
 *(.gnu.linkonce.d.*)
                0x00000000200000a8                . = ALIGN (0x8)
 *fill*         0x00000000200000a4        0x4 
                0x00000000200008a8                PROVIDE (__global_pointer$ = (. + 0x800))
 *(.sdata .sdata.*)
 .sdata.SystemCoreClock
                0x00000000200000a8        0x4 ./User/system_ch32v30x.o
                0x00000000200000a8                SystemCoreClock
 .sdata.ADCPrescTable
                0x00000000200000ac        0x4 ./Peripheral/src/ch32v30x_rcc.o
 *(.sdata2.*)
 *(.gnu.linkonce.s.*)
                0x00000000200000b0                . = ALIGN (0x8)
 *(.srodata.cst16)
 *(.srodata.cst8)
 *(.srodata.cst4)
 *(.srodata.cst2)
 *(.srodata .srodata.*)
                0x00000000200000b0                . = ALIGN (0x4)
                0x00000000200000b0                PROVIDE (_edata = .)

.bss            0x00000000200000b0       0x58 load address 0x00000000000059d8
                0x00000000200000b0                . = ALIGN (0x4)
                0x00000000200000b0                PROVIDE (_sbss = .)
 *(.sbss*)
 .sbss.Count1   0x00000000200000b0        0x2 ./User/main.o
                0x00000000200000b0                Count1
 .sbss.Count2   0x00000000200000b2        0x2 ./User/main.o
                0x00000000200000b2                Count2
 .sbss.NVIC_Priority_Group
                0x00000000200000b4        0x4 ./Peripheral/src/ch32v30x_misc.o
                0x00000000200000b4                NVIC_Priority_Group
 .sbss.AvePWM   0x00000000200000b8        0x2 ./Hardware/Src/Varibles.o
                0x00000000200000b8                AvePWM
 *fill*         0x00000000200000ba        0x2 
 .sbss.AveSpeed
                0x00000000200000bc        0x4 ./Hardware/Src/Varibles.o
                0x00000000200000bc                AveSpeed
 .sbss.DifPWM   0x00000000200000c0        0x2 ./Hardware/Src/Varibles.o
                0x00000000200000c0                DifPWM
 *fill*         0x00000000200000c2        0x2 
 .sbss.DifSpeed
                0x00000000200000c4        0x4 ./Hardware/Src/Varibles.o
                0x00000000200000c4                DifSpeed
 .sbss.LeftPWM  0x00000000200000c8        0x2 ./Hardware/Src/Varibles.o
                0x00000000200000c8                LeftPWM
 .sbss.RightPWM
                0x00000000200000ca        0x2 ./Hardware/Src/Varibles.o
                0x00000000200000ca                RightPWM
 .sbss.SpeedLeft
                0x00000000200000cc        0x4 ./Hardware/Src/Varibles.o
                0x00000000200000cc                SpeedLeft
 .sbss.SpeedRight
                0x00000000200000d0        0x4 ./Hardware/Src/Varibles.o
                0x00000000200000d0                SpeedRight
 .sbss.p_ms     0x00000000200000d4        0x2 ./Debug/debug.o
 .sbss.p_us     0x00000000200000d6        0x1 ./Debug/debug.o
 *(.gnu.linkonce.sb.*)
 *(.bss*)
 *fill*         0x00000000200000d7        0x1 
 .bss.AngleAcc  0x00000000200000d8        0xc ./Hardware/Src/Varibles.o
                0x00000000200000d8                AngleAcc
 .bss.AngleFilter
                0x00000000200000e4        0xc ./Hardware/Src/Varibles.o
                0x00000000200000e4                AngleFilter
 .bss.AngleGyro
                0x00000000200000f0        0xc ./Hardware/Src/Varibles.o
                0x00000000200000f0                AngleGyro
 .bss.MPU6050_Data
                0x00000000200000fc        0xc ./Hardware/Src/Varibles.o
                0x00000000200000fc                MPU6050_Data
 *(.gnu.linkonce.b.*)
 *(COMMON*)
                0x0000000020000108                . = ALIGN (0x4)
                0x0000000020000108                PROVIDE (_ebss = .)
                0x0000000020000108                PROVIDE (_end = _ebss)
                [!provide]                        PROVIDE (end = .)

.stack          0x0000000020007800      0x800
                0x0000000020007800                PROVIDE (_heap_end = .)
                0x0000000020007800                . = ALIGN (0x4)
                [!provide]                        PROVIDE (_susrstack = .)
                0x0000000020008000                . = (. + __stack_size)
 *fill*         0x0000000020007800      0x800 
                0x0000000020008000                PROVIDE (_eusrstack = .)
OUTPUT(Project.elf elf32-littleriscv)

.debug_info     0x0000000000000000    0x1036e
 .debug_info    0x0000000000000000      0xbc0 ./User/ch32v30x_it.o
 .debug_info    0x0000000000000bc0     0x11f3 ./User/main.o
 .debug_info    0x0000000000001db3      0xb4d ./User/system_ch32v30x.o
 .debug_info    0x0000000000002900       0x22 ./Startup/startup_ch32v30x_D8C.o
 .debug_info    0x0000000000002922     0x12aa ./Peripheral/src/ch32v30x_gpio.o
 .debug_info    0x0000000000003bcc      0xf5b ./Peripheral/src/ch32v30x_misc.o
 .debug_info    0x0000000000004b27     0x158a ./Peripheral/src/ch32v30x_rcc.o
 .debug_info    0x00000000000060b1     0x2a54 ./Peripheral/src/ch32v30x_tim.o
 .debug_info    0x0000000000008b05     0x13cd ./Peripheral/src/ch32v30x_usart.o
 .debug_info    0x0000000000009ed2      0xff5 ./Hardware/Src/Encoder.o
 .debug_info    0x000000000000aec7     0x1650 ./Hardware/Src/MPU6050.o
 .debug_info    0x000000000000c517      0xa31 ./Hardware/Src/PID.o
 .debug_info    0x000000000000cf48     0x175e ./Hardware/Src/PWM.o
 .debug_info    0x000000000000e6a6      0xd7e ./Hardware/Src/Varibles.o
 .debug_info    0x000000000000f424      0xf4a ./Debug/debug.o

.debug_abbrev   0x0000000000000000     0x26c9
 .debug_abbrev  0x0000000000000000      0x22c ./User/ch32v30x_it.o
 .debug_abbrev  0x000000000000022c      0x2c5 ./User/main.o
 .debug_abbrev  0x00000000000004f1      0x28b ./User/system_ch32v30x.o
 .debug_abbrev  0x000000000000077c       0x12 ./Startup/startup_ch32v30x_D8C.o
 .debug_abbrev  0x000000000000078e      0x31a ./Peripheral/src/ch32v30x_gpio.o
 .debug_abbrev  0x0000000000000aa8      0x2da ./Peripheral/src/ch32v30x_misc.o
 .debug_abbrev  0x0000000000000d82      0x351 ./Peripheral/src/ch32v30x_rcc.o
 .debug_abbrev  0x00000000000010d3      0x3ff ./Peripheral/src/ch32v30x_tim.o
 .debug_abbrev  0x00000000000014d2      0x312 ./Peripheral/src/ch32v30x_usart.o
 .debug_abbrev  0x00000000000017e4      0x2ab ./Hardware/Src/Encoder.o
 .debug_abbrev  0x0000000000001a8f      0x307 ./Hardware/Src/MPU6050.o
 .debug_abbrev  0x0000000000001d96      0x20d ./Hardware/Src/PID.o
 .debug_abbrev  0x0000000000001fa3      0x271 ./Hardware/Src/PWM.o
 .debug_abbrev  0x0000000000002214      0x1c0 ./Hardware/Src/Varibles.o
 .debug_abbrev  0x00000000000023d4      0x2f5 ./Debug/debug.o

.debug_aranges  0x0000000000000000      0x868
 .debug_aranges
                0x0000000000000000       0x28 ./User/ch32v30x_it.o
 .debug_aranges
                0x0000000000000028       0x28 ./User/main.o
 .debug_aranges
                0x0000000000000050       0x28 ./User/system_ch32v30x.o
 .debug_aranges
                0x0000000000000078       0x30 ./Startup/startup_ch32v30x_D8C.o
 .debug_aranges
                0x00000000000000a8       0xb0 ./Peripheral/src/ch32v30x_gpio.o
 .debug_aranges
                0x0000000000000158       0x28 ./Peripheral/src/ch32v30x_misc.o
 .debug_aranges
                0x0000000000000180      0x1a8 ./Peripheral/src/ch32v30x_rcc.o
 .debug_aranges
                0x0000000000000328      0x2d0 ./Peripheral/src/ch32v30x_tim.o
 .debug_aranges
                0x00000000000005f8       0xf0 ./Peripheral/src/ch32v30x_usart.o
 .debug_aranges
                0x00000000000006e8       0x28 ./Hardware/Src/Encoder.o
 .debug_aranges
                0x0000000000000710       0x98 ./Hardware/Src/MPU6050.o
 .debug_aranges
                0x00000000000007a8       0x28 ./Hardware/Src/PID.o
 .debug_aranges
                0x00000000000007d0       0x30 ./Hardware/Src/PWM.o
 .debug_aranges
                0x0000000000000800       0x18 ./Hardware/Src/Varibles.o
 .debug_aranges
                0x0000000000000818       0x50 ./Debug/debug.o

.debug_ranges   0x0000000000000000      0x790
 .debug_ranges  0x0000000000000000       0x18 ./User/ch32v30x_it.o
 .debug_ranges  0x0000000000000018       0x18 ./User/main.o
 .debug_ranges  0x0000000000000030       0x18 ./User/system_ch32v30x.o
 .debug_ranges  0x0000000000000048       0x28 ./Startup/startup_ch32v30x_D8C.o
 .debug_ranges  0x0000000000000070       0xa0 ./Peripheral/src/ch32v30x_gpio.o
 .debug_ranges  0x0000000000000110       0x30 ./Peripheral/src/ch32v30x_misc.o
 .debug_ranges  0x0000000000000140      0x198 ./Peripheral/src/ch32v30x_rcc.o
 .debug_ranges  0x00000000000002d8      0x2c0 ./Peripheral/src/ch32v30x_tim.o
 .debug_ranges  0x0000000000000598       0xe0 ./Peripheral/src/ch32v30x_usart.o
 .debug_ranges  0x0000000000000678       0x18 ./Hardware/Src/Encoder.o
 .debug_ranges  0x0000000000000690       0x88 ./Hardware/Src/MPU6050.o
 .debug_ranges  0x0000000000000718       0x18 ./Hardware/Src/PID.o
 .debug_ranges  0x0000000000000730       0x20 ./Hardware/Src/PWM.o
 .debug_ranges  0x0000000000000750       0x40 ./Debug/debug.o

.debug_line     0x0000000000000000     0xaecd
 .debug_line    0x0000000000000000      0x2fe ./User/ch32v30x_it.o
 .debug_line    0x00000000000002fe      0x7e8 ./User/main.o
 .debug_line    0x0000000000000ae6      0x814 ./User/system_ch32v30x.o
 .debug_line    0x00000000000012fa      0x122 ./Startup/startup_ch32v30x_D8C.o
 .debug_line    0x000000000000141c     0x129a ./Peripheral/src/ch32v30x_gpio.o
 .debug_line    0x00000000000026b6      0x418 ./Peripheral/src/ch32v30x_misc.o
 .debug_line    0x0000000000002ace     0x19cc ./Peripheral/src/ch32v30x_rcc.o
 .debug_line    0x000000000000449a     0x31b2 ./Peripheral/src/ch32v30x_tim.o
 .debug_line    0x000000000000764c      0xf5d ./Peripheral/src/ch32v30x_usart.o
 .debug_line    0x00000000000085a9      0x51b ./Hardware/Src/Encoder.o
 .debug_line    0x0000000000008ac4      0xbca ./Hardware/Src/MPU6050.o
 .debug_line    0x000000000000968e      0x477 ./Hardware/Src/PID.o
 .debug_line    0x0000000000009b05      0x9a2 ./Hardware/Src/PWM.o
 .debug_line    0x000000000000a4a7      0x2a4 ./Hardware/Src/Varibles.o
 .debug_line    0x000000000000a74b      0x782 ./Debug/debug.o

.debug_str      0x0000000000000000     0x2cb9
 .debug_str     0x0000000000000000      0x60c ./User/ch32v30x_it.o
                                        0x67a (size before relaxing)
 .debug_str     0x000000000000060c      0x42d ./User/main.o
                                        0xa33 (size before relaxing)
 .debug_str     0x0000000000000a39       0xf1 ./User/system_ch32v30x.o
                                        0x6ad (size before relaxing)
 .debug_str     0x0000000000000b2a       0x2e ./Startup/startup_ch32v30x_D8C.o
                                         0x4f (size before relaxing)
 .debug_str     0x0000000000000b58      0x3fe ./Peripheral/src/ch32v30x_gpio.o
                                        0x9a5 (size before relaxing)
 .debug_str     0x0000000000000f56      0x63c ./Peripheral/src/ch32v30x_misc.o
                                        0xcae (size before relaxing)
 .debug_str     0x0000000000001592      0x5db ./Peripheral/src/ch32v30x_rcc.o
                                        0xcd4 (size before relaxing)
 .debug_str     0x0000000000001b6d      0xa8a ./Peripheral/src/ch32v30x_tim.o
                                       0x1283 (size before relaxing)
 .debug_str     0x00000000000025f7      0x3f5 ./Peripheral/src/ch32v30x_usart.o
                                        0xaef (size before relaxing)
 .debug_str     0x00000000000029ec       0x75 ./Hardware/Src/Encoder.o
                                        0x9c6 (size before relaxing)
 .debug_str     0x0000000000002a61      0x11b ./Hardware/Src/MPU6050.o
                                        0xa91 (size before relaxing)
 .debug_str     0x0000000000002b7c       0x1f ./Hardware/Src/PID.o
                                        0x5e0 (size before relaxing)
 .debug_str     0x0000000000002b9b       0x72 ./Hardware/Src/PWM.o
                                        0xd24 (size before relaxing)
 .debug_str     0x0000000000002c0d       0x1b ./Hardware/Src/Varibles.o
                                        0x71e (size before relaxing)
 .debug_str     0x0000000000002c28       0x91 ./Debug/debug.o
                                        0x916 (size before relaxing)

.comment        0x0000000000000000       0x33
 .comment       0x0000000000000000       0x33 ./User/ch32v30x_it.o
                                         0x34 (size before relaxing)
 .comment       0x0000000000000033       0x34 ./User/main.o
 .comment       0x0000000000000033       0x34 ./User/system_ch32v30x.o
 .comment       0x0000000000000033       0x34 ./Peripheral/src/ch32v30x_gpio.o
 .comment       0x0000000000000033       0x34 ./Peripheral/src/ch32v30x_misc.o
 .comment       0x0000000000000033       0x34 ./Peripheral/src/ch32v30x_rcc.o
 .comment       0x0000000000000033       0x34 ./Peripheral/src/ch32v30x_tim.o
 .comment       0x0000000000000033       0x34 ./Peripheral/src/ch32v30x_usart.o
 .comment       0x0000000000000033       0x34 ./Hardware/Src/Encoder.o
 .comment       0x0000000000000033       0x34 ./Hardware/Src/MPU6050.o
 .comment       0x0000000000000033       0x34 ./Hardware/Src/PID.o
 .comment       0x0000000000000033       0x34 ./Hardware/Src/PWM.o
 .comment       0x0000000000000033       0x34 ./Hardware/Src/Varibles.o
 .comment       0x0000000000000033       0x34 ./Debug/debug.o
 .comment       0x0000000000000033       0x34 d:/mounriver/mounriver_studio2/resources/app/resources/win32/components/wch/toolchain/risc-v embedded gcc/bin/../lib/gcc/riscv-none-embed/8.2.0/../../../../riscv-none-embed/lib/rv32imacxw/ilp32\libprintfloat.a(printfloat.o)

.debug_frame    0x0000000000000000     0x16a0
 .debug_frame   0x0000000000000000       0x30 ./User/ch32v30x_it.o
 .debug_frame   0x0000000000000030       0x68 ./User/main.o
 .debug_frame   0x0000000000000098       0x30 ./User/system_ch32v30x.o
 .debug_frame   0x00000000000000c8      0x174 ./Peripheral/src/ch32v30x_gpio.o
 .debug_frame   0x000000000000023c       0x30 ./Peripheral/src/ch32v30x_misc.o
 .debug_frame   0x000000000000026c      0x344 ./Peripheral/src/ch32v30x_rcc.o
 .debug_frame   0x00000000000005b0      0x614 ./Peripheral/src/ch32v30x_tim.o
 .debug_frame   0x0000000000000bc4      0x1e4 ./Peripheral/src/ch32v30x_usart.o
 .debug_frame   0x0000000000000da8       0x58 ./Hardware/Src/Encoder.o
 .debug_frame   0x0000000000000e00      0x21c ./Hardware/Src/MPU6050.o
 .debug_frame   0x000000000000101c       0x4c ./Hardware/Src/PID.o
 .debug_frame   0x0000000000001068       0x88 ./Hardware/Src/PWM.o
 .debug_frame   0x00000000000010f0       0xb8 ./Debug/debug.o
 .debug_frame   0x00000000000011a8       0x20 d:/mounriver/mounriver_studio2/resources/app/resources/win32/components/wch/toolchain/risc-v embedded gcc/bin/../lib/gcc/riscv-none-embed/8.2.0/../../../../riscv-none-embed/lib/rv32imacxw/ilp32\libm.a(lib_a-w_atan2.o)
 .debug_frame   0x00000000000011c8       0x48 d:/mounriver/mounriver_studio2/resources/app/resources/win32/components/wch/toolchain/risc-v embedded gcc/bin/../lib/gcc/riscv-none-embed/8.2.0/../../../../riscv-none-embed/lib/rv32imacxw/ilp32\libm.a(lib_a-e_atan2.o)
 .debug_frame   0x0000000000001210       0x50 d:/mounriver/mounriver_studio2/resources/app/resources/win32/components/wch/toolchain/risc-v embedded gcc/bin/../lib/gcc/riscv-none-embed/8.2.0/../../../../riscv-none-embed/lib/rv32imacxw/ilp32\libm.a(lib_a-s_atan.o)
 .debug_frame   0x0000000000001260       0x20 d:/mounriver/mounriver_studio2/resources/app/resources/win32/components/wch/toolchain/risc-v embedded gcc/bin/../lib/gcc/riscv-none-embed/8.2.0/../../../../riscv-none-embed/lib/rv32imacxw/ilp32\libm.a(lib_a-s_fabs.o)
 .debug_frame   0x0000000000001280       0x44 d:/mounriver/mounriver_studio2/resources/app/resources/win32/components/wch/toolchain/risc-v embedded gcc/bin/../lib/gcc/riscv-none-embed/8.2.0/rv32imacxw/ilp32\libgcc.a(adddf3.o)
 .debug_frame   0x00000000000012c4       0x50 d:/mounriver/mounriver_studio2/resources/app/resources/win32/components/wch/toolchain/risc-v embedded gcc/bin/../lib/gcc/riscv-none-embed/8.2.0/rv32imacxw/ilp32\libgcc.a(divdf3.o)
 .debug_frame   0x0000000000001314       0x20 d:/mounriver/mounriver_studio2/resources/app/resources/win32/components/wch/toolchain/risc-v embedded gcc/bin/../lib/gcc/riscv-none-embed/8.2.0/rv32imacxw/ilp32\libgcc.a(gedf2.o)
 .debug_frame   0x0000000000001334       0x20 d:/mounriver/mounriver_studio2/resources/app/resources/win32/components/wch/toolchain/risc-v embedded gcc/bin/../lib/gcc/riscv-none-embed/8.2.0/rv32imacxw/ilp32\libgcc.a(ledf2.o)
 .debug_frame   0x0000000000001354       0x54 d:/mounriver/mounriver_studio2/resources/app/resources/win32/components/wch/toolchain/risc-v embedded gcc/bin/../lib/gcc/riscv-none-embed/8.2.0/rv32imacxw/ilp32\libgcc.a(muldf3.o)
 .debug_frame   0x00000000000013a8       0x44 d:/mounriver/mounriver_studio2/resources/app/resources/win32/components/wch/toolchain/risc-v embedded gcc/bin/../lib/gcc/riscv-none-embed/8.2.0/rv32imacxw/ilp32\libgcc.a(subdf3.o)
 .debug_frame   0x00000000000013ec       0x20 d:/mounriver/mounriver_studio2/resources/app/resources/win32/components/wch/toolchain/risc-v embedded gcc/bin/../lib/gcc/riscv-none-embed/8.2.0/rv32imacxw/ilp32\libgcc.a(fixdfsi.o)
 .debug_frame   0x000000000000140c       0x38 d:/mounriver/mounriver_studio2/resources/app/resources/win32/components/wch/toolchain/risc-v embedded gcc/bin/../lib/gcc/riscv-none-embed/8.2.0/rv32imacxw/ilp32\libgcc.a(floatsidf.o)
 .debug_frame   0x0000000000001444       0x20 d:/mounriver/mounriver_studio2/resources/app/resources/win32/components/wch/toolchain/risc-v embedded gcc/bin/../lib/gcc/riscv-none-embed/8.2.0/rv32imacxw/ilp32\libgcc.a(fixdfdi.o)
 .debug_frame   0x0000000000001464       0x40 d:/mounriver/mounriver_studio2/resources/app/resources/win32/components/wch/toolchain/risc-v embedded gcc/bin/../lib/gcc/riscv-none-embed/8.2.0/rv32imacxw/ilp32\libgcc.a(floatdidf.o)
 .debug_frame   0x00000000000014a4       0x40 d:/mounriver/mounriver_studio2/resources/app/resources/win32/components/wch/toolchain/risc-v embedded gcc/bin/../lib/gcc/riscv-none-embed/8.2.0/rv32imacxw/ilp32\libgcc.a(addsf3.o)
 .debug_frame   0x00000000000014e4       0x20 d:/mounriver/mounriver_studio2/resources/app/resources/win32/components/wch/toolchain/risc-v embedded gcc/bin/../lib/gcc/riscv-none-embed/8.2.0/rv32imacxw/ilp32\libgcc.a(eqsf2.o)
 .debug_frame   0x0000000000001504       0x20 d:/mounriver/mounriver_studio2/resources/app/resources/win32/components/wch/toolchain/risc-v embedded gcc/bin/../lib/gcc/riscv-none-embed/8.2.0/rv32imacxw/ilp32\libgcc.a(gesf2.o)
 .debug_frame   0x0000000000001524       0x20 d:/mounriver/mounriver_studio2/resources/app/resources/win32/components/wch/toolchain/risc-v embedded gcc/bin/../lib/gcc/riscv-none-embed/8.2.0/rv32imacxw/ilp32\libgcc.a(lesf2.o)
 .debug_frame   0x0000000000001544       0x50 d:/mounriver/mounriver_studio2/resources/app/resources/win32/components/wch/toolchain/risc-v embedded gcc/bin/../lib/gcc/riscv-none-embed/8.2.0/rv32imacxw/ilp32\libgcc.a(mulsf3.o)
 .debug_frame   0x0000000000001594       0x3c d:/mounriver/mounriver_studio2/resources/app/resources/win32/components/wch/toolchain/risc-v embedded gcc/bin/../lib/gcc/riscv-none-embed/8.2.0/rv32imacxw/ilp32\libgcc.a(subsf3.o)
 .debug_frame   0x00000000000015d0       0x20 d:/mounriver/mounriver_studio2/resources/app/resources/win32/components/wch/toolchain/risc-v embedded gcc/bin/../lib/gcc/riscv-none-embed/8.2.0/rv32imacxw/ilp32\libgcc.a(fixsfsi.o)
 .debug_frame   0x00000000000015f0       0x38 d:/mounriver/mounriver_studio2/resources/app/resources/win32/components/wch/toolchain/risc-v embedded gcc/bin/../lib/gcc/riscv-none-embed/8.2.0/rv32imacxw/ilp32\libgcc.a(floatsisf.o)
 .debug_frame   0x0000000000001628       0x38 d:/mounriver/mounriver_studio2/resources/app/resources/win32/components/wch/toolchain/risc-v embedded gcc/bin/../lib/gcc/riscv-none-embed/8.2.0/rv32imacxw/ilp32\libgcc.a(extendsfdf2.o)
 .debug_frame   0x0000000000001660       0x20 d:/mounriver/mounriver_studio2/resources/app/resources/win32/components/wch/toolchain/risc-v embedded gcc/bin/../lib/gcc/riscv-none-embed/8.2.0/rv32imacxw/ilp32\libgcc.a(truncdfsf2.o)
 .debug_frame   0x0000000000001680       0x20 d:/mounriver/mounriver_studio2/resources/app/resources/win32/components/wch/toolchain/risc-v embedded gcc/bin/../lib/gcc/riscv-none-embed/8.2.0/rv32imacxw/ilp32\libgcc.a(_clzsi2.o)

.debug_loc      0x0000000000000000     0x3a1a
 .debug_loc     0x0000000000000000      0x163 ./User/system_ch32v30x.o
 .debug_loc     0x0000000000000163      0x72b ./Peripheral/src/ch32v30x_gpio.o
 .debug_loc     0x000000000000088e       0x61 ./Peripheral/src/ch32v30x_misc.o
 .debug_loc     0x00000000000008ef      0xadb ./Peripheral/src/ch32v30x_rcc.o
 .debug_loc     0x00000000000013ca     0x18b7 ./Peripheral/src/ch32v30x_tim.o
 .debug_loc     0x0000000000002c81      0x7ed ./Peripheral/src/ch32v30x_usart.o
 .debug_loc     0x000000000000346e       0x70 ./Hardware/Src/Encoder.o
 .debug_loc     0x00000000000034de      0x2d8 ./Hardware/Src/MPU6050.o
 .debug_loc     0x00000000000037b6       0x1e ./Hardware/Src/PID.o
 .debug_loc     0x00000000000037d4       0xcf ./Hardware/Src/PWM.o
 .debug_loc     0x00000000000038a3      0x177 ./Debug/debug.o
