Archive member included to satisfy reference by file (symbol)

d:/mounriver/mounriver_studio2/resources/app/resources/win32/components/wch/toolchain/risc-v embedded gcc12/bin/../lib/gcc/riscv-wch-elf/12.2.0/../../../../riscv-wch-elf/lib/rv32imac_xw/ilp32\libm_nano.a(lib_a-sf_cos.o)
                              ./Hardware/Src/ArmKinematics.o (cosf)
d:/mounriver/mounriver_studio2/resources/app/resources/win32/components/wch/toolchain/risc-v embedded gcc12/bin/../lib/gcc/riscv-wch-elf/12.2.0/../../../../riscv-wch-elf/lib/rv32imac_xw/ilp32\libm_nano.a(lib_a-sf_sin.o)
                              ./Hardware/Src/ArmKinematics.o (sinf)
d:/mounriver/mounriver_studio2/resources/app/resources/win32/components/wch/toolchain/risc-v embedded gcc12/bin/../lib/gcc/riscv-wch-elf/12.2.0/../../../../riscv-wch-elf/lib/rv32imac_xw/ilp32\libm_nano.a(lib_a-wf_atan2.o)
                              ./Hardware/Src/ArmKinematics.o (atan2f)
d:/mounriver/mounriver_studio2/resources/app/resources/win32/components/wch/toolchain/risc-v embedded gcc12/bin/../lib/gcc/riscv-wch-elf/12.2.0/../../../../riscv-wch-elf/lib/rv32imac_xw/ilp32\libm_nano.a(lib_a-wf_sqrt.o)
                              ./Hardware/Src/ArmKinematics.o (sqrtf)
d:/mounriver/mounriver_studio2/resources/app/resources/win32/components/wch/toolchain/risc-v embedded gcc12/bin/../lib/gcc/riscv-wch-elf/12.2.0/../../../../riscv-wch-elf/lib/rv32imac_xw/ilp32\libm_nano.a(lib_a-ef_atan2.o)
                              d:/mounriver/mounriver_studio2/resources/app/resources/win32/components/wch/toolchain/risc-v embedded gcc12/bin/../lib/gcc/riscv-wch-elf/12.2.0/../../../../riscv-wch-elf/lib/rv32imac_xw/ilp32\libm_nano.a(lib_a-wf_atan2.o) (__ieee754_atan2f)
d:/mounriver/mounriver_studio2/resources/app/resources/win32/components/wch/toolchain/risc-v embedded gcc12/bin/../lib/gcc/riscv-wch-elf/12.2.0/../../../../riscv-wch-elf/lib/rv32imac_xw/ilp32\libm_nano.a(lib_a-ef_rem_pio2.o)
                              d:/mounriver/mounriver_studio2/resources/app/resources/win32/components/wch/toolchain/risc-v embedded gcc12/bin/../lib/gcc/riscv-wch-elf/12.2.0/../../../../riscv-wch-elf/lib/rv32imac_xw/ilp32\libm_nano.a(lib_a-sf_cos.o) (__ieee754_rem_pio2f)
d:/mounriver/mounriver_studio2/resources/app/resources/win32/components/wch/toolchain/risc-v embedded gcc12/bin/../lib/gcc/riscv-wch-elf/12.2.0/../../../../riscv-wch-elf/lib/rv32imac_xw/ilp32\libm_nano.a(lib_a-ef_sqrt.o)
                              d:/mounriver/mounriver_studio2/resources/app/resources/win32/components/wch/toolchain/risc-v embedded gcc12/bin/../lib/gcc/riscv-wch-elf/12.2.0/../../../../riscv-wch-elf/lib/rv32imac_xw/ilp32\libm_nano.a(lib_a-wf_sqrt.o) (__ieee754_sqrtf)
d:/mounriver/mounriver_studio2/resources/app/resources/win32/components/wch/toolchain/risc-v embedded gcc12/bin/../lib/gcc/riscv-wch-elf/12.2.0/../../../../riscv-wch-elf/lib/rv32imac_xw/ilp32\libm_nano.a(lib_a-kf_cos.o)
                              d:/mounriver/mounriver_studio2/resources/app/resources/win32/components/wch/toolchain/risc-v embedded gcc12/bin/../lib/gcc/riscv-wch-elf/12.2.0/../../../../riscv-wch-elf/lib/rv32imac_xw/ilp32\libm_nano.a(lib_a-sf_cos.o) (__kernel_cosf)
d:/mounriver/mounriver_studio2/resources/app/resources/win32/components/wch/toolchain/risc-v embedded gcc12/bin/../lib/gcc/riscv-wch-elf/12.2.0/../../../../riscv-wch-elf/lib/rv32imac_xw/ilp32\libm_nano.a(lib_a-kf_rem_pio2.o)
                              d:/mounriver/mounriver_studio2/resources/app/resources/win32/components/wch/toolchain/risc-v embedded gcc12/bin/../lib/gcc/riscv-wch-elf/12.2.0/../../../../riscv-wch-elf/lib/rv32imac_xw/ilp32\libm_nano.a(lib_a-ef_rem_pio2.o) (__kernel_rem_pio2f)
d:/mounriver/mounriver_studio2/resources/app/resources/win32/components/wch/toolchain/risc-v embedded gcc12/bin/../lib/gcc/riscv-wch-elf/12.2.0/../../../../riscv-wch-elf/lib/rv32imac_xw/ilp32\libm_nano.a(lib_a-kf_sin.o)
                              d:/mounriver/mounriver_studio2/resources/app/resources/win32/components/wch/toolchain/risc-v embedded gcc12/bin/../lib/gcc/riscv-wch-elf/12.2.0/../../../../riscv-wch-elf/lib/rv32imac_xw/ilp32\libm_nano.a(lib_a-sf_cos.o) (__kernel_sinf)
d:/mounriver/mounriver_studio2/resources/app/resources/win32/components/wch/toolchain/risc-v embedded gcc12/bin/../lib/gcc/riscv-wch-elf/12.2.0/../../../../riscv-wch-elf/lib/rv32imac_xw/ilp32\libm_nano.a(lib_a-sf_atan.o)
                              d:/mounriver/mounriver_studio2/resources/app/resources/win32/components/wch/toolchain/risc-v embedded gcc12/bin/../lib/gcc/riscv-wch-elf/12.2.0/../../../../riscv-wch-elf/lib/rv32imac_xw/ilp32\libm_nano.a(lib_a-ef_atan2.o) (atanf)
d:/mounriver/mounriver_studio2/resources/app/resources/win32/components/wch/toolchain/risc-v embedded gcc12/bin/../lib/gcc/riscv-wch-elf/12.2.0/../../../../riscv-wch-elf/lib/rv32imac_xw/ilp32\libm_nano.a(lib_a-sf_fabs.o)
[...]
Memory Configuration

Name             Origin             Length             Attributes
FLASH            0x0000000000000000 0x0000000000048000 xr
RAM              0x0000000020000000 0x0000000000008000 xrw
*default*        0x0000000000000000 0xffffffffffffffff

Linker script and memory map

LOAD ./User/ch32v30x_it.o
LOAD ./User/main.o
LOAD ./User/system_ch32v30x.o
LOAD ./Startup/startup_ch32v30x_D8C.o
LOAD ./Peripheral/src/ch32v30x_adc.o
LOAD ./Peripheral/src/ch32v30x_bkp.o
LOAD ./Peripheral/src/ch32v30x_can.o
LOAD ./Peripheral/src/ch32v30x_crc.o
LOAD ./Peripheral/src/ch32v30x_dac.o
LOAD ./Peripheral/src/ch32v30x_dbgmcu.o
LOAD ./Peripheral/src/ch32v30x_dma.o
LOAD ./Peripheral/src/ch32v30x_dvp.o
LOAD ./Peripheral/src/ch32v30x_eth.o
LOAD ./Peripheral/src/ch32v30x_exti.o
LOAD ./Peripheral/src/ch32v30x_flash.o
LOAD ./Peripheral/src/ch32v30x_fsmc.o
LOAD ./Peripheral/src/ch32v30x_gpio.o
LOAD ./Peripheral/src/ch32v30x_i2c.o
LOAD ./Peripheral/src/ch32v30x_iwdg.o
LOAD ./Peripheral/src/ch32v30x_misc.o
LOAD ./Peripheral/src/ch32v30x_opa.o
LOAD ./Peripheral/src/ch32v30x_pwr.o
LOAD ./Peripheral/src/ch32v30x_rcc.o
LOAD ./Peripheral/src/ch32v30x_rng.o
LOAD ./Peripheral/src/ch32v30x_rtc.o
LOAD ./Peripheral/src/ch32v30x_sdio.o
LOAD ./Peripheral/src/ch32v30x_spi.o
LOAD ./Peripheral/src/ch32v30x_tim.o
LOAD ./Peripheral/src/ch32v30x_usart.o
LOAD ./Peripheral/src/ch32v30x_wwdg.o
LOAD ./Hardware/Src/ArmKinematics.o
LOAD ./Hardware/Src/ArmServo.o
LOAD ./Hardware/Src/Astar.o
LOAD ./Hardware/Src/Blue.o
LOAD ./Hardware/Src/BluetoothControl.o
LOAD ./Hardware/Src/Button.o
LOAD ./Hardware/Src/Encoder.o
LOAD ./Hardware/Src/MPU6050.o
LOAD ./Hardware/Src/Motor.o
LOAD ./Hardware/Src/Varibles.o
LOAD ./Debug/debug.o
LOAD ./Core/core_riscv.o
LOAD d:/mounriver/mounriver_studio2/resources/app/resources/win32/components/wch/toolchain/risc-v embedded gcc12/bin/../lib/gcc/riscv-wch-elf/12.2.0/../../../../riscv-wch-elf/lib/rv32imac_xw/ilp32\libm_nano.a
LOAD d:/mounriver/mounriver_studio2/resources/app/resources/win32/components/wch/toolchain/risc-v embedded gcc12/bin/../lib/gcc/riscv-wch-elf/12.2.0/../../../../riscv-wch-elf/lib/rv32imac_xw/ilp32\libprintfloat.a
LOAD d:/mounriver/mounriver_studio2/resources/app/resources/win32/components/wch/toolchain/risc-v embedded gcc12/bin/../lib/gcc/riscv-wch-elf/12.2.0/rv32imac_xw/ilp32\libgcc.a
LOAD d:/mounriver/mounriver_studio2/resources/app/resources/win32/components/wch/toolchain/risc-v embedded gcc12/bin/../lib/gcc/riscv-wch-elf/12.2.0/../../../../riscv-wch-elf/lib/rv32imac_xw/ilp32\libg_nano.a
LOAD d:/mounriver/mounriver_studio2/resources/app/resources/win32/components/wch/toolchain/risc-v embedded gcc12/bin/../lib/gcc/riscv-wch-elf/12.2.0/../../../../riscv-wch-elf/lib/rv32imac_xw/ilp32\libc_nano.a
LOAD d:/mounriver/mounriver_studio2/resources/app/resources/win32/components/wch/toolchain/risc-v embedded gcc12/bin/../lib/gcc/riscv-wch-elf/12.2.0/rv32imac_xw/ilp32\libgcc.a
START GROUP
LOAD d:/mounriver/mounriver_studio2/resources/app/resources/win32/components/wch/toolchain/risc-v embedded gcc12/bin/../lib/gcc/riscv-wch-elf/12.2.0/rv32imac_xw/ilp32\libgcc.a
LOAD d:/mounriver/mounriver_studio2/resources/app/resources/win32/components/wch/toolchain/risc-v embedded gcc12/bin/../lib/gcc/riscv-wch-elf/12.2.0/../../../../riscv-wch-elf/lib/rv32imac_xw/ilp32\libc_nano.a
LOAD d:/mounriver/mounriver_studio2/resources/app/resources/win32/components/wch/toolchain/risc-v embedded gcc12/bin/../lib/gcc/riscv-wch-elf/12.2.0/../../../../riscv-wch-elf/lib/rv32imac_xw/ilp32\libnosys.a
END GROUP
START GROUP
LOAD d:/mounriver/mounriver_studio2/resources/app/resources/win32/components/wch/toolchain/risc-v embedded gcc12/bin/../lib/gcc/riscv-wch-elf/12.2.0/rv32imac_xw/ilp32\libgcc.a
LOAD d:/mounriver/mounriver_studio2/resources/app/resources/win32/components/wch/toolchain/risc-v embedded gcc12/bin/../lib/gcc/riscv-wch-elf/12.2.0/../../../../riscv-wch-elf/lib/rv32imac_xw/ilp32\libc_nano.a
LOAD d:/mounriver/mounriver_studio2/resources/app/resources/win32/components/wch/toolchain/risc-v embedded gcc12/bin/../lib/gcc/riscv-wch-elf/12.2.0/../../../../riscv-wch-elf/lib/rv32imac_xw/ilp32\libnosys.a
END GROUP
                0x0000000000000800                __stack_size = 0x800
                [!provide]                        PROVIDE (_stack_size = __stack_size)

.init           0x0000000000000000        0x4
                0x0000000000000000                _sinit = .
                0x0000000000000000                . = ALIGN (0x4)
 *(SORT_NONE(.init))
 .init          0x0000000000000000        0x4 ./Startup/startup_ch32v30x_D8C.o
                0x0000000000000000                _start
                0x0000000000000004                . = ALIGN (0x4)
                0x0000000000000004                _einit = .

.vector         0x0000000000000004      0x1bc
 *(.vector)
 .vector        0x0000000000000004      0x1a0 ./Startup/startup_ch32v30x_D8C.o
                0x00000000000001c0                . = ALIGN (0x40)
 *fill*         0x00000000000001a4       0x1c 

.text           0x00000000000001c0     0xf65c
                0x00000000000001c0                . = ALIGN (0x4)
 *(.text)
 .text          0x00000000000001c0       0x60 d:/mounriver/mounriver_studio2/resources/app/resources/win32/components/wch/toolchain/risc-v embedded gcc12/bin/../lib/gcc/riscv-wch-elf/12.2.0/rv32imac_xw/ilp32\libgcc.a(save-restore.o)
                0x00000000000001c0                __riscv_save_12
                0x00000000000001c8                __riscv_save_9
                0x00000000000001c8                __riscv_save_11
                0x00000000000001c8                __riscv_save_10
                0x00000000000001c8                __riscv_save_8
                0x00000000000001d6                __riscv_save_4
                0x00000000000001d6                __riscv_save_6
                0x00000000000001d6                __riscv_save_5
                0x00000000000001d6                __riscv_save_7
                0x00000000000001f0                __riscv_save_3
                0x00000000000001f0                __riscv_save_2
                0x00000000000001f0                __riscv_save_1
                0x00000000000001f0                __riscv_save_0
                0x00000000000001fc                __riscv_restore_12
                0x0000000000000200                __riscv_restore_11
                0x0000000000000200                __riscv_restore_9
                0x0000000000000200                __riscv_restore_10
                0x0000000000000200                __riscv_restore_8
                0x000000000000020a                __riscv_restore_5
                0x000000000000020a                __riscv_restore_7
                0x000000000000020a                __riscv_restore_6
                0x000000000000020a                __riscv_restore_4
                0x0000000000000214                __riscv_restore_3
                0x0000000000000214                __riscv_restore_0
                0x0000000000000214                __riscv_restore_2
                0x0000000000000214                __riscv_restore_1
 .text          0x0000000000000220       0x16 d:/mounriver/mounriver_studio2/resources/app/resources/win32/components/wch/toolchain/risc-v embedded gcc12/bin/../lib/gcc/riscv-wch-elf/12.2.0/../../../../riscv-wch-elf/lib/rv32imac_xw/ilp32\libg_nano.a(lib_a-memcpy-asm.o)
                0x0000000000000220                memcpy
 .text          0x0000000000000236       0x10 d:/mounriver/mounriver_studio2/resources/app/resources/win32/components/wch/toolchain/risc-v embedded gcc12/bin/../lib/gcc/riscv-wch-elf/12.2.0/../../../../riscv-wch-elf/lib/rv32imac_xw/ilp32\libg_nano.a(lib_a-memset.o)
                0x0000000000000236                memset
 .text          0x0000000000000246       0x14 d:/mounriver/mounriver_studio2/resources/app/resources/win32/components/wch/toolchain/risc-v embedded gcc12/bin/../lib/gcc/riscv-wch-elf/12.2.0/../../../../riscv-wch-elf/lib/rv32imac_xw/ilp32\libg_nano.a(lib_a-strcmp.o)
                0x0000000000000246                strcmp
 .text          0x000000000000025a       0x26 d:/mounriver/mounriver_studio2/resources/app/resources/win32/components/wch/toolchain/risc-v embedded gcc12/bin/../lib/gcc/riscv-wch-elf/12.2.0/../../../../riscv-wch-elf/lib/rv32imac_xw/ilp32\libg_nano.a(lib_a-memmove.o)
                0x000000000000025a                memmove
 *(.text.*)
 .text.NMI_Handler
                0x0000000000000280        0x2 ./User/ch32v30x_it.o
                0x0000000000000280                NMI_Handler
 .text.HardFault_Handler
                0x0000000000000282       0x10 ./User/ch32v30x_it.o
                0x0000000000000282                HardFault_Handler
 .text.startup.main
                0x0000000000000292      0x216 ./User/main.o
                0x0000000000000292                main
 .text.SystemInit
                0x00000000000004a8       0xfa ./User/system_ch32v30x.o
                0x00000000000004a8                SystemInit
 .text.SystemCoreClockUpdate
                0x00000000000005a2      0x118 ./User/system_ch32v30x.o
                0x00000000000005a2                SystemCoreClockUpdate
 .text.vector_handler
                0x00000000000006ba        0x2 ./Startup/startup_ch32v30x_D8C.o
                0x00000000000006ba                EXTI2_IRQHandler
                0x00000000000006ba                TIM8_TRG_COM_IRQHandler
                0x00000000000006ba                TIM8_CC_IRQHandler
                0x00000000000006ba                UART8_IRQHandler
                0x00000000000006ba                TIM1_CC_IRQHandler
                0x00000000000006ba                TIM6_IRQHandler
                0x00000000000006ba                SysTick_Handler
                0x00000000000006ba                PVD_IRQHandler
                0x00000000000006ba                SDIO_IRQHandler
                0x00000000000006ba                TIM9_BRK_IRQHandler
                0x00000000000006ba                DMA2_Channel8_IRQHandler
                0x00000000000006ba                CAN2_RX1_IRQHandler
                0x00000000000006ba                EXTI3_IRQHandler
                0x00000000000006ba                USBHS_IRQHandler
                0x00000000000006ba                DMA2_Channel9_IRQHandler
                0x00000000000006ba                TIM10_CC_IRQHandler
                0x00000000000006ba                USBFS_IRQHandler
                0x00000000000006ba                EXTI0_IRQHandler
                0x00000000000006ba                I2C2_EV_IRQHandler
                0x00000000000006ba                TIM10_TRG_COM_IRQHandler
                0x00000000000006ba                CAN2_SCE_IRQHandler
                0x00000000000006ba                ADC1_2_IRQHandler
                0x00000000000006ba                Break_Point_Handler
                0x00000000000006ba                SPI1_IRQHandler
                0x00000000000006ba                TAMPER_IRQHandler
                0x00000000000006ba                CAN2_RX0_IRQHandler
                0x00000000000006ba                TIM8_UP_IRQHandler
                0x00000000000006ba                Ecall_M_Mode_Handler
                0x00000000000006ba                DMA2_Channel2_IRQHandler
                0x00000000000006ba                DMA1_Channel4_IRQHandler
                0x00000000000006ba                TIM9_UP_IRQHandler
                0x00000000000006ba                RTC_IRQHandler
                0x00000000000006ba                DMA1_Channel7_IRQHandler
                0x00000000000006ba                CAN1_RX1_IRQHandler
                0x00000000000006ba                DVP_IRQHandler
                0x00000000000006ba                UART5_IRQHandler
                0x00000000000006ba                DMA2_Channel1_IRQHandler
                0x00000000000006ba                I2C1_EV_IRQHandler
                0x00000000000006ba                DMA1_Channel6_IRQHandler
                0x00000000000006ba                UART4_IRQHandler
                0x00000000000006ba                DMA2_Channel4_IRQHandler
                0x00000000000006ba                TIM3_IRQHandler
                0x00000000000006ba                RCC_IRQHandler
                0x00000000000006ba                TIM1_TRG_COM_IRQHandler
                0x00000000000006ba                DMA1_Channel1_IRQHandler
                0x00000000000006ba                DMA2_Channel7_IRQHandler
                0x00000000000006ba                EXTI15_10_IRQHandler
                0x00000000000006ba                TIM7_IRQHandler
                0x00000000000006ba                CAN2_TX_IRQHandler
                0x00000000000006ba                TIM5_IRQHandler
                0x00000000000006ba                EXTI9_5_IRQHandler
                0x00000000000006ba                ETH_WKUP_IRQHandler
                0x00000000000006ba                SPI2_IRQHandler
                0x00000000000006ba                TIM10_BRK_IRQHandler
                0x00000000000006ba                TIM9_CC_IRQHandler
                0x00000000000006ba                DMA2_Channel5_IRQHandler
                0x00000000000006ba                DMA1_Channel5_IRQHandler
                0x00000000000006ba                EXTI4_IRQHandler
                0x00000000000006ba                USB_LP_CAN1_RX0_IRQHandler
                0x00000000000006ba                RNG_IRQHandler
                0x00000000000006ba                USB_HP_CAN1_TX_IRQHandler
                0x00000000000006ba                DMA1_Channel3_IRQHandler
                0x00000000000006ba                ETH_IRQHandler
                0x00000000000006ba                TIM1_UP_IRQHandler
                0x00000000000006ba                WWDG_IRQHandler
                0x00000000000006ba                USBHSWakeup_IRQHandler
                0x00000000000006ba                DMA2_Channel11_IRQHandler
                0x00000000000006ba                Ecall_U_Mode_Handler
                0x00000000000006ba                DMA2_Channel6_IRQHandler
                0x00000000000006ba                TIM2_IRQHandler
                0x00000000000006ba                SW_Handler
                0x00000000000006ba                TIM1_BRK_IRQHandler
                0x00000000000006ba                DMA2_Channel10_IRQHandler
                0x00000000000006ba                EXTI1_IRQHandler
                0x00000000000006ba                RTCAlarm_IRQHandler
                0x00000000000006ba                TIM10_UP_IRQHandler
                0x00000000000006ba                TIM9_TRG_COM_IRQHandler
                0x00000000000006ba                UART7_IRQHandler
                0x00000000000006ba                UART6_IRQHandler
                0x00000000000006ba                I2C2_ER_IRQHandler
                0x00000000000006ba                DMA1_Channel2_IRQHandler
                0x00000000000006ba                TIM8_BRK_IRQHandler
                0x00000000000006ba                CAN1_SCE_IRQHandler
                0x00000000000006ba                FLASH_IRQHandler
                0x00000000000006ba                SPI3_IRQHandler
                0x00000000000006ba                I2C1_ER_IRQHandler
                0x00000000000006ba                USBWakeUp_IRQHandler
                0x00000000000006ba                DMA2_Channel3_IRQHandler
 .text.handle_reset
                0x00000000000006bc       0x8c ./Startup/startup_ch32v30x_D8C.o
                0x00000000000006bc                handle_reset
 .text.GPIO_Init
                0x0000000000000748       0xbc ./Peripheral/src/ch32v30x_gpio.o
                0x0000000000000748                GPIO_Init
 .text.GPIO_ReadInputDataBit
                0x0000000000000804        0xc ./Peripheral/src/ch32v30x_gpio.o
                0x0000000000000804                GPIO_ReadInputDataBit
 .text.GPIO_SetBits
                0x0000000000000810        0x4 ./Peripheral/src/ch32v30x_gpio.o
                0x0000000000000810                GPIO_SetBits
 .text.GPIO_ResetBits
                0x0000000000000814        0x4 ./Peripheral/src/ch32v30x_gpio.o
                0x0000000000000814                GPIO_ResetBits
 .text.GPIO_WriteBit
                0x0000000000000818        0xa ./Peripheral/src/ch32v30x_gpio.o
                0x0000000000000818                GPIO_WriteBit
 .text.GPIO_PinRemapConfig
                0x0000000000000822       0xee ./Peripheral/src/ch32v30x_gpio.o
                0x0000000000000822                GPIO_PinRemapConfig
 .text.NVIC_PriorityGroupConfig
                0x0000000000000910        0x6 ./Peripheral/src/ch32v30x_misc.o
                0x0000000000000910                NVIC_PriorityGroupConfig
 .text.NVIC_Init
                0x0000000000000916       0x5c ./Peripheral/src/ch32v30x_misc.o
                0x0000000000000916                NVIC_Init
 .text.RCC_GetClocksFreq
                0x0000000000000972      0x15c ./Peripheral/src/ch32v30x_rcc.o
                0x0000000000000972                RCC_GetClocksFreq
 .text.RCC_APB2PeriphClockCmd
                0x0000000000000ace       0x1e ./Peripheral/src/ch32v30x_rcc.o
                0x0000000000000ace                RCC_APB2PeriphClockCmd
 .text.RCC_APB1PeriphClockCmd
                0x0000000000000aec       0x1e ./Peripheral/src/ch32v30x_rcc.o
                0x0000000000000aec                RCC_APB1PeriphClockCmd
 .text.TI1_Config
                0x0000000000000b0a       0x36 ./Peripheral/src/ch32v30x_tim.o
 .text.TI2_Config
                0x0000000000000b40       0x42 ./Peripheral/src/ch32v30x_tim.o
 .text.TIM_TimeBaseInit
                0x0000000000000b82      0x104 ./Peripheral/src/ch32v30x_tim.o
                0x0000000000000b82                TIM_TimeBaseInit
 .text.TIM_OC1Init
                0x0000000000000c86       0x82 ./Peripheral/src/ch32v30x_tim.o
                0x0000000000000c86                TIM_OC1Init
 .text.TIM_OC2Init
                0x0000000000000d08       0xac ./Peripheral/src/ch32v30x_tim.o
                0x0000000000000d08                TIM_OC2Init
 .text.TIM_OC3Init
                0x0000000000000db4       0xaa ./Peripheral/src/ch32v30x_tim.o
                0x0000000000000db4                TIM_OC3Init
 .text.TIM_OC4Init
                0x0000000000000e5e       0x82 ./Peripheral/src/ch32v30x_tim.o
                0x0000000000000e5e                TIM_OC4Init
 .text.TIM_TimeBaseStructInit
                0x0000000000000ee0       0x16 ./Peripheral/src/ch32v30x_tim.o
                0x0000000000000ee0                TIM_TimeBaseStructInit
 .text.TIM_OCStructInit
                0x0000000000000ef6       0x22 ./Peripheral/src/ch32v30x_tim.o
                0x0000000000000ef6                TIM_OCStructInit
 .text.TIM_ICStructInit
                0x0000000000000f18       0x16 ./Peripheral/src/ch32v30x_tim.o
                0x0000000000000f18                TIM_ICStructInit
 .text.TIM_Cmd  0x0000000000000f2e       0x18 ./Peripheral/src/ch32v30x_tim.o
                0x0000000000000f2e                TIM_Cmd
 .text.TIM_ITConfig
                0x0000000000000f46       0x12 ./Peripheral/src/ch32v30x_tim.o
                0x0000000000000f46                TIM_ITConfig
 .text.TIM_EncoderInterfaceConfig
                0x0000000000000f58       0x3e ./Peripheral/src/ch32v30x_tim.o
                0x0000000000000f58                TIM_EncoderInterfaceConfig
 .text.TIM_ARRPreloadConfig
                0x0000000000000f96       0x1a ./Peripheral/src/ch32v30x_tim.o
                0x0000000000000f96                TIM_ARRPreloadConfig
 .text.TIM_OC1PreloadConfig
                0x0000000000000fb0        0xe ./Peripheral/src/ch32v30x_tim.o
                0x0000000000000fb0                TIM_OC1PreloadConfig
 .text.TIM_OC2PreloadConfig
                0x0000000000000fbe       0x16 ./Peripheral/src/ch32v30x_tim.o
                0x0000000000000fbe                TIM_OC2PreloadConfig
 .text.TIM_OC3PreloadConfig
                0x0000000000000fd4        0xe ./Peripheral/src/ch32v30x_tim.o
                0x0000000000000fd4                TIM_OC3PreloadConfig
 .text.TIM_OC4PreloadConfig
                0x0000000000000fe2       0x16 ./Peripheral/src/ch32v30x_tim.o
                0x0000000000000fe2                TIM_OC4PreloadConfig
 .text.TIM_CCxCmd
                0x0000000000000ff8       0x20 ./Peripheral/src/ch32v30x_tim.o
                0x0000000000000ff8                TIM_CCxCmd
 .text.TIM_SetCounter
                0x0000000000001018        0x4 ./Peripheral/src/ch32v30x_tim.o
                0x0000000000001018                TIM_SetCounter
 .text.TIM_SetCompare1
                0x000000000000101c        0x4 ./Peripheral/src/ch32v30x_tim.o
                0x000000000000101c                TIM_SetCompare1
 .text.TIM_SetCompare2
                0x0000000000001020        0x4 ./Peripheral/src/ch32v30x_tim.o
                0x0000000000001020                TIM_SetCompare2
 .text.TIM_SetCompare3
                0x0000000000001024        0x4 ./Peripheral/src/ch32v30x_tim.o
                0x0000000000001024                TIM_SetCompare3
 .text.TIM_SetCompare4
                0x0000000000001028        0x6 ./Peripheral/src/ch32v30x_tim.o
                0x0000000000001028                TIM_SetCompare4
 .text.TIM_SetIC1Prescaler
                0x000000000000102e       0x16 ./Peripheral/src/ch32v30x_tim.o
                0x000000000000102e                TIM_SetIC1Prescaler
 .text.TIM_SetIC2Prescaler
                0x0000000000001044       0x1a ./Peripheral/src/ch32v30x_tim.o
                0x0000000000001044                TIM_SetIC2Prescaler
 .text.TIM_SetIC3Prescaler
                0x000000000000105e       0x16 ./Peripheral/src/ch32v30x_tim.o
                0x000000000000105e                TIM_SetIC3Prescaler
 .text.TIM_SetIC4Prescaler
                0x0000000000001074       0x1a ./Peripheral/src/ch32v30x_tim.o
                0x0000000000001074                TIM_SetIC4Prescaler
 .text.TIM_ICInit
                0x000000000000108e       0xc8 ./Peripheral/src/ch32v30x_tim.o
                0x000000000000108e                TIM_ICInit
 .text.TIM_GetITStatus
                0x0000000000001156       0x18 ./Peripheral/src/ch32v30x_tim.o
                0x0000000000001156                TIM_GetITStatus
 .text.TIM_ClearITPendingBit
                0x000000000000116e        0xc ./Peripheral/src/ch32v30x_tim.o
                0x000000000000116e                TIM_ClearITPendingBit
 .text.USART_Init
                0x000000000000117a       0x8e ./Peripheral/src/ch32v30x_usart.o
                0x000000000000117a                USART_Init
 .text.USART_Cmd
                0x0000000000001208       0x14 ./Peripheral/src/ch32v30x_usart.o
                0x0000000000001208                USART_Cmd
 .text.USART_ITConfig
                0x000000000000121c       0x38 ./Peripheral/src/ch32v30x_usart.o
                0x000000000000121c                USART_ITConfig
 .text.USART_SendData
                0x0000000000001254        0x8 ./Peripheral/src/ch32v30x_usart.o
                0x0000000000001254                USART_SendData
 .text.USART_ReceiveData
                0x000000000000125c        0x8 ./Peripheral/src/ch32v30x_usart.o
                0x000000000000125c                USART_ReceiveData
 .text.USART_GetFlagStatus
                0x0000000000001264        0xa ./Peripheral/src/ch32v30x_usart.o
                0x0000000000001264                USART_GetFlagStatus
 .text.USART_GetITStatus
                0x000000000000126e       0x3e ./Peripheral/src/ch32v30x_usart.o
                0x000000000000126e                USART_GetITStatus
 .text.USART_ClearITPendingBit
                0x00000000000012ac       0x14 ./Peripheral/src/ch32v30x_usart.o
                0x00000000000012ac                USART_ClearITPendingBit
 .text.Arm_SkipSeparators
                0x00000000000012c0       0x24 ./Hardware/Src/ArmKinematics.o
 .text.Arm_AtCommandEnd
                0x00000000000012e4       0x1c ./Hardware/Src/ArmKinematics.o
 .text.Arm_GetCurrentJointAngles
                0x0000000000001300       0x46 ./Hardware/Src/ArmKinematics.o
 .text.Arm_SelectIKCandidate
                0x0000000000001346       0xe2 ./Hardware/Src/ArmKinematics.o
 .text.Arm_ParseFloat
                0x0000000000001428       0x32 ./Hardware/Src/ArmKinematics.o
 .text.Arm_ForwardKinematics.part.0
                0x000000000000145a       0xda ./Hardware/Src/ArmKinematics.o
 .text.Arm_JointToServoAngles.part.0
                0x0000000000001534       0x90 ./Hardware/Src/ArmKinematics.o
 .text.Arm_CalculateIKCandidates
                0x00000000000015c4      0x1b6 ./Hardware/Src/ArmKinematics.o
 .text.Arm_InverseKinematics
                0x000000000000177a       0x42 ./Hardware/Src/ArmKinematics.o
                0x000000000000177a                Arm_InverseKinematics
 .text.Arm_SetJointAngles
                0x00000000000017bc       0xac ./Hardware/Src/ArmKinematics.o
                0x00000000000017bc                Arm_SetJointAngles
 .text.Arm_MoveToXYZ
                0x0000000000001868       0x28 ./Hardware/Src/ArmKinematics.o
                0x0000000000001868                Arm_MoveToXYZ
 .text.Arm_Init
                0x0000000000001890       0x6c ./Hardware/Src/ArmKinematics.o
                0x0000000000001890                Arm_Init
 .text.Arm_GripOpen
                0x00000000000018fc       0x2e ./Hardware/Src/ArmKinematics.o
                0x00000000000018fc                Arm_GripOpen
 .text.Arm_GripClose
                0x000000000000192a       0x2e ./Hardware/Src/ArmKinematics.o
                0x000000000000192a                Arm_GripClose
 .text.Arm_SetServoAngle
                0x0000000000001958       0xae ./Hardware/Src/ArmKinematics.o
                0x0000000000001958                Arm_SetServoAngle
 .text.Arm_HostUartInit
                0x0000000000001a06       0xa2 ./Hardware/Src/ArmKinematics.o
                0x0000000000001a06                Arm_HostUartInit
 .text.USART1_IRQHandler
                0x0000000000001aa8      0x146 ./Hardware/Src/ArmKinematics.o
                0x0000000000001aa8                USART1_IRQHandler
 .text.Arm_ProcessHostCommand
                0x0000000000001bee      0x546 ./Hardware/Src/ArmKinematics.o
                0x0000000000001bee                Arm_ProcessHostCommand
 .text.ArmServo_SetCompare
                0x0000000000002134       0x52 ./Hardware/Src/ArmServo.o
 .text.ArmServo_AngleToPulse
                0x0000000000002186       0x58 ./Hardware/Src/ArmServo.o
                0x0000000000002186                ArmServo_AngleToPulse
 .text.ArmServo_Init
                0x00000000000021de      0x12a ./Hardware/Src/ArmServo.o
                0x00000000000021de                ArmServo_Init
 .text.ArmServo_SetInitialAngle
                0x0000000000002308       0x52 ./Hardware/Src/ArmServo.o
                0x0000000000002308                ArmServo_SetInitialAngle
 .text.ArmServo_SetAngle
                0x000000000000235a       0x62 ./Hardware/Src/ArmServo.o
                0x000000000000235a                ArmServo_SetAngle
 .text.ArmServo_SoftSetAngle
                0x00000000000023bc       0xda ./Hardware/Src/ArmServo.o
                0x00000000000023bc                ArmServo_SoftSetAngle
 .text.ArmServo_SoftSetAll
                0x0000000000002496       0x34 ./Hardware/Src/ArmServo.o
                0x0000000000002496                ArmServo_SoftSetAll
 .text.ArmServo_GetAngle
                0x00000000000024ca       0x1c ./Hardware/Src/ArmServo.o
                0x00000000000024ca                ArmServo_GetAngle
 .text.ArmServo_IsEnabled
                0x00000000000024e6       0x14 ./Hardware/Src/ArmServo.o
                0x00000000000024e6                ArmServo_IsEnabled
 .text.ArmServo_RequestStop
                0x00000000000024fa        0x8 ./Hardware/Src/ArmServo.o
                0x00000000000024fa                ArmServo_RequestStop
 .text.ArmServo_ClearStop
                0x0000000000002502        0x6 ./Hardware/Src/ArmServo.o
                0x0000000000002502                ArmServo_ClearStop
 .text.ArmServo_StopRequested
                0x0000000000002508        0x6 ./Hardware/Src/ArmServo.o
                0x0000000000002508                ArmServo_StopRequested
 .text.AStar_ExecutePathSteps
                0x000000000000250e      0x164 ./Hardware/Src/Astar.o
 .text.isinmap  0x0000000000002672       0x1a ./Hardware/Src/Astar.o
                0x0000000000002672                isinmap
 .text.isinclosed
                0x000000000000268c       0x34 ./Hardware/Src/Astar.o
                0x000000000000268c                isinclosed
 .text.find_openindex
                0x00000000000026c0       0x38 ./Hardware/Src/Astar.o
                0x00000000000026c0                find_openindex
 .text.can_diagonal
                0x00000000000026f8       0x38 ./Hardware/Src/Astar.o
                0x00000000000026f8                can_diagonal
 .text.distance
                0x0000000000002730       0x3e ./Hardware/Src/Astar.o
                0x0000000000002730                distance
 .text.insertopen
                0x000000000000276e       0x46 ./Hardware/Src/Astar.o
                0x000000000000276e                insertopen
 .text.findminfnode
                0x00000000000027b4       0x46 ./Hardware/Src/Astar.o
                0x00000000000027b4                findminfnode
 .text.update_obstacle
                0x00000000000027fa       0x58 ./Hardware/Src/Astar.o
                0x00000000000027fa                update_obstacle
 .text.expandnode
                0x0000000000002852      0x1c0 ./Hardware/Src/Astar.o
                0x0000000000002852                expandnode
 .text.AStar_LoadFixedMap
                0x0000000000002a12       0x4e ./Hardware/Src/Astar.o
                0x0000000000002a12                AStar_LoadFixedMap
 .text.AStar_LoadRealtimeMap
                0x0000000000002a60       0x58 ./Hardware/Src/Astar.o
                0x0000000000002a60                AStar_LoadRealtimeMap
 .text.AStar_ResetNavigation
                0x0000000000002ab8       0x2c ./Hardware/Src/Astar.o
                0x0000000000002ab8                AStar_ResetNavigation
 .text.AStar_plan
                0x0000000000002ae4      0x2b2 ./Hardware/Src/Astar.o
                0x0000000000002ae4                AStar_plan
 .text.AStar_ExecutePath
                0x0000000000002d96       0x3c ./Hardware/Src/Astar.o
                0x0000000000002d96                AStar_ExecutePath
 .text.AStar_RunMode
                0x0000000000002dd2      0x20a ./Hardware/Src/Astar.o
                0x0000000000002dd2                AStar_RunMode
 .text.BlueSerial_Init
                0x0000000000002fdc       0xae ./Hardware/Src/Blue.o
                0x0000000000002fdc                BlueSerial_Init
 .text.BlueSerial_ResetObstacleResponse
                0x000000000000308a       0x1e ./Hardware/Src/Blue.o
                0x000000000000308a                BlueSerial_ResetObstacleResponse
 .text.USART2_IRQHandler
                0x00000000000030a8       0xbc ./Hardware/Src/Blue.o
                0x00000000000030a8                USART2_IRQHandler
 .text.BluetoothControl_ParseValue
                0x0000000000003164       0x5e ./Hardware/Src/BluetoothControl.o
 .text.BluetoothControl_HandleReceivedByte
                0x00000000000031c2       0xce ./Hardware/Src/BluetoothControl.o
 .text.BluetoothControl_PollReceive
                0x0000000000003290       0x40 ./Hardware/Src/BluetoothControl.o
 .text.BluetoothControl_ApplyWheel
                0x00000000000032d0       0x48 ./Hardware/Src/BluetoothControl.o
 .text.BluetoothControl_TrimToken
                0x0000000000003318       0x4a ./Hardware/Src/BluetoothControl.o
 .text.BluetoothControl_Stop
                0x0000000000003362       0x10 ./Hardware/Src/BluetoothControl.o
                0x0000000000003362                BluetoothControl_Stop
 .text.BluetoothControl_SetEnabled
                0x0000000000003372       0x28 ./Hardware/Src/BluetoothControl.o
                0x0000000000003372                BluetoothControl_SetEnabled
 .text.BluetoothControl_Init
                0x000000000000339a       0xc0 ./Hardware/Src/BluetoothControl.o
                0x000000000000339a                BluetoothControl_Init
 .text.BluetoothControl_IsDriving
                0x000000000000345a        0x6 ./Hardware/Src/BluetoothControl.o
                0x000000000000345a                BluetoothControl_IsDriving
 .text.BluetoothControl_DebugStatus
                0x0000000000003460       0x9c ./Hardware/Src/BluetoothControl.o
                0x0000000000003460                BluetoothControl_DebugStatus
 .text.BluetoothControl_SendByte
                0x00000000000034fc       0x26 ./Hardware/Src/BluetoothControl.o
                0x00000000000034fc                BluetoothControl_SendByte
 .text.BluetoothControl_Printf
                0x0000000000003522       0x42 ./Hardware/Src/BluetoothControl.o
                0x0000000000003522                BluetoothControl_Printf
 .text.BluetoothControl_Process
                0x0000000000003564      0x4a4 ./Hardware/Src/BluetoothControl.o
                0x0000000000003564                BluetoothControl_Process
 .text.USART3_IRQHandler
                0x0000000000003a08       0x2e ./Hardware/Src/BluetoothControl.o
                0x0000000000003a08                USART3_IRQHandler
 .text.Button_Init
                0x0000000000003a36       0x5e ./Hardware/Src/Button.o
                0x0000000000003a36                Button_Init
 .text.Button_Tick10ms
                0x0000000000003a94       0xc4 ./Hardware/Src/Button.o
                0x0000000000003a94                Button_Tick10ms
 .text.Button_GetEvents
                0x0000000000003b58       0x1e ./Hardware/Src/Button.o
                0x0000000000003b58                Button_GetEvents
 .text.Button_PeekEvents
                0x0000000000003b76        0x6 ./Hardware/Src/Button.o
                0x0000000000003b76                Button_PeekEvents
 .text.Button_ClearEvents
                0x0000000000003b7c       0x16 ./Hardware/Src/Button.o
                0x0000000000003b7c                Button_ClearEvents
 .text.Encoder_Init
                0x0000000000003b92      0x124 ./Hardware/Src/Encoder.o
                0x0000000000003b92                Encoder_Init
 .text.MyI2C_W_SCL
                0x0000000000003cb6       0x20 ./Hardware/Src/MPU6050.o
                0x0000000000003cb6                MyI2C_W_SCL
 .text.MyI2C_W_SDA
                0x0000000000003cd6       0x22 ./Hardware/Src/MPU6050.o
                0x0000000000003cd6                MyI2C_W_SDA
 .text.MyI2C_R_SDA
                0x0000000000003cf8       0x24 ./Hardware/Src/MPU6050.o
                0x0000000000003cf8                MyI2C_R_SDA
 .text.MyI2C_Init
                0x0000000000003d1c       0x3c ./Hardware/Src/MPU6050.o
                0x0000000000003d1c                MyI2C_Init
 .text.MyI2C_Start
                0x0000000000003d58       0x20 ./Hardware/Src/MPU6050.o
                0x0000000000003d58                MyI2C_Start
 .text.MyI2C_Stop
                0x0000000000003d78       0x1a ./Hardware/Src/MPU6050.o
                0x0000000000003d78                MyI2C_Stop
 .text.MyI2C_SendByte
                0x0000000000003d92       0x2e ./Hardware/Src/MPU6050.o
                0x0000000000003d92                MyI2C_SendByte
 .text.MyI2C_ReceiveByte
                0x0000000000003dc0       0x40 ./Hardware/Src/MPU6050.o
                0x0000000000003dc0                MyI2C_ReceiveByte
 .text.MyI2C_SendAck
                0x0000000000003e00       0x18 ./Hardware/Src/MPU6050.o
                0x0000000000003e00                MyI2C_SendAck
 .text.MyI2C_ReceiveAck
                0x0000000000003e18       0x22 ./Hardware/Src/MPU6050.o
                0x0000000000003e18                MyI2C_ReceiveAck
 .text.MPU6050_WriteReg
                0x0000000000003e3a       0x34 ./Hardware/Src/MPU6050.o
                0x0000000000003e3a                MPU6050_WriteReg
 .text.MPU6050_ReadReg
                0x0000000000003e6e       0x46 ./Hardware/Src/MPU6050.o
                0x0000000000003e6e                MPU6050_ReadReg
 .text.MPU6050_ReadGyroZ
                0x0000000000003eb4       0x22 ./Hardware/Src/MPU6050.o
 .text.MPU6050_Init
                0x0000000000003ed6      0x110 ./Hardware/Src/MPU6050.o
                0x0000000000003ed6                MPU6050_Init
 .text.MPU6050_GetYaw
                0x0000000000003fe6       0x54 ./Hardware/Src/MPU6050.o
                0x0000000000003fe6                MPU6050_GetYaw
 .text.TIM4_IRQHandler
                0x000000000000403a       0x38 ./Hardware/Src/MPU6050.o
                0x000000000000403a                TIM4_IRQHandler
 .text.PWM_Init
                0x0000000000004072       0xfa ./Hardware/Src/Motor.o
                0x0000000000004072                PWM_Init
 .text.PWM_Brake
                0x000000000000416c       0x38 ./Hardware/Src/Motor.o
                0x000000000000416c                PWM_Brake
 .text.PWM_EnableChannel
                0x00000000000041a4      0x166 ./Hardware/Src/Motor.o
                0x00000000000041a4                PWM_EnableChannel
 .text.Motor_SetTurnOutput
                0x000000000000430a       0x28 ./Hardware/Src/Motor.o
 .text.Motor_TurnToYaw
                0x0000000000004332      0x254 ./Hardware/Src/Motor.o
 .text.forward_dis
                0x0000000000004586      0x100 ./Hardware/Src/Motor.o
                0x0000000000004586                forward_dis
 .text.Motor_TurnToAbsoluteYaw
                0x0000000000004686        0x4 ./Hardware/Src/Motor.o
                0x0000000000004686                Motor_TurnToAbsoluteYaw
 .text.turnround_right
                0x000000000000468a       0x24 ./Hardware/Src/Motor.o
                0x000000000000468a                turnround_right
 .text.turnround_left
                0x00000000000046ae       0x26 ./Hardware/Src/Motor.o
                0x00000000000046ae                turnround_left
 .text.Motor_TurnToYawCommand
                0x00000000000046d4       0xf4 ./Hardware/Src/Motor.o
                0x00000000000046d4                Motor_TurnToYawCommand
 .text.car_move
                0x00000000000047c8      0x106 ./Hardware/Src/Motor.o
                0x00000000000047c8                car_move
 .text.car_turn
                0x00000000000048ce       0xc6 ./Hardware/Src/Motor.o
                0x00000000000048ce                car_turn
 .text.car_return
                0x0000000000004994       0xa8 ./Hardware/Src/Motor.o
                0x0000000000004994                car_return
 .text.Delay_Init
                0x0000000000004a3c       0x2a ./Debug/debug.o
                0x0000000000004a3c                Delay_Init
 .text.Delay_Us
                0x0000000000004a66       0x36 ./Debug/debug.o
                0x0000000000004a66                Delay_Us
 .text.Delay_Ms
                0x0000000000004a9c       0x36 ./Debug/debug.o
                0x0000000000004a9c                Delay_Ms
 .text.USART_Printf_Init
                0x0000000000004ad2       0x5a ./Debug/debug.o
                0x0000000000004ad2                USART_Printf_Init
 .text._write   0x0000000000004b2c       0x3e ./Debug/debug.o
                0x0000000000004b2c                _write
 .text._sbrk    0x0000000000004b6a       0x2a ./Debug/debug.o
                0x0000000000004b6a                _sbrk
 .text.cosf     0x0000000000004b94       0x78 d:/mounriver/mounriver_studio2/resources/app/resources/win32/components/wch/toolchain/risc-v embedded gcc12/bin/../lib/gcc/riscv-wch-elf/12.2.0/../../../../riscv-wch-elf/lib/rv32imac_xw/ilp32\libm_nano.a(lib_a-sf_cos.o)
                0x0000000000004b94                cosf
 .text.sinf     0x0000000000004c0c       0x76 d:/mounriver/mounriver_studio2/resources/app/resources/win32/components/wch/toolchain/risc-v embedded gcc12/bin/../lib/gcc/riscv-wch-elf/12.2.0/../../../../riscv-wch-elf/lib/rv32imac_xw/ilp32\libm_nano.a(lib_a-sf_sin.o)
                0x0000000000004c0c                sinf
 .text.atan2f   0x0000000000004c82        0x2 d:/mounriver/mounriver_studio2/resources/app/resources/win32/components/wch/toolchain/risc-v embedded gcc12/bin/../lib/gcc/riscv-wch-elf/12.2.0/../../../../riscv-wch-elf/lib/rv32imac_xw/ilp32\libm_nano.a(lib_a-wf_atan2.o)
                0x0000000000004c82                atan2f
 .text.sqrtf    0x0000000000004c84       0x48 d:/mounriver/mounriver_studio2/resources/app/resources/win32/components/wch/toolchain/risc-v embedded gcc12/bin/../lib/gcc/riscv-wch-elf/12.2.0/../../../../riscv-wch-elf/lib/rv32imac_xw/ilp32\libm_nano.a(lib_a-wf_sqrt.o)
                0x0000000000004c84                sqrtf
 .text.__ieee754_atan2f
                0x0000000000004ccc      0x156 d:/mounriver/mounriver_studio2/resources/app/resources/win32/components/wch/toolchain/risc-v embedded gcc12/bin/../lib/gcc/riscv-wch-elf/12.2.0/../../../../riscv-wch-elf/lib/rv32imac_xw/ilp32\libm_nano.a(lib_a-ef_atan2.o)
                0x0000000000004ccc                __ieee754_atan2f
 .text.__ieee754_rem_pio2f
                0x0000000000004e22      0x364 d:/mounriver/mounriver_studio2/resources/app/resources/win32/components/wch/toolchain/risc-v embedded gcc12/bin/../lib/gcc/riscv-wch-elf/12.2.0/../../../../riscv-wch-elf/lib/rv32imac_xw/ilp32\libm_nano.a(lib_a-ef_rem_pio2.o)
                0x0000000000004e22                __ieee754_rem_pio2f
 .text.__ieee754_sqrtf
                0x0000000000005186      0x114 d:/mounriver/mounriver_studio2/resources/app/resources/win32/components/wch/toolchain/risc-v embedded gcc12/bin/../lib/gcc/riscv-wch-elf/12.2.0/../../../../riscv-wch-elf/lib/rv32imac_xw/ilp32\libm_nano.a(lib_a-ef_sqrt.o)
                0x0000000000005186                __ieee754_sqrtf
 .text.__kernel_cosf
                0x000000000000529a      0x13c d:/mounriver/mounriver_studio2/resources/app/resources/win32/components/wch/toolchain/risc-v embedded gcc12/bin/../lib/gcc/riscv-wch-elf/12.2.0/../../../../riscv-wch-elf/lib/rv32imac_xw/ilp32\libm_nano.a(lib_a-kf_cos.o)
                0x000000000000529a                __kernel_cosf
 .text.__kernel_rem_pio2f
                0x00000000000053d6      0x666 d:/mounriver/mounriver_studio2/resources/app/resources/win32/components/wch/toolchain/risc-v embedded gcc12/bin/../lib/gcc/riscv-wch-elf/12.2.0/../../../../riscv-wch-elf/lib/rv32imac_xw/ilp32\libm_nano.a(lib_a-kf_rem_pio2.o)
                0x00000000000053d6                __kernel_rem_pio2f
 .text.__kernel_sinf
                0x0000000000005a3c      0x11a d:/mounriver/mounriver_studio2/resources/app/resources/win32/components/wch/toolchain/risc-v embedded gcc12/bin/../lib/gcc/riscv-wch-elf/12.2.0/../../../../riscv-wch-elf/lib/rv32imac_xw/ilp32\libm_nano.a(lib_a-kf_sin.o)
                0x0000000000005a3c                __kernel_sinf
 .text.atanf    0x0000000000005b56      0x270 d:/mounriver/mounriver_studio2/resources/app/resources/win32/components/wch/toolchain/risc-v embedded gcc12/bin/../lib/gcc/riscv-wch-elf/12.2.0/../../../../riscv-wch-elf/lib/rv32imac_xw/ilp32\libm_nano.a(lib_a-sf_atan.o)
                0x0000000000005b56                atanf
 .text.fabsf    0x0000000000005dc6        0x6 d:/mounriver/mounriver_studio2/resources/app/resources/win32/components/wch/toolchain/risc-v embedded gcc12/bin/../lib/gcc/riscv-wch-elf/12.2.0/../../../../riscv-wch-elf/lib/rv32imac_xw/ilp32\libm_nano.a(lib_a-sf_fabs.o)
                0x0000000000005dc6                fabsf
 .text.floorf   0x0000000000005dcc       0xb4 d:/mounriver/mounriver_studio2/resources/app/resources/win32/components/wch/toolchain/risc-v embedded gcc12/bin/../lib/gcc/riscv-wch-elf/12.2.0/../../../../riscv-wch-elf/lib/rv32imac_xw/ilp32\libm_nano.a(lib_a-sf_floor.o)
                0x0000000000005dcc                floorf
 .text.scalbnf  0x0000000000005e80       0xe6 d:/mounriver/mounriver_studio2/resources/app/resources/win32/components/wch/toolchain/risc-v embedded gcc12/bin/../lib/gcc/riscv-wch-elf/12.2.0/../../../../riscv-wch-elf/lib/rv32imac_xw/ilp32\libm_nano.a(lib_a-sf_scalbn.o)
                0x0000000000005e80                scalbnf
 .text.printchar
                0x0000000000005f66       0x4a d:/mounriver/mounriver_studio2/resources/app/resources/win32/components/wch/toolchain/risc-v embedded gcc12/bin/../lib/gcc/riscv-wch-elf/12.2.0/../../../../riscv-wch-elf/lib/rv32imac_xw/ilp32\libprintfloat.a(printfloat.o)
                0x0000000000005f66                printchar
 .text.prints   0x0000000000005fb0       0xe0 d:/mounriver/mounriver_studio2/resources/app/resources/win32/components/wch/toolchain/risc-v embedded gcc12/bin/../lib/gcc/riscv-wch-elf/12.2.0/../../../../riscv-wch-elf/lib/rv32imac_xw/ilp32\libprintfloat.a(printfloat.o)
                0x0000000000005fb0                prints
 .text.printInt
                0x0000000000006090       0xf2 d:/mounriver/mounriver_studio2/resources/app/resources/win32/components/wch/toolchain/risc-v embedded gcc12/bin/../lib/gcc/riscv-wch-elf/12.2.0/../../../../riscv-wch-elf/lib/rv32imac_xw/ilp32\libprintfloat.a(printfloat.o)
                0x0000000000006090                printInt
 .text.printLongLongInt
                0x0000000000006182      0x120 d:/mounriver/mounriver_studio2/resources/app/resources/win32/components/wch/toolchain/risc-v embedded gcc12/bin/../lib/gcc/riscv-wch-elf/12.2.0/../../../../riscv-wch-elf/lib/rv32imac_xw/ilp32\libprintfloat.a(printfloat.o)
                0x0000000000006182                printLongLongInt
 .text.printDouble
                0x00000000000062a2      0x100 d:/mounriver/mounriver_studio2/resources/app/resources/win32/components/wch/toolchain/risc-v embedded gcc12/bin/../lib/gcc/riscv-wch-elf/12.2.0/../../../../riscv-wch-elf/lib/rv32imac_xw/ilp32\libprintfloat.a(printfloat.o)
                0x00000000000062a2                printDouble
 .text.print    0x00000000000063a2      0x356 d:/mounriver/mounriver_studio2/resources/app/resources/win32/components/wch/toolchain/risc-v embedded gcc12/bin/../lib/gcc/riscv-wch-elf/12.2.0/../../../../riscv-wch-elf/lib/rv32imac_xw/ilp32\libprintfloat.a(printfloat.o)
                0x00000000000063a2                print
 .text.printf   0x00000000000066f8       0x24 d:/mounriver/mounriver_studio2/resources/app/resources/win32/components/wch/toolchain/risc-v embedded gcc12/bin/../lib/gcc/riscv-wch-elf/12.2.0/../../../../riscv-wch-elf/lib/rv32imac_xw/ilp32\libprintfloat.a(printfloat.o)
                0x00000000000066f8                printf
 .text.puts     0x000000000000671c       0x4a d:/mounriver/mounriver_studio2/resources/app/resources/win32/components/wch/toolchain/risc-v embedded gcc12/bin/../lib/gcc/riscv-wch-elf/12.2.0/../../../../riscv-wch-elf/lib/rv32imac_xw/ilp32\libprintfloat.a(printfloat.o)
                0x000000000000671c                puts
 .text.__udivdi3
                0x0000000000006766      0x3a6 d:/mounriver/mounriver_studio2/resources/app/resources/win32/components/wch/toolchain/risc-v embedded gcc12/bin/../lib/gcc/riscv-wch-elf/12.2.0/rv32imac_xw/ilp32\libgcc.a(_udivdi3.o)
                0x0000000000006766                __udivdi3
 .text.__umoddi3
                0x0000000000006b0c      0x390 d:/mounriver/mounriver_studio2/resources/app/resources/win32/components/wch/toolchain/risc-v embedded gcc12/bin/../lib/gcc/riscv-wch-elf/12.2.0/rv32imac_xw/ilp32\libgcc.a(_umoddi3.o)
                0x0000000000006b0c                __umoddi3
 .text.__adddf3
                0x0000000000006e9c      0x6e8 d:/mounriver/mounriver_studio2/resources/app/resources/win32/components/wch/toolchain/risc-v embedded gcc12/bin/../lib/gcc/riscv-wch-elf/12.2.0/rv32imac_xw/ilp32\libgcc.a(adddf3.o)
                0x0000000000006e9c                __adddf3
 .text.__divdf3
                0x0000000000007584      0x5ae d:/mounriver/mounriver_studio2/resources/app/resources/win32/components/wch/toolchain/risc-v embedded gcc12/bin/../lib/gcc/riscv-wch-elf/12.2.0/rv32imac_xw/ilp32\libgcc.a(divdf3.o)
                0x0000000000007584                __divdf3
 .text.__ledf2  0x0000000000007b32       0xbc d:/mounriver/mounriver_studio2/resources/app/resources/win32/components/wch/toolchain/risc-v embedded gcc12/bin/../lib/gcc/riscv-wch-elf/12.2.0/rv32imac_xw/ilp32\libgcc.a(ledf2.o)
                0x0000000000007b32                __ledf2
                0x0000000000007b32                __ltdf2
 .text.__muldf3
                0x0000000000007bee      0x54a d:/mounriver/mounriver_studio2/resources/app/resources/win32/components/wch/toolchain/risc-v embedded gcc12/bin/../lib/gcc/riscv-wch-elf/12.2.0/rv32imac_xw/ilp32\libgcc.a(muldf3.o)
                0x0000000000007bee                __muldf3
 .text.__subdf3
                0x0000000000008138      0x736 d:/mounriver/mounriver_studio2/resources/app/resources/win32/components/wch/toolchain/risc-v embedded gcc12/bin/../lib/gcc/riscv-wch-elf/12.2.0/rv32imac_xw/ilp32\libgcc.a(subdf3.o)
                0x0000000000008138                __subdf3
 .text.__fixunsdfsi
                0x000000000000886e       0x58 d:/mounriver/mounriver_studio2/resources/app/resources/win32/components/wch/toolchain/risc-v embedded gcc12/bin/../lib/gcc/riscv-wch-elf/12.2.0/rv32imac_xw/ilp32\libgcc.a(fixunsdfsi.o)
                0x000000000000886e                __fixunsdfsi
 .text.__fixdfdi
                0x00000000000088c6       0xbc d:/mounriver/mounriver_studio2/resources/app/resources/win32/components/wch/toolchain/risc-v embedded gcc12/bin/../lib/gcc/riscv-wch-elf/12.2.0/rv32imac_xw/ilp32\libgcc.a(fixdfdi.o)
                0x00000000000088c6                __fixdfdi
 .text.__floatdidf
                0x0000000000008982      0x1ae d:/mounriver/mounriver_studio2/resources/app/resources/win32/components/wch/toolchain/risc-v embedded gcc12/bin/../lib/gcc/riscv-wch-elf/12.2.0/rv32imac_xw/ilp32\libgcc.a(floatdidf.o)
                0x0000000000008982                __floatdidf
 .text.__addsf3
                0x0000000000008b30      0x368 d:/mounriver/mounriver_studio2/resources/app/resources/win32/components/wch/toolchain/risc-v embedded gcc12/bin/../lib/gcc/riscv-wch-elf/12.2.0/rv32imac_xw/ilp32\libgcc.a(addsf3.o)
                0x0000000000008b30                __addsf3
 .text.__divsf3
                0x0000000000008e98      0x2ea d:/mounriver/mounriver_studio2/resources/app/resources/win32/components/wch/toolchain/risc-v embedded gcc12/bin/../lib/gcc/riscv-wch-elf/12.2.0/rv32imac_xw/ilp32\libgcc.a(divsf3.o)
                0x0000000000008e98                __divsf3
 .text.__eqsf2  0x0000000000009182       0x5e d:/mounriver/mounriver_studio2/resources/app/resources/win32/components/wch/toolchain/risc-v embedded gcc12/bin/../lib/gcc/riscv-wch-elf/12.2.0/rv32imac_xw/ilp32\libgcc.a(eqsf2.o)
                0x0000000000009182                __eqsf2
                0x0000000000009182                __nesf2
 .text.__gesf2  0x00000000000091e0       0x96 d:/mounriver/mounriver_studio2/resources/app/resources/win32/components/wch/toolchain/risc-v embedded gcc12/bin/../lib/gcc/riscv-wch-elf/12.2.0/rv32imac_xw/ilp32\libgcc.a(gesf2.o)
                0x00000000000091e0                __gesf2
                0x00000000000091e0                __gtsf2
 .text.__lesf2  0x0000000000009276       0x98 d:/mounriver/mounriver_studio2/resources/app/resources/win32/components/wch/toolchain/risc-v embedded gcc12/bin/../lib/gcc/riscv-wch-elf/12.2.0/rv32imac_xw/ilp32\libgcc.a(lesf2.o)
                0x0000000000009276                __ltsf2
                0x0000000000009276                __lesf2
 .text.__mulsf3
                0x000000000000930e      0x2dc d:/mounriver/mounriver_studio2/resources/app/resources/win32/components/wch/toolchain/risc-v embedded gcc12/bin/../lib/gcc/riscv-wch-elf/12.2.0/rv32imac_xw/ilp32\libgcc.a(mulsf3.o)
                0x000000000000930e                __mulsf3
 .text.__subsf3
                0x00000000000095ea      0x38c d:/mounriver/mounriver_studio2/resources/app/resources/win32/components/wch/toolchain/risc-v embedded gcc12/bin/../lib/gcc/riscv-wch-elf/12.2.0/rv32imac_xw/ilp32\libgcc.a(subsf3.o)
                0x00000000000095ea                __subsf3
 .text.__unordsf2
                0x0000000000009976       0x3c d:/mounriver/mounriver_studio2/resources/app/resources/win32/components/wch/toolchain/risc-v embedded gcc12/bin/../lib/gcc/riscv-wch-elf/12.2.0/rv32imac_xw/ilp32\libgcc.a(unordsf2.o)
                0x0000000000009976                __unordsf2
 .text.__fixsfsi
                0x00000000000099b2       0x60 d:/mounriver/mounriver_studio2/resources/app/resources/win32/components/wch/toolchain/risc-v embedded gcc12/bin/../lib/gcc/riscv-wch-elf/12.2.0/rv32imac_xw/ilp32\libgcc.a(fixsfsi.o)
                0x00000000000099b2                __fixsfsi
 .text.__fixunssfsi
                0x0000000000009a12       0x52 d:/mounriver/mounriver_studio2/resources/app/resources/win32/components/wch/toolchain/risc-v embedded gcc12/bin/../lib/gcc/riscv-wch-elf/12.2.0/rv32imac_xw/ilp32\libgcc.a(fixunssfsi.o)
                0x0000000000009a12                __fixunssfsi
 .text.__floatsisf
                0x0000000000009a64       0xcc d:/mounriver/mounriver_studio2/resources/app/resources/win32/components/wch/toolchain/risc-v embedded gcc12/bin/../lib/gcc/riscv-wch-elf/12.2.0/rv32imac_xw/ilp32\libgcc.a(floatsisf.o)
                0x0000000000009a64                __floatsisf
 .text.__floatunsisf
                0x0000000000009b30       0xbc d:/mounriver/mounriver_studio2/resources/app/resources/win32/components/wch/toolchain/risc-v embedded gcc12/bin/../lib/gcc/riscv-wch-elf/12.2.0/rv32imac_xw/ilp32\libgcc.a(floatunsisf.o)
                0x0000000000009b30                __floatunsisf
 .text.__extendsfdf2
                0x0000000000009bec       0xa6 d:/mounriver/mounriver_studio2/resources/app/resources/win32/components/wch/toolchain/risc-v embedded gcc12/bin/../lib/gcc/riscv-wch-elf/12.2.0/rv32imac_xw/ilp32\libgcc.a(extendsfdf2.o)
                0x0000000000009bec                __extendsfdf2
 .text.__clzsi2
                0x0000000000009c92       0x68 d:/mounriver/mounriver_studio2/resources/app/resources/win32/components/wch/toolchain/risc-v embedded gcc12/bin/../lib/gcc/riscv-wch-elf/12.2.0/rv32imac_xw/ilp32\libgcc.a(_clzsi2.o)
                0x0000000000009c92                __clzsi2
 .text.__errno  0x0000000000009cfa        0x6 d:/mounriver/mounriver_studio2/resources/app/resources/win32/components/wch/toolchain/risc-v embedded gcc12/bin/../lib/gcc/riscv-wch-elf/12.2.0/../../../../riscv-wch-elf/lib/rv32imac_xw/ilp32\libg_nano.a(lib_a-errno.o)
                0x0000000000009cfa                __errno
 .text.strlen   0x0000000000009d00       0x10 d:/mounriver/mounriver_studio2/resources/app/resources/win32/components/wch/toolchain/risc-v embedded gcc12/bin/../lib/gcc/riscv-wch-elf/12.2.0/../../../../riscv-wch-elf/lib/rv32imac_xw/ilp32\libg_nano.a(lib_a-strlen.o)
                0x0000000000009d00                strlen
 .text.strncmp  0x0000000000009d10       0x28 d:/mounriver/mounriver_studio2/resources/app/resources/win32/components/wch/toolchain/risc-v embedded gcc12/bin/../lib/gcc/riscv-wch-elf/12.2.0/../../../../riscv-wch-elf/lib/rv32imac_xw/ilp32\libg_nano.a(lib_a-strncmp.o)
                0x0000000000009d10                strncmp
 .text.strncpy  0x0000000000009d38       0x22 d:/mounriver/mounriver_studio2/resources/app/resources/win32/components/wch/toolchain/risc-v embedded gcc12/bin/../lib/gcc/riscv-wch-elf/12.2.0/../../../../riscv-wch-elf/lib/rv32imac_xw/ilp32\libg_nano.a(lib_a-strncpy.o)
                0x0000000000009d38                strncpy
 .text.sulp     0x0000000000009d5a       0x50 d:/mounriver/mounriver_studio2/resources/app/resources/win32/components/wch/toolchain/risc-v embedded gcc12/bin/../lib/gcc/riscv-wch-elf/12.2.0/../../../../riscv-wch-elf/lib/rv32imac_xw/ilp32\libg_nano.a(lib_a-strtod.o)
 .text._strtod_l
                0x0000000000009daa      0xd2a d:/mounriver/mounriver_studio2/resources/app/resources/win32/components/wch/toolchain/risc-v embedded gcc12/bin/../lib/gcc/riscv-wch-elf/12.2.0/../../../../riscv-wch-elf/lib/rv32imac_xw/ilp32\libg_nano.a(lib_a-strtod.o)
                0x0000000000009daa                _strtod_l
 .text.strtof   0x000000000000aad4      0x100 d:/mounriver/mounriver_studio2/resources/app/resources/win32/components/wch/toolchain/risc-v embedded gcc12/bin/../lib/gcc/riscv-wch-elf/12.2.0/../../../../riscv-wch-elf/lib/rv32imac_xw/ilp32\libg_nano.a(lib_a-strtod.o)
                0x000000000000aad4                strtof
 .text.strtok   0x000000000000abd4       0x7c d:/mounriver/mounriver_studio2/resources/app/resources/win32/components/wch/toolchain/risc-v embedded gcc12/bin/../lib/gcc/riscv-wch-elf/12.2.0/../../../../riscv-wch-elf/lib/rv32imac_xw/ilp32\libg_nano.a(lib_a-strtok.o)
                0x000000000000abd4                strtok
 .text.__strtok_r
                0x000000000000ac50       0x58 d:/mounriver/mounriver_studio2/resources/app/resources/win32/components/wch/toolchain/risc-v embedded gcc12/bin/../lib/gcc/riscv-wch-elf/12.2.0/../../../../riscv-wch-elf/lib/rv32imac_xw/ilp32\libg_nano.a(lib_a-strtok_r.o)
                0x000000000000ac50                __strtok_r
 .text._strtol_l.constprop.0
                0x000000000000aca8      0x13e d:/mounriver/mounriver_studio2/resources/app/resources/win32/components/wch/toolchain/risc-v embedded gcc12/bin/../lib/gcc/riscv-wch-elf/12.2.0/../../../../riscv-wch-elf/lib/rv32imac_xw/ilp32\libg_nano.a(lib_a-strtol.o)
 .text.strtol   0x000000000000ade6        0xe d:/mounriver/mounriver_studio2/resources/app/resources/win32/components/wch/toolchain/risc-v embedded gcc12/bin/../lib/gcc/riscv-wch-elf/12.2.0/../../../../riscv-wch-elf/lib/rv32imac_xw/ilp32\libg_nano.a(lib_a-strtol.o)
                0x000000000000ade6                strtol
 .text._strtoul_l.constprop.0
                0x000000000000adf4      0x110 d:/mounriver/mounriver_studio2/resources/app/resources/win32/components/wch/toolchain/risc-v embedded gcc12/bin/../lib/gcc/riscv-wch-elf/12.2.0/../../../../riscv-wch-elf/lib/rv32imac_xw/ilp32\libg_nano.a(lib_a-strtoul.o)
 .text.strtoul  0x000000000000af04        0xe d:/mounriver/mounriver_studio2/resources/app/resources/win32/components/wch/toolchain/risc-v embedded gcc12/bin/../lib/gcc/riscv-wch-elf/12.2.0/../../../../riscv-wch-elf/lib/rv32imac_xw/ilp32\libg_nano.a(lib_a-strtoul.o)
                0x000000000000af04                strtoul
 .text._vsnprintf_r
                0x000000000000af12       0x62 d:/mounriver/mounriver_studio2/resources/app/resources/win32/components/wch/toolchain/risc-v embedded gcc12/bin/../lib/gcc/riscv-wch-elf/12.2.0/../../../../riscv-wch-elf/lib/rv32imac_xw/ilp32\libg_nano.a(lib_a-vsnprintf.o)
                0x000000000000af12                _vsniprintf_r
                0x000000000000af12                _vsnprintf_r
 .text.vsnprintf
                0x000000000000af74       0x10 d:/mounriver/mounriver_studio2/resources/app/resources/win32/components/wch/toolchain/risc-v embedded gcc12/bin/../lib/gcc/riscv-wch-elf/12.2.0/../../../../riscv-wch-elf/lib/rv32imac_xw/ilp32\libg_nano.a(lib_a-vsnprintf.o)
                0x000000000000af74                vsniprintf
                0x000000000000af74                vsnprintf
 .text.rshift   0x000000000000af84       0xba d:/mounriver/mounriver_studio2/resources/app/resources/win32/components/wch/toolchain/risc-v embedded gcc12/bin/../lib/gcc/riscv-wch-elf/12.2.0/../../../../riscv-wch-elf/lib/rv32imac_xw/ilp32\libg_nano.a(lib_a-gdtoa-gethex.o)
 .text.__hexdig_fun
                0x000000000000b03e       0x42 d:/mounriver/mounriver_studio2/resources/app/resources/win32/components/wch/toolchain/risc-v embedded gcc12/bin/../lib/gcc/riscv-wch-elf/12.2.0/../../../../riscv-wch-elf/lib/rv32imac_xw/ilp32\libg_nano.a(lib_a-gdtoa-gethex.o)
                0x000000000000b03e                __hexdig_fun
 .text.__gethex
                0x000000000000b080      0x4a6 d:/mounriver/mounriver_studio2/resources/app/resources/win32/components/wch/toolchain/risc-v embedded gcc12/bin/../lib/gcc/riscv-wch-elf/12.2.0/../../../../riscv-wch-elf/lib/rv32imac_xw/ilp32\libg_nano.a(lib_a-gdtoa-gethex.o)
                0x000000000000b080                __gethex
 .text.L_shift  0x000000000000b526       0x2a d:/mounriver/mounriver_studio2/resources/app/resources/win32/components/wch/toolchain/risc-v embedded gcc12/bin/../lib/gcc/riscv-wch-elf/12.2.0/../../../../riscv-wch-elf/lib/rv32imac_xw/ilp32\libg_nano.a(lib_a-gdtoa-hexnan.o)
 .text.__match  0x000000000000b550       0x2c d:/mounriver/mounriver_studio2/resources/app/resources/win32/components/wch/toolchain/risc-v embedded gcc12/bin/../lib/gcc/riscv-wch-elf/12.2.0/../../../../riscv-wch-elf/lib/rv32imac_xw/ilp32\libg_nano.a(lib_a-gdtoa-hexnan.o)
                0x000000000000b550                __match
 .text.__hexnan
                0x000000000000b57c      0x172 d:/mounriver/mounriver_studio2/resources/app/resources/win32/components/wch/toolchain/risc-v embedded gcc12/bin/../lib/gcc/riscv-wch-elf/12.2.0/../../../../riscv-wch-elf/lib/rv32imac_xw/ilp32\libg_nano.a(lib_a-gdtoa-hexnan.o)
                0x000000000000b57c                __hexnan
 .text.malloc   0x000000000000b6ee        0xa d:/mounriver/mounriver_studio2/resources/app/resources/win32/components/wch/toolchain/risc-v embedded gcc12/bin/../lib/gcc/riscv-wch-elf/12.2.0/../../../../riscv-wch-elf/lib/rv32imac_xw/ilp32\libg_nano.a(lib_a-malloc.o)
                0x000000000000b6ee                malloc
 .text.__ascii_mbtowc
                0x000000000000b6f8       0x32 d:/mounriver/mounriver_studio2/resources/app/resources/win32/components/wch/toolchain/risc-v embedded gcc12/bin/../lib/gcc/riscv-wch-elf/12.2.0/../../../../riscv-wch-elf/lib/rv32imac_xw/ilp32\libg_nano.a(lib_a-mbtowc_r.o)
                0x000000000000b6f8                __ascii_mbtowc
 .text._Balloc  0x000000000000b72a       0x92 d:/mounriver/mounriver_studio2/resources/app/resources/win32/components/wch/toolchain/risc-v embedded gcc12/bin/../lib/gcc/riscv-wch-elf/12.2.0/../../../../riscv-wch-elf/lib/rv32imac_xw/ilp32\libg_nano.a(lib_a-mprec.o)
                0x000000000000b72a                _Balloc
 .text._Bfree   0x000000000000b7bc       0x44 d:/mounriver/mounriver_studio2/resources/app/resources/win32/components/wch/toolchain/risc-v embedded gcc12/bin/../lib/gcc/riscv-wch-elf/12.2.0/../../../../riscv-wch-elf/lib/rv32imac_xw/ilp32\libg_nano.a(lib_a-mprec.o)
                0x000000000000b7bc                _Bfree
 .text.__multadd
                0x000000000000b800       0xbe d:/mounriver/mounriver_studio2/resources/app/resources/win32/components/wch/toolchain/risc-v embedded gcc12/bin/../lib/gcc/riscv-wch-elf/12.2.0/../../../../riscv-wch-elf/lib/rv32imac_xw/ilp32\libg_nano.a(lib_a-mprec.o)
                0x000000000000b800                __multadd
 .text.__s2b    0x000000000000b8be       0xc0 d:/mounriver/mounriver_studio2/resources/app/resources/win32/components/wch/toolchain/risc-v embedded gcc12/bin/../lib/gcc/riscv-wch-elf/12.2.0/../../../../riscv-wch-elf/lib/rv32imac_xw/ilp32\libg_nano.a(lib_a-mprec.o)
                0x000000000000b8be                __s2b
 .text.__hi0bits
                0x000000000000b97e       0x4e d:/mounriver/mounriver_studio2/resources/app/resources/win32/components/wch/toolchain/risc-v embedded gcc12/bin/../lib/gcc/riscv-wch-elf/12.2.0/../../../../riscv-wch-elf/lib/rv32imac_xw/ilp32\libg_nano.a(lib_a-mprec.o)
                0x000000000000b97e                __hi0bits
 .text.__lo0bits
                0x000000000000b9cc       0x6a d:/mounriver/mounriver_studio2/resources/app/resources/win32/components/wch/toolchain/risc-v embedded gcc12/bin/../lib/gcc/riscv-wch-elf/12.2.0/../../../../riscv-wch-elf/lib/rv32imac_xw/ilp32\libg_nano.a(lib_a-mprec.o)
                0x000000000000b9cc                __lo0bits
 .text.__i2b    0x000000000000ba36       0x38 d:/mounriver/mounriver_studio2/resources/app/resources/win32/components/wch/toolchain/risc-v embedded gcc12/bin/../lib/gcc/riscv-wch-elf/12.2.0/../../../../riscv-wch-elf/lib/rv32imac_xw/ilp32\libg_nano.a(lib_a-mprec.o)
                0x000000000000ba36                __i2b
 .text.__multiply
                0x000000000000ba6e      0x17c d:/mounriver/mounriver_studio2/resources/app/resources/win32/components/wch/toolchain/risc-v embedded gcc12/bin/../lib/gcc/riscv-wch-elf/12.2.0/../../../../riscv-wch-elf/lib/rv32imac_xw/ilp32\libg_nano.a(lib_a-mprec.o)
                0x000000000000ba6e                __multiply
 .text.__pow5mult
                0x000000000000bbea       0xbe d:/mounriver/mounriver_studio2/resources/app/resources/win32/components/wch/toolchain/risc-v embedded gcc12/bin/../lib/gcc/riscv-wch-elf/12.2.0/../../../../riscv-wch-elf/lib/rv32imac_xw/ilp32\libg_nano.a(lib_a-mprec.o)
                0x000000000000bbea                __pow5mult
 .text.__lshift
                0x000000000000bca8       0xfe d:/mounriver/mounriver_studio2/resources/app/resources/win32/components/wch/toolchain/risc-v embedded gcc12/bin/../lib/gcc/riscv-wch-elf/12.2.0/../../../../riscv-wch-elf/lib/rv32imac_xw/ilp32\libg_nano.a(lib_a-mprec.o)
                0x000000000000bca8                __lshift
 .text.__mcmp   0x000000000000bda6       0x36 d:/mounriver/mounriver_studio2/resources/app/resources/win32/components/wch/toolchain/risc-v embedded gcc12/bin/../lib/gcc/riscv-wch-elf/12.2.0/../../../../riscv-wch-elf/lib/rv32imac_xw/ilp32\libg_nano.a(lib_a-mprec.o)
                0x000000000000bda6                __mcmp
 .text.__mdiff  0x000000000000bddc      0x168 d:/mounriver/mounriver_studio2/resources/app/resources/win32/components/wch/toolchain/risc-v embedded gcc12/bin/../lib/gcc/riscv-wch-elf/12.2.0/../../../../riscv-wch-elf/lib/rv32imac_xw/ilp32\libg_nano.a(lib_a-mprec.o)
                0x000000000000bddc                __mdiff
 .text.__ulp    0x000000000000bf44       0x44 d:/mounriver/mounriver_studio2/resources/app/resources/win32/components/wch/toolchain/risc-v embedded gcc12/bin/../lib/gcc/riscv-wch-elf/12.2.0/../../../../riscv-wch-elf/lib/rv32imac_xw/ilp32\libg_nano.a(lib_a-mprec.o)
                0x000000000000bf44                __ulp
 .text.__b2d    0x000000000000bf88       0xb6 d:/mounriver/mounriver_studio2/resources/app/resources/win32/components/wch/toolchain/risc-v embedded gcc12/bin/../lib/gcc/riscv-wch-elf/12.2.0/../../../../riscv-wch-elf/lib/rv32imac_xw/ilp32\libg_nano.a(lib_a-mprec.o)
                0x000000000000bf88                __b2d
 .text.__d2b    0x000000000000c03e       0xe0 d:/mounriver/mounriver_studio2/resources/app/resources/win32/components/wch/toolchain/risc-v embedded gcc12/bin/../lib/gcc/riscv-wch-elf/12.2.0/../../../../riscv-wch-elf/lib/rv32imac_xw/ilp32\libg_nano.a(lib_a-mprec.o)
                0x000000000000c03e                __d2b
 .text.__ratio  0x000000000000c11e       0x72 d:/mounriver/mounriver_studio2/resources/app/resources/win32/components/wch/toolchain/risc-v embedded gcc12/bin/../lib/gcc/riscv-wch-elf/12.2.0/../../../../riscv-wch-elf/lib/rv32imac_xw/ilp32\libg_nano.a(lib_a-mprec.o)
                0x000000000000c11e                __ratio
 .text.__copybits
                0x000000000000c190       0x4c d:/mounriver/mounriver_studio2/resources/app/resources/win32/components/wch/toolchain/risc-v embedded gcc12/bin/../lib/gcc/riscv-wch-elf/12.2.0/../../../../riscv-wch-elf/lib/rv32imac_xw/ilp32\libg_nano.a(lib_a-mprec.o)
                0x000000000000c190                __copybits
 .text.__any_on
                0x000000000000c1dc       0x46 d:/mounriver/mounriver_studio2/resources/app/resources/win32/components/wch/toolchain/risc-v embedded gcc12/bin/../lib/gcc/riscv-wch-elf/12.2.0/../../../../riscv-wch-elf/lib/rv32imac_xw/ilp32\libg_nano.a(lib_a-mprec.o)
                0x000000000000c1dc                __any_on
 .text._calloc_r
                0x000000000000c222       0x34 d:/mounriver/mounriver_studio2/resources/app/resources/win32/components/wch/toolchain/risc-v embedded gcc12/bin/../lib/gcc/riscv-wch-elf/12.2.0/../../../../riscv-wch-elf/lib/rv32imac_xw/ilp32\libg_nano.a(lib_a-nano-callocr.o)
                0x000000000000c222                _calloc_r
 .text._free_r  0x000000000000c256       0xa2 d:/mounriver/mounriver_studio2/resources/app/resources/win32/components/wch/toolchain/risc-v embedded gcc12/bin/../lib/gcc/riscv-wch-elf/12.2.0/../../../../riscv-wch-elf/lib/rv32imac_xw/ilp32\libg_nano.a(lib_a-nano-freer.o)
                0x000000000000c256                _free_r
 .text.sbrk_aligned
                0x000000000000c2f8       0x5a d:/mounriver/mounriver_studio2/resources/app/resources/win32/components/wch/toolchain/risc-v embedded gcc12/bin/../lib/gcc/riscv-wch-elf/12.2.0/../../../../riscv-wch-elf/lib/rv32imac_xw/ilp32\libg_nano.a(lib_a-nano-mallocr.o)
 .text._malloc_r
                0x000000000000c352      0x112 d:/mounriver/mounriver_studio2/resources/app/resources/win32/components/wch/toolchain/risc-v embedded gcc12/bin/../lib/gcc/riscv-wch-elf/12.2.0/../../../../riscv-wch-elf/lib/rv32imac_xw/ilp32\libg_nano.a(lib_a-nano-mallocr.o)
                0x000000000000c352                _malloc_r
 .text.__ssputs_r
                0x000000000000c464       0xe2 d:/mounriver/mounriver_studio2/resources/app/resources/win32/components/wch/toolchain/risc-v embedded gcc12/bin/../lib/gcc/riscv-wch-elf/12.2.0/../../../../riscv-wch-elf/lib/rv32imac_xw/ilp32\libg_nano.a(lib_a-nano-svfprintf.o)
                0x000000000000c464                __ssputs_r
 .text._svfprintf_r
                0x000000000000c546      0x25a d:/mounriver/mounriver_studio2/resources/app/resources/win32/components/wch/toolchain/risc-v embedded gcc12/bin/../lib/gcc/riscv-wch-elf/12.2.0/../../../../riscv-wch-elf/lib/rv32imac_xw/ilp32\libg_nano.a(lib_a-nano-svfprintf.o)
                0x000000000000c546                _svfiprintf_r
                0x000000000000c546                _svfprintf_r
 .text._printf_common
                0x000000000000c7a0      0x110 d:/mounriver/mounriver_studio2/resources/app/resources/win32/components/wch/toolchain/risc-v embedded gcc12/bin/../lib/gcc/riscv-wch-elf/12.2.0/../../../../riscv-wch-elf/lib/rv32imac_xw/ilp32\libg_nano.a(lib_a-nano-vfprintf_i.o)
                0x000000000000c7a0                _printf_common
 .text._printf_i
                0x000000000000c8b0      0x27a d:/mounriver/mounriver_studio2/resources/app/resources/win32/components/wch/toolchain/risc-v embedded gcc12/bin/../lib/gcc/riscv-wch-elf/12.2.0/../../../../riscv-wch-elf/lib/rv32imac_xw/ilp32\libg_nano.a(lib_a-nano-vfprintf_i.o)
                0x000000000000c8b0                _printf_i
 .text._sbrk_r  0x000000000000cb2a       0x28 d:/mounriver/mounriver_studio2/resources/app/resources/win32/components/wch/toolchain/risc-v embedded gcc12/bin/../lib/gcc/riscv-wch-elf/12.2.0/../../../../riscv-wch-elf/lib/rv32imac_xw/ilp32\libg_nano.a(lib_a-sbrkr.o)
                0x000000000000cb2a                _sbrk_r
 .text.nanf     0x000000000000cb52        0xa d:/mounriver/mounriver_studio2/resources/app/resources/win32/components/wch/toolchain/risc-v embedded gcc12/bin/../lib/gcc/riscv-wch-elf/12.2.0/../../../../riscv-wch-elf/lib/rv32imac_xw/ilp32\libg_nano.a(lib_a-sf_nan.o)
                0x000000000000cb52                nanf
 .text.nan      0x000000000000cb5c        0xe d:/mounriver/mounriver_studio2/resources/app/resources/win32/components/wch/toolchain/risc-v embedded gcc12/bin/../lib/gcc/riscv-wch-elf/12.2.0/../../../../riscv-wch-elf/lib/rv32imac_xw/ilp32\libg_nano.a(lib_a-s_nan.o)
                0x000000000000cb5c                nan
 .text.__ascii_wctomb
                0x000000000000cb6a       0x1e d:/mounriver/mounriver_studio2/resources/app/resources/win32/components/wch/toolchain/risc-v embedded gcc12/bin/../lib/gcc/riscv-wch-elf/12.2.0/../../../../riscv-wch-elf/lib/rv32imac_xw/ilp32\libg_nano.a(lib_a-wctomb_r.o)
                0x000000000000cb6a                __ascii_wctomb
 .text.__assert_func
                0x000000000000cb88       0x36 d:/mounriver/mounriver_studio2/resources/app/resources/win32/components/wch/toolchain/risc-v embedded gcc12/bin/../lib/gcc/riscv-wch-elf/12.2.0/../../../../riscv-wch-elf/lib/rv32imac_xw/ilp32\libg_nano.a(lib_a-assert.o)
                0x000000000000cb88                __assert_func
 .text.fprintf  0x000000000000cbbe       0x24 d:/mounriver/mounriver_studio2/resources/app/resources/win32/components/wch/toolchain/risc-v embedded gcc12/bin/../lib/gcc/riscv-wch-elf/12.2.0/../../../../riscv-wch-elf/lib/rv32imac_xw/ilp32\libg_nano.a(lib_a-fprintf.o)
                0x000000000000cbbe                fiprintf
                0x000000000000cbbe                fprintf
 .text.memchr   0x000000000000cbe2       0x18 d:/mounriver/mounriver_studio2/resources/app/resources/win32/components/wch/toolchain/risc-v embedded gcc12/bin/../lib/gcc/riscv-wch-elf/12.2.0/../../../../riscv-wch-elf/lib/rv32imac_xw/ilp32\libg_nano.a(lib_a-memchr.o)
                0x000000000000cbe2                memchr
 .text.__malloc_lock
                0x000000000000cbfa        0x8 d:/mounriver/mounriver_studio2/resources/app/resources/win32/components/wch/toolchain/risc-v embedded gcc12/bin/../lib/gcc/riscv-wch-elf/12.2.0/../../../../riscv-wch-elf/lib/rv32imac_xw/ilp32\libg_nano.a(lib_a-mlock.o)
                0x000000000000cbfa                __malloc_lock
 .text.__malloc_unlock
                0x000000000000cc02        0x8 d:/mounriver/mounriver_studio2/resources/app/resources/win32/components/wch/toolchain/risc-v embedded gcc12/bin/../lib/gcc/riscv-wch-elf/12.2.0/../../../../riscv-wch-elf/lib/rv32imac_xw/ilp32\libg_nano.a(lib_a-mlock.o)
                0x000000000000cc02                __malloc_unlock
 .text._realloc_r
                0x000000000000cc0a       0x7e d:/mounriver/mounriver_studio2/resources/app/resources/win32/components/wch/toolchain/risc-v embedded gcc12/bin/../lib/gcc/riscv-wch-elf/12.2.0/../../../../riscv-wch-elf/lib/rv32imac_xw/ilp32\libg_nano.a(lib_a-nano-reallocr.o)
                0x000000000000cc0a                _realloc_r
 .text.__sfputc_r
                0x000000000000cc88       0x26 d:/mounriver/mounriver_studio2/resources/app/resources/win32/components/wch/toolchain/risc-v embedded gcc12/bin/../lib/gcc/riscv-wch-elf/12.2.0/../../../../riscv-wch-elf/lib/rv32imac_xw/ilp32\libg_nano.a(lib_a-nano-vfprintf.o)
 .text.__sfputs_r
                0x000000000000ccae       0x42 d:/mounriver/mounriver_studio2/resources/app/resources/win32/components/wch/toolchain/risc-v embedded gcc12/bin/../lib/gcc/riscv-wch-elf/12.2.0/../../../../riscv-wch-elf/lib/rv32imac_xw/ilp32\libg_nano.a(lib_a-nano-vfprintf.o)
                0x000000000000ccae                __sfputs_r
 .text._vfprintf_r
                0x000000000000ccf0      0x2c2 d:/mounriver/mounriver_studio2/resources/app/resources/win32/components/wch/toolchain/risc-v embedded gcc12/bin/../lib/gcc/riscv-wch-elf/12.2.0/../../../../riscv-wch-elf/lib/rv32imac_xw/ilp32\libg_nano.a(lib_a-nano-vfprintf.o)
                0x000000000000ccf0                _vfprintf_r
                0x000000000000ccf0                _vfiprintf_r
 .text.__swbuf_r
                0x000000000000cfb2       0xbc d:/mounriver/mounriver_studio2/resources/app/resources/win32/components/wch/toolchain/risc-v embedded gcc12/bin/../lib/gcc/riscv-wch-elf/12.2.0/../../../../riscv-wch-elf/lib/rv32imac_xw/ilp32\libg_nano.a(lib_a-wbuf.o)
                0x000000000000cfb2                __swbuf_r
 .text.__swsetup_r
                0x000000000000d06e       0xf0 d:/mounriver/mounriver_studio2/resources/app/resources/win32/components/wch/toolchain/risc-v embedded gcc12/bin/../lib/gcc/riscv-wch-elf/12.2.0/../../../../riscv-wch-elf/lib/rv32imac_xw/ilp32\libg_nano.a(lib_a-wsetup.o)
                0x000000000000d06e                __swsetup_r
 .text.abort    0x000000000000d15e        0xe d:/mounriver/mounriver_studio2/resources/app/resources/win32/components/wch/toolchain/risc-v embedded gcc12/bin/../lib/gcc/riscv-wch-elf/12.2.0/../../../../riscv-wch-elf/lib/rv32imac_xw/ilp32\libg_nano.a(lib_a-abort.o)
                0x000000000000d15e                abort
 .text.__sflush_r
                0x000000000000d16c      0x134 d:/mounriver/mounriver_studio2/resources/app/resources/win32/components/wch/toolchain/risc-v embedded gcc12/bin/../lib/gcc/riscv-wch-elf/12.2.0/../../../../riscv-wch-elf/lib/rv32imac_xw/ilp32\libg_nano.a(lib_a-fflush.o)
                0x000000000000d16c                __sflush_r
 .text._fflush_r
                0x000000000000d2a0       0x88 d:/mounriver/mounriver_studio2/resources/app/resources/win32/components/wch/toolchain/risc-v embedded gcc12/bin/../lib/gcc/riscv-wch-elf/12.2.0/../../../../riscv-wch-elf/lib/rv32imac_xw/ilp32\libg_nano.a(lib_a-fflush.o)
                0x000000000000d2a0                _fflush_r
 .text.std      0x000000000000d328       0x66 d:/mounriver/mounriver_studio2/resources/app/resources/win32/components/wch/toolchain/risc-v embedded gcc12/bin/../lib/gcc/riscv-wch-elf/12.2.0/../../../../riscv-wch-elf/lib/rv32imac_xw/ilp32\libg_nano.a(lib_a-findfp.o)
 .text._cleanup_r
                0x000000000000d38e        0xa d:/mounriver/mounriver_studio2/resources/app/resources/win32/components/wch/toolchain/risc-v embedded gcc12/bin/../lib/gcc/riscv-wch-elf/12.2.0/../../../../riscv-wch-elf/lib/rv32imac_xw/ilp32\libg_nano.a(lib_a-findfp.o)
                0x000000000000d38e                _cleanup_r
 .text.__sfmoreglue
                0x000000000000d398       0x48 d:/mounriver/mounriver_studio2/resources/app/resources/win32/components/wch/toolchain/risc-v embedded gcc12/bin/../lib/gcc/riscv-wch-elf/12.2.0/../../../../riscv-wch-elf/lib/rv32imac_xw/ilp32\libg_nano.a(lib_a-findfp.o)
                0x000000000000d398                __sfmoreglue
 .text.__sfp_lock_acquire
                0x000000000000d3e0        0x6 d:/mounriver/mounriver_studio2/resources/app/resources/win32/components/wch/toolchain/risc-v embedded gcc12/bin/../lib/gcc/riscv-wch-elf/12.2.0/../../../../riscv-wch-elf/lib/rv32imac_xw/ilp32\libg_nano.a(lib_a-findfp.o)
                0x000000000000d3e0                __sfp_lock_acquire
 .text.__sfp_lock_release
                0x000000000000d3e6        0x6 d:/mounriver/mounriver_studio2/resources/app/resources/win32/components/wch/toolchain/risc-v embedded gcc12/bin/../lib/gcc/riscv-wch-elf/12.2.0/../../../../riscv-wch-elf/lib/rv32imac_xw/ilp32\libg_nano.a(lib_a-findfp.o)
                0x000000000000d3e6                __sfp_lock_release
 .text.__sinit_lock_acquire
                0x000000000000d3ec        0x6 d:/mounriver/mounriver_studio2/resources/app/resources/win32/components/wch/toolchain/risc-v embedded gcc12/bin/../lib/gcc/riscv-wch-elf/12.2.0/../../../../riscv-wch-elf/lib/rv32imac_xw/ilp32\libg_nano.a(lib_a-findfp.o)
                0x000000000000d3ec                __sinit_lock_acquire
 .text.__sinit_lock_release
                0x000000000000d3f2        0x6 d:/mounriver/mounriver_studio2/resources/app/resources/win32/components/wch/toolchain/risc-v embedded gcc12/bin/../lib/gcc/riscv-wch-elf/12.2.0/../../../../riscv-wch-elf/lib/rv32imac_xw/ilp32\libg_nano.a(lib_a-findfp.o)
                0x000000000000d3f2                __sinit_lock_release
 .text.__sinit  0x000000000000d3f8       0x72 d:/mounriver/mounriver_studio2/resources/app/resources/win32/components/wch/toolchain/risc-v embedded gcc12/bin/../lib/gcc/riscv-wch-elf/12.2.0/../../../../riscv-wch-elf/lib/rv32imac_xw/ilp32\libg_nano.a(lib_a-findfp.o)
                0x000000000000d3f8                __sinit
 .text.__sfp    0x000000000000d46a       0xb0 d:/mounriver/mounriver_studio2/resources/app/resources/win32/components/wch/toolchain/risc-v embedded gcc12/bin/../lib/gcc/riscv-wch-elf/12.2.0/../../../../riscv-wch-elf/lib/rv32imac_xw/ilp32\libg_nano.a(lib_a-findfp.o)
                0x000000000000d46a                __sfp
 .text._fwalk_reent
                0x000000000000d51a       0x68 d:/mounriver/mounriver_studio2/resources/app/resources/win32/components/wch/toolchain/risc-v embedded gcc12/bin/../lib/gcc/riscv-wch-elf/12.2.0/../../../../riscv-wch-elf/lib/rv32imac_xw/ilp32\libg_nano.a(lib_a-fwalk.o)
                0x000000000000d51a                _fwalk_reent
 .text.__retarget_lock_init_recursive
                0x000000000000d582        0x2 d:/mounriver/mounriver_studio2/resources/app/resources/win32/components/wch/toolchain/risc-v embedded gcc12/bin/../lib/gcc/riscv-wch-elf/12.2.0/../../../../riscv-wch-elf/lib/rv32imac_xw/ilp32\libg_nano.a(lib_a-lock.o)
                0x000000000000d582                __retarget_lock_init_recursive
 .text.__retarget_lock_acquire_recursive
                0x000000000000d584        0x2 d:/mounriver/mounriver_studio2/resources/app/resources/win32/components/wch/toolchain/risc-v embedded gcc12/bin/../lib/gcc/riscv-wch-elf/12.2.0/../../../../riscv-wch-elf/lib/rv32imac_xw/ilp32\libg_nano.a(lib_a-lock.o)
                0x000000000000d584                __retarget_lock_acquire_recursive
 .text.__retarget_lock_release_recursive
                0x000000000000d586        0x2 d:/mounriver/mounriver_studio2/resources/app/resources/win32/components/wch/toolchain/risc-v embedded gcc12/bin/../lib/gcc/riscv-wch-elf/12.2.0/../../../../riscv-wch-elf/lib/rv32imac_xw/ilp32\libg_nano.a(lib_a-lock.o)
                0x000000000000d586                __retarget_lock_release_recursive
 .text.__swhatbuf_r
                0x000000000000d588       0x58 d:/mounriver/mounriver_studio2/resources/app/resources/win32/components/wch/toolchain/risc-v embedded gcc12/bin/../lib/gcc/riscv-wch-elf/12.2.0/../../../../riscv-wch-elf/lib/rv32imac_xw/ilp32\libg_nano.a(lib_a-makebuf.o)
                0x000000000000d588                __swhatbuf_r
 .text.__smakebuf_r
                0x000000000000d5e0       0x96 d:/mounriver/mounriver_studio2/resources/app/resources/win32/components/wch/toolchain/risc-v embedded gcc12/bin/../lib/gcc/riscv-wch-elf/12.2.0/../../../../riscv-wch-elf/lib/rv32imac_xw/ilp32\libg_nano.a(lib_a-makebuf.o)
                0x000000000000d5e0                __smakebuf_r
 .text._malloc_usable_size_r
                0x000000000000d676       0x14 d:/mounriver/mounriver_studio2/resources/app/resources/win32/components/wch/toolchain/risc-v embedded gcc12/bin/../lib/gcc/riscv-wch-elf/12.2.0/../../../../riscv-wch-elf/lib/rv32imac_xw/ilp32\libg_nano.a(lib_a-nano-msizer.o)
                0x000000000000d676                _malloc_usable_size_r
 .text._raise_r
                0x000000000000d68a       0x60 d:/mounriver/mounriver_studio2/resources/app/resources/win32/components/wch/toolchain/risc-v embedded gcc12/bin/../lib/gcc/riscv-wch-elf/12.2.0/../../../../riscv-wch-elf/lib/rv32imac_xw/ilp32\libg_nano.a(lib_a-signal.o)
                0x000000000000d68a                _raise_r
 .text.raise    0x000000000000d6ea        0xa d:/mounriver/mounriver_studio2/resources/app/resources/win32/components/wch/toolchain/risc-v embedded gcc12/bin/../lib/gcc/riscv-wch-elf/12.2.0/../../../../riscv-wch-elf/lib/rv32imac_xw/ilp32\libg_nano.a(lib_a-signal.o)
                0x000000000000d6ea                raise
 .text._kill_r  0x000000000000d6f4       0x28 d:/mounriver/mounriver_studio2/resources/app/resources/win32/components/wch/toolchain/risc-v embedded gcc12/bin/../lib/gcc/riscv-wch-elf/12.2.0/../../../../riscv-wch-elf/lib/rv32imac_xw/ilp32\libg_nano.a(lib_a-signalr.o)
                0x000000000000d6f4                _kill_r
 .text._getpid_r
                0x000000000000d71c        0x2 d:/mounriver/mounriver_studio2/resources/app/resources/win32/components/wch/toolchain/risc-v embedded gcc12/bin/../lib/gcc/riscv-wch-elf/12.2.0/../../../../riscv-wch-elf/lib/rv32imac_xw/ilp32\libg_nano.a(lib_a-signalr.o)
                0x000000000000d71c                _getpid_r
 .text.__sread  0x000000000000d71e       0x2c d:/mounriver/mounriver_studio2/resources/app/resources/win32/components/wch/toolchain/risc-v embedded gcc12/bin/../lib/gcc/riscv-wch-elf/12.2.0/../../../../riscv-wch-elf/lib/rv32imac_xw/ilp32\libg_nano.a(lib_a-stdio.o)
                0x000000000000d71e                __sread
 .text.__swrite
                0x000000000000d74a       0x48 d:/mounriver/mounriver_studio2/resources/app/resources/win32/components/wch/toolchain/risc-v embedded gcc12/bin/../lib/gcc/riscv-wch-elf/12.2.0/../../../../riscv-wch-elf/lib/rv32imac_xw/ilp32\libg_nano.a(lib_a-stdio.o)
                0x000000000000d74a                __swrite
 .text.__sseek  0x000000000000d792       0x30 d:/mounriver/mounriver_studio2/resources/app/resources/win32/components/wch/toolchain/risc-v embedded gcc12/bin/../lib/gcc/riscv-wch-elf/12.2.0/../../../../riscv-wch-elf/lib/rv32imac_xw/ilp32\libg_nano.a(lib_a-stdio.o)
                0x000000000000d792                __sseek
 .text.__sclose
                0x000000000000d7c2        0x6 d:/mounriver/mounriver_studio2/resources/app/resources/win32/components/wch/toolchain/risc-v embedded gcc12/bin/../lib/gcc/riscv-wch-elf/12.2.0/../../../../riscv-wch-elf/lib/rv32imac_xw/ilp32\libg_nano.a(lib_a-stdio.o)
                0x000000000000d7c2                __sclose
 .text._write_r
                0x000000000000d7c8       0x2c d:/mounriver/mounriver_studio2/resources/app/resources/win32/components/wch/toolchain/risc-v embedded gcc12/bin/../lib/gcc/riscv-wch-elf/12.2.0/../../../../riscv-wch-elf/lib/rv32imac_xw/ilp32\libg_nano.a(lib_a-writer.o)
                0x000000000000d7c8                _write_r
 .text._close_r
                0x000000000000d7f4       0x26 d:/mounriver/mounriver_studio2/resources/app/resources/win32/components/wch/toolchain/risc-v embedded gcc12/bin/../lib/gcc/riscv-wch-elf/12.2.0/../../../../riscv-wch-elf/lib/rv32imac_xw/ilp32\libg_nano.a(lib_a-closer.o)
                0x000000000000d7f4                _close_r
 .text._fstat_r
                0x000000000000d81a       0x28 d:/mounriver/mounriver_studio2/resources/app/resources/win32/components/wch/toolchain/risc-v embedded gcc12/bin/../lib/gcc/riscv-wch-elf/12.2.0/../../../../riscv-wch-elf/lib/rv32imac_xw/ilp32\libg_nano.a(lib_a-fstatr.o)
                0x000000000000d81a                _fstat_r
 .text._isatty_r
                0x000000000000d842       0x26 d:/mounriver/mounriver_studio2/resources/app/resources/win32/components/wch/toolchain/risc-v embedded gcc12/bin/../lib/gcc/riscv-wch-elf/12.2.0/../../../../riscv-wch-elf/lib/rv32imac_xw/ilp32\libg_nano.a(lib_a-isattyr.o)
                0x000000000000d842                _isatty_r
 .text._lseek_r
                0x000000000000d868       0x2a d:/mounriver/mounriver_studio2/resources/app/resources/win32/components/wch/toolchain/risc-v embedded gcc12/bin/../lib/gcc/riscv-wch-elf/12.2.0/../../../../riscv-wch-elf/lib/rv32imac_xw/ilp32\libg_nano.a(lib_a-lseekr.o)
                0x000000000000d868                _lseek_r
 .text._read_r  0x000000000000d892       0x2a d:/mounriver/mounriver_studio2/resources/app/resources/win32/components/wch/toolchain/risc-v embedded gcc12/bin/../lib/gcc/riscv-wch-elf/12.2.0/../../../../riscv-wch-elf/lib/rv32imac_xw/ilp32\libg_nano.a(lib_a-readr.o)
                0x000000000000d892                _read_r
 .text.__eqdf2  0x000000000000d8bc       0x6c d:/mounriver/mounriver_studio2/resources/app/resources/win32/components/wch/toolchain/risc-v embedded gcc12/bin/../lib/gcc/riscv-wch-elf/12.2.0/rv32imac_xw/ilp32\libgcc.a(eqdf2.o)
                0x000000000000d8bc                __nedf2
                0x000000000000d8bc                __eqdf2
 .text.__gedf2  0x000000000000d928       0xbe d:/mounriver/mounriver_studio2/resources/app/resources/win32/components/wch/toolchain/risc-v embedded gcc12/bin/../lib/gcc/riscv-wch-elf/12.2.0/rv32imac_xw/ilp32\libgcc.a(gedf2.o)
                0x000000000000d928                __gedf2
                0x000000000000d928                __gtdf2
 .text.__unorddf2
                0x000000000000d9e6       0x3e d:/mounriver/mounriver_studio2/resources/app/resources/win32/components/wch/toolchain/risc-v embedded gcc12/bin/../lib/gcc/riscv-wch-elf/12.2.0/rv32imac_xw/ilp32\libgcc.a(unorddf2.o)
                0x000000000000d9e6                __unorddf2
 .text.__floatunsidf
                0x000000000000da24       0x70 d:/mounriver/mounriver_studio2/resources/app/resources/win32/components/wch/toolchain/risc-v embedded gcc12/bin/../lib/gcc/riscv-wch-elf/12.2.0/rv32imac_xw/ilp32\libgcc.a(floatunsidf.o)
                0x000000000000da24                __floatunsidf
 .text.__truncdfsf2
                0x000000000000da94      0x16c d:/mounriver/mounriver_studio2/resources/app/resources/win32/components/wch/toolchain/risc-v embedded gcc12/bin/../lib/gcc/riscv-wch-elf/12.2.0/rv32imac_xw/ilp32\libgcc.a(truncdfsf2.o)
                0x000000000000da94                __truncdfsf2
 .text._close   0x000000000000dc00        0xc d:/mounriver/mounriver_studio2/resources/app/resources/win32/components/wch/toolchain/risc-v embedded gcc12/bin/../lib/gcc/riscv-wch-elf/12.2.0/../../../../riscv-wch-elf/lib/rv32imac_xw/ilp32\libnosys.a(close.o)
                0x000000000000dc00                _close
 .text._fstat   0x000000000000dc0c        0xc d:/mounriver/mounriver_studio2/resources/app/resources/win32/components/wch/toolchain/risc-v embedded gcc12/bin/../lib/gcc/riscv-wch-elf/12.2.0/../../../../riscv-wch-elf/lib/rv32imac_xw/ilp32\libnosys.a(fstat.o)
                0x000000000000dc0c                _fstat
 .text._getpid  0x000000000000dc18        0xc d:/mounriver/mounriver_studio2/resources/app/resources/win32/components/wch/toolchain/risc-v embedded gcc12/bin/../lib/gcc/riscv-wch-elf/12.2.0/../../../../riscv-wch-elf/lib/rv32imac_xw/ilp32\libnosys.a(getpid.o)
                0x000000000000dc18                _getpid
 .text._isatty  0x000000000000dc24        0xc d:/mounriver/mounriver_studio2/resources/app/resources/win32/components/wch/toolchain/risc-v embedded gcc12/bin/../lib/gcc/riscv-wch-elf/12.2.0/../../../../riscv-wch-elf/lib/rv32imac_xw/ilp32\libnosys.a(isatty.o)
                0x000000000000dc24                _isatty
 .text._kill    0x000000000000dc30        0xc d:/mounriver/mounriver_studio2/resources/app/resources/win32/components/wch/toolchain/risc-v embedded gcc12/bin/../lib/gcc/riscv-wch-elf/12.2.0/../../../../riscv-wch-elf/lib/rv32imac_xw/ilp32\libnosys.a(kill.o)
                0x000000000000dc30                _kill
 .text._lseek   0x000000000000dc3c        0xc d:/mounriver/mounriver_studio2/resources/app/resources/win32/components/wch/toolchain/risc-v embedded gcc12/bin/../lib/gcc/riscv-wch-elf/12.2.0/../../../../riscv-wch-elf/lib/rv32imac_xw/ilp32\libnosys.a(lseek.o)
                0x000000000000dc3c                _lseek
 .text._read    0x000000000000dc48        0xc d:/mounriver/mounriver_studio2/resources/app/resources/win32/components/wch/toolchain/risc-v embedded gcc12/bin/../lib/gcc/riscv-wch-elf/12.2.0/../../../../riscv-wch-elf/lib/rv32imac_xw/ilp32\libnosys.a(read.o)
                0x000000000000dc48                _read
 .text._exit    0x000000000000dc54        0x2 d:/mounriver/mounriver_studio2/resources/app/resources/win32/components/wch/toolchain/risc-v embedded gcc12/bin/../lib/gcc/riscv-wch-elf/12.2.0/../../../../riscv-wch-elf/lib/rv32imac_xw/ilp32\libnosys.a(_exit.o)
                0x000000000000dc54                _exit
 *(.rodata)
 *fill*         0x000000000000dc56        0x2 
 .rodata        0x000000000000dc58       0x10 ./Hardware/Src/ArmKinematics.o
 *(.rodata*)
 .rodata.main.str1.4
                0x000000000000dc68      0x30b ./User/main.o
 *fill*         0x000000000000df73        0x1 
 .rodata.Arm_SetJointAngles.str1.4
                0x000000000000df74       0x5f ./Hardware/Src/ArmKinematics.o
 *fill*         0x000000000000dfd3        0x1 
 .rodata.Arm_MoveToXYZ.str1.4
                0x000000000000dfd4       0x2d ./Hardware/Src/ArmKinematics.o
 *fill*         0x000000000000e001        0x3 
 .rodata.Arm_Init.str1.4
                0x000000000000e004       0x88 ./Hardware/Src/ArmKinematics.o
 .rodata.Arm_GripOpen.str1.4
                0x000000000000e08c       0x24 ./Hardware/Src/ArmKinematics.o
 .rodata.Arm_GripClose.str1.4
                0x000000000000e0b0       0x11 ./Hardware/Src/ArmKinematics.o
 *fill*         0x000000000000e0c1        0x3 
 .rodata.Arm_SetServoAngle.str1.4
                0x000000000000e0c4       0x63 ./Hardware/Src/ArmKinematics.o
 *fill*         0x000000000000e127        0x1 
 .rodata.Arm_ProcessHostCommand.str1.4
                0x000000000000e128      0x350 ./Hardware/Src/ArmKinematics.o
                                        0x354 (size before relaxing)
 .rodata.AStar_ExecutePathSteps.str1.4
                0x000000000000e478      0x151 ./Hardware/Src/Astar.o
 *fill*         0x000000000000e5c9        0x3 
 .rodata.expandnode.str1.4
                0x000000000000e5cc      0x158 ./Hardware/Src/Astar.o
 .rodata.AStar_plan.str1.4
                0x000000000000e724       0xd4 ./Hardware/Src/Astar.o
 .rodata.AStar_ExecutePath.str1.4
                0x000000000000e7f8       0x2e ./Hardware/Src/Astar.o
 *fill*         0x000000000000e826        0x2 
 .rodata.AStar_RunMode.str1.4
                0x000000000000e828       0x6e ./Hardware/Src/Astar.o
 *fill*         0x000000000000e896        0x2 
 .rodata.g_direction
                0x000000000000e898       0x40 ./Hardware/Src/Astar.o
                0x000000000000e898                g_direction
 .rodata.s_fixed_obstacle_map
                0x000000000000e8d8       0x31 ./Hardware/Src/Astar.o
 *fill*         0x000000000000e909        0x3 
 .rodata.BluetoothControl_DebugStatus.str1.4
                0x000000000000e90c       0xa7 ./Hardware/Src/BluetoothControl.o
 *fill*         0x000000000000e9b3        0x1 
 .rodata.BluetoothControl_Process.str1.4
                0x000000000000e9b4      0x17b ./Hardware/Src/BluetoothControl.o
                                        0x17f (size before relaxing)
 *fill*         0x000000000000eb2f        0x1 
 .rodata.Motor_TurnToYaw.str1.4
                0x000000000000eb30       0x3a ./Hardware/Src/Motor.o
 *fill*         0x000000000000eb6a        0x2 
 .rodata.forward_dis.str1.4
                0x000000000000eb6c       0x45 ./Hardware/Src/Motor.o
 *fill*         0x000000000000ebb1        0x3 
 .rodata.Motor_TurnToYawCommand.str1.4
                0x000000000000ebb4       0x50 ./Hardware/Src/Motor.o
 .rodata.car_move.str1.4
                0x000000000000ec04       0x8b ./Hardware/Src/Motor.o
                                         0x9f (size before relaxing)
 *fill*         0x000000000000ec8f        0x1 
 .rodata.car_turn.str1.4
                0x000000000000ec90       0x60 ./Hardware/Src/Motor.o
 .rodata.car_return.str1.4